SM86_PROXY_LOADED=YES
File 'D:\ProjectDllsss\experiments\streamline-mfg-capability\runtime/sl.common.dll' is signed by NVIDIA and the signature was verified.
File 'D:\ProjectDllsss\experiments\streamline-mfg-capability\runtime/sl.dlss_g.dll' is signed by NVIDIA and the signature was verified.
File 'D:\ProjectDllsss\experiments\streamline-mfg-capability\runtime/sl.pcl.dll' is signed by NVIDIA and the signature was verified.
File 'D:\ProjectDllsss\experiments\streamline-mfg-capability\runtime/sl.reflex.dll' is signed by NVIDIA and the signature was verified.
STREAMLINE_INIT_RESULT=0
HRESULT=0x0
HRESULT=0x0
HRESULT=0x0
GPU_NAME=NVIDIA GeForce RTX 3050 Ti Laptop GPU
ADAPTER_LUID=4c29010000000000
HRESULT=0x0
SL_SET_D3D_DEVICE_RESULT=0
DEVICE_PROXY_RESULT=0
HRESULT=0x0
HRESULT=0x0
FACTORY_PROXY_RESULT=0
HRESULT=0x0
HRESULT=0x0
SWAPCHAIN_CREATED=YES
STREAMLINE_PRESENT_MODEL=PROXY_SWAPCHAIN
HRESULT=0x0
HRESULT=0x0
HRESULT=0x0
HRESULT=0x0
HRESULT=0x0
HRESULT=0x0
HRESULT=0x0
HRESULT=0x0
HRESULT=0x0
HRESULT=0x0
HRESULT=0x0
HRESULT=0x0
HRESULT=0x0
HRESULT=0x0
DLSSG_FEATURE_SUPPORT_RESULT=0
slDLSSGGetState=0
slDLSSGSetOptions=0
slReflexSetOptions=0
slReflexSleep=0
slPCLSetMarker=0
REFLEX_OPTIONS_RESULT=0
SET_OPTIONS_2_RESULT=0
TOKEN_RESULT=0
REFLEX_SLEEP_RESULT=0
SIM_BEGIN_RESULT=0
CONSTANTS_RESULT=0
SIM_END_RESULT=0
RENDER_BEGIN_RESULT=0
HRESULT=0x0
HRESULT=0x0
HRESULT=0x0
HRESULT=0x0
TAGS_RESULT=0
RENDER_END_RESULT=0
PRESENT_BEGIN_RESULT=0
HRESULT=0x887a0001
FAIL_STAGE=PRESENT
ERROR=D3D12/DXGI failure
DEVICE_REMOVED_REASON=0
HRESULT=0x0
STREAMLINE_SHUTDOWN_RESULT=0
