SM86_PROXY_LOADED=YES
File 'D:\ProjectDllsss\experiments\streamline-mfg-capability\runtime/sl.common.dll' is signed by NVIDIA and the signature was verified.
File 'D:\ProjectDllsss\experiments\streamline-mfg-capability\runtime/sl.dlss_g.dll' is signed by NVIDIA and the signature was verified.
File 'D:\ProjectDllsss\experiments\streamline-mfg-capability\runtime/sl.pcl.dll' is signed by NVIDIA and the signature was verified.
File 'D:\ProjectDllsss\experiments\streamline-mfg-capability\runtime/sl.reflex.dll' is signed by NVIDIA and the signature was verified.
STREAMLINE_INIT_RESULT=0
HRESULT=0x0
HRESULT=0x0
HRESULT=0x0
GPU_NAME=NVIDIA GeForce RTX 3050 Ti Laptop GPU
ADAPTER_LUID=4c29010000000000
HRESULT=0x0
SL_SET_D3D_DEVICE_RESULT=0
DEVICE_PROXY_RESULT=0
HRESULT=0x0
HRESULT=0x0
FACTORY_PROXY_RESULT=0
FACTORY_PROXY_ACTIVE=YES
HRESULT=0x0
HRESULT=0x0
SWAPCHAIN_CREATED=YES
STREAMLINE_PRESENT_MODEL=PROXY_SWAPCHAIN
HRESULT=0x0
HRESULT=0x0
HRESULT=0x0
HRESULT=0x0
HRESULT=0x0
HRESULT=0x0
HRESULT=0x0
HRESULT=0x0
HRESULT=0x0
HRESULT=0x0
HRESULT=0x0
HRESULT=0x0
HRESULT=0x0
HRESULT=0x0
DLSSG_ENABLED=NO
SWAPCHAIN_NATIVE_QUERY_RESULT=0
SWAPCHAIN_PROXY_ACTIVE=YES
HRESULT=0x0
HRESULT=0x0
HRESULT=0x0
HRESULT=0x0
FIRST_PRESENT_HRESULT=0x0
HRESULT=0x0
REAL_PRESENT frame=0
HRESULT=0x0
HRESULT=0x0
HRESULT=0x0
HRESULT=0x0
HRESULT=0x0
REAL_PRESENT frame=1
HRESULT=0x0
HRESULT=0x0
HRESULT=0x0
HRESULT=0x0
HRESULT=0x0
REAL_PRESENT frame=2
HRESULT=0x0
HRESULT=0x0
HRESULT=0x0
HRESULT=0x0
HRESULT=0x0
REAL_PRESENT frame=3
HRESULT=0x0
HRESULT=0x0
HRESULT=0x0
HRESULT=0x0
HRESULT=0x0
REAL_PRESENT frame=4
HRESULT=0x0
HRESULT=0x0
HRESULT=0x0
HRESULT=0x0
HRESULT=0x0
REAL_PRESENT frame=5
HRESULT=0x0
HRESULT=0x0
HRESULT=0x0
HRESULT=0x0
HRESULT=0x0
REAL_PRESENT frame=6
HRESULT=0x0
HRESULT=0x0
HRESULT=0x0
HRESULT=0x0
HRESULT=0x0
REAL_PRESENT frame=7
HRESULT=0x0
HRESULT=0x0
HRESULT=0x0
HRESULT=0x0
HRESULT=0x0
REAL_PRESENT frame=8
HRESULT=0x0
HRESULT=0x0
HRESULT=0x0
HRESULT=0x0
HRESULT=0x0
REAL_PRESENT frame=9
HRESULT=0x0
HRESULT=0x0
HRESULT=0x0
HRESULT=0x0
HRESULT=0x0
REAL_PRESENT frame=10
HRESULT=0x0
HRESULT=0x0
HRESULT=0x0
HRESULT=0x0
HRESULT=0x0
REAL_PRESENT frame=11
HRESULT=0x0
HRESULT=0x0
HRESULT=0x0
HRESULT=0x0
HRESULT=0x0
REAL_PRESENT frame=12
HRESULT=0x0
HRESULT=0x0
HRESULT=0x0
HRESULT=0x0
HRESULT=0x0
REAL_PRESENT frame=13
HRESULT=0x0
HRESULT=0x0
HRESULT=0x0
HRESULT=0x0
HRESULT=0x0
REAL_PRESENT frame=14
HRESULT=0x0
HRESULT=0x0
HRESULT=0x0
HRESULT=0x0
HRESULT=0x0
REAL_PRESENT frame=15
HRESULT=0x0
HRESULT=0x0
HRESULT=0x0
HRESULT=0x0
HRESULT=0x0
REAL_PRESENT frame=16
HRESULT=0x0
HRESULT=0x0
HRESULT=0x0
HRESULT=0x0
HRESULT=0x0
REAL_PRESENT frame=17
HRESULT=0x0
HRESULT=0x0
HRESULT=0x0
HRESULT=0x0
HRESULT=0x0
REAL_PRESENT frame=18
HRESULT=0x0
HRESULT=0x0
HRESULT=0x0
HRESULT=0x0
HRESULT=0x0
REAL_PRESENT frame=19
HRESULT=0x0
HRESULT=0x0
HRESULT=0x0
HRESULT=0x0
HRESULT=0x0
REAL_PRESENT frame=20
HRESULT=0x0
HRESULT=0x0
HRESULT=0x0
HRESULT=0x0
HRESULT=0x0
REAL_PRESENT frame=21
HRESULT=0x0
HRESULT=0x0
HRESULT=0x0
HRESULT=0x0
HRESULT=0x0
REAL_PRESENT frame=22
HRESULT=0x0
HRESULT=0x0
HRESULT=0x0
HRESULT=0x0
HRESULT=0x0
REAL_PRESENT frame=23
HRESULT=0x0
HRESULT=0x0
HRESULT=0x0
HRESULT=0x0
HRESULT=0x0
REAL_PRESENT frame=24
HRESULT=0x0
HRESULT=0x0
HRESULT=0x0
HRESULT=0x0
HRESULT=0x0
REAL_PRESENT frame=25
HRESULT=0x0
HRESULT=0x0
HRESULT=0x0
HRESULT=0x0
HRESULT=0x0
REAL_PRESENT frame=26
HRESULT=0x0
HRESULT=0x0
HRESULT=0x0
HRESULT=0x0
HRESULT=0x0
REAL_PRESENT frame=27
HRESULT=0x0
HRESULT=0x0
HRESULT=0x0
HRESULT=0x0
HRESULT=0x0
REAL_PRESENT frame=28
HRESULT=0x0
HRESULT=0x0
HRESULT=0x0
HRESULT=0x0
HRESULT=0x0
REAL_PRESENT frame=29
HRESULT=0x0
DEVICE_REMOVED_REASON=0
LOADED_MODULE=D:\ProjectDllsss\builds\experimental\streamline-mfg-x3\streamline_mfg_x3.exe
LOADED_MODULE=C:\WINDOWS\SYSTEM32\ntdll.dll
LOADED_MODULE=C:\WINDOWS\System32\KERNEL32.DLL
LOADED_MODULE=C:\WINDOWS\System32\KERNELBASE.dll
LOADED_MODULE=C:\WINDOWS\System32\USER32.dll
LOADED_MODULE=C:\WINDOWS\System32\win32u.dll
LOADED_MODULE=C:\WINDOWS\System32\GDI32.dll
LOADED_MODULE=C:\WINDOWS\SYSTEM32\D3DCOMPILER_47.dll
LOADED_MODULE=C:\WINDOWS\SYSTEM32\d3d12.dll
LOADED_MODULE=C:\WINDOWS\SYSTEM32\dxgi.dll
LOADED_MODULE=C:\WINDOWS\System32\ucrtbase.dll
LOADED_MODULE=C:\WINDOWS\System32\gdi32full.dll
LOADED_MODULE=C:\WINDOWS\System32\msvcp_win.dll
LOADED_MODULE=C:\WINDOWS\System32\RPCRT4.dll
LOADED_MODULE=C:\WINDOWS\SYSTEM32\powrprof.dll
LOADED_MODULE=C:\WINDOWS\SYSTEM32\VCRUNTIME140.dll
LOADED_MODULE=C:\WINDOWS\SYSTEM32\MSVCP140.dll
LOADED_MODULE=C:\WINDOWS\SYSTEM32\VCRUNTIME140_1.dll
LOADED_MODULE=C:\WINDOWS\SYSTEM32\cryptsp.dll
LOADED_MODULE=C:\WINDOWS\SYSTEM32\UMPDC.dll
LOADED_MODULE=C:\WINDOWS\System32\IMM32.DLL
LOADED_MODULE=D:\ProjectDllsss\experiments\streamline-mfg-capability\runtime\component\version.dll
LOADED_MODULE=C:\WINDOWS\SYSTEM32\bcrypt.dll
LOADED_MODULE=C:\WINDOWS\System32\sechost.dll
LOADED_MODULE=C:\WINDOWS\system32\version.dll
LOADED_MODULE=C:\WINDOWS\System32\msvcrt.dll
LOADED_MODULE=D:\ProjectDllsss\experiments\streamline-mfg-capability\runtime\sl.interposer.dll
LOADED_MODULE=C:\WINDOWS\System32\ADVAPI32.dll
LOADED_MODULE=C:\WINDOWS\System32\SHELL32.dll
LOADED_MODULE=C:\WINDOWS\System32\ole32.dll
LOADED_MODULE=C:\WINDOWS\SYSTEM32\dbghelp.dll
LOADED_MODULE=C:\WINDOWS\System32\combase.dll
LOADED_MODULE=C:\WINDOWS\System32\OLEAUT32.dll
LOADED_MODULE=C:\WINDOWS\SYSTEM32\dbgcore.DLL
LOADED_MODULE=C:\WINDOWS\SYSTEM32\kernel.appcore.dll
LOADED_MODULE=C:\WINDOWS\SYSTEM32\windows.storage.dll
LOADED_MODULE=C:\WINDOWS\System32\SHCORE.dll
LOADED_MODULE=C:\WINDOWS\System32\shlwapi.dll
LOADED_MODULE=C:\WINDOWS\SYSTEM32\profapi.dll
LOADED_MODULE=C:\WINDOWS\SYSTEM32\msasn1.dll
LOADED_MODULE=C:\WINDOWS\SYSTEM32\cryptnet.dll
LOADED_MODULE=C:\WINDOWS\System32\CRYPT32.dll
LOADED_MODULE=C:\WINDOWS\SYSTEM32\drvstore.dll
LOADED_MODULE=C:\WINDOWS\SYSTEM32\devobj.dll
LOADED_MODULE=C:\WINDOWS\SYSTEM32\cfgmgr32.dll
LOADED_MODULE=C:\WINDOWS\SYSTEM32\wldp.dll
LOADED_MODULE=C:\WINDOWS\SYSTEM32\cryptbase.dll
LOADED_MODULE=C:\WINDOWS\SYSTEM32\nvapi64.dll
LOADED_MODULE=C:\WINDOWS\System32\SETUPAPI.dll
LOADED_MODULE=C:\WINDOWS\SYSTEM32\dxcore.dll
LOADED_MODULE=C:\WINDOWS\System32\wintrust.dll
LOADED_MODULE=C:\WINDOWS\system32\rsaenh.dll
LOADED_MODULE=C:\WINDOWS\System32\bcryptPrimitives.dll
LOADED_MODULE=C:\WINDOWS\System32\imagehlp.dll
LOADED_MODULE=C:\WINDOWS\SYSTEM32\gpapi.dll
LOADED_MODULE=C:\WINDOWS\SYSTEM32\IPHLPAPI.DLL
LOADED_MODULE=C:\WINDOWS\SYSTEM32\WINNSI.DLL
LOADED_MODULE=C:\WINDOWS\System32\NSI.dll
LOADED_MODULE=D:\ProjectDllsss\experiments\streamline-mfg-capability\runtime\sl.common.dll
LOADED_MODULE=C:\WINDOWS\SYSTEM32\directxdatabasehelper.dll
LOADED_MODULE=C:\WINDOWS\System32\DriverStore\FileRepository\nvlti.inf_amd64_af02d12a5c2283af\_nvngx.dll
LOADED_MODULE=C:\WINDOWS\SYSTEM32\ntmarta.dll
LOADED_MODULE=D:\ProjectDllsss\experiments\streamline-mfg-capability\runtime\bundle-cache\f041be503d3fe093468a799be4e6e15cbbb91fdde5aa3a1b9bef8985a18057b7\nvngx_dlssg.dll
LOADED_MODULE=D:\ProjectDllsss\experiments\streamline-mfg-capability\runtime\bundle-cache\f041be503d3fe093468a799be4e6e15cbbb91fdde5aa3a1b9bef8985a18057b7\sm86_backend.dll
LOADED_MODULE=C:\WINDOWS\SYSTEM32\nvcuda.dll
LOADED_MODULE=C:\WINDOWS\system32\DriverStore\FileRepository\nvlti.inf_amd64_af02d12a5c2283af\nvcuda64.dll
LOADED_MODULE=C:\WINDOWS\System32\DriverStore\FileRepository\nvlti.inf_amd64_af02d12a5c2283af\nvdxgdmal64.dll
LOADED_MODULE=D:\ProjectDllsss\experiments\streamline-mfg-capability\runtime\sl.pcl.dll
LOADED_MODULE=C:\WINDOWS\SYSTEM32\D3D12Core.dll
LOADED_MODULE=C:\WINDOWS\System32\DriverStore\FileRepository\nvlti.inf_amd64_af02d12a5c2283af\nvldumdx.dll
LOADED_MODULE=C:\WINDOWS\System32\DriverStore\FileRepository\nvlti.inf_amd64_af02d12a5c2283af\nvgpucomp64.dll
LOADED_MODULE=C:\WINDOWS\System32\DriverStore\FileRepository\nvlti.inf_amd64_af02d12a5c2283af\NvMemMapStoragex.dll
LOADED_MODULE=C:\WINDOWS\SYSTEM32\WINMM.dll
LOADED_MODULE=C:\WINDOWS\System32\DriverStore\FileRepository\nvlti.inf_amd64_af02d12a5c2283af\nvwgf2umx.dll
LOADED_MODULE=C:\WINDOWS\system32\nvspcap64.dll
LOADED_MODULE=C:\WINDOWS\system32\uxtheme.dll
LOADED_MODULE=C:\WINDOWS\System32\DriverStore\FileRepository\nvlti.inf_amd64_af02d12a5c2283af\nvppex.dll
LOADED_MODULE=C:\WINDOWS\SYSTEM32\D3DSCache.dll
LOADED_MODULE=C:\WINDOWS\SYSTEM32\USERENV.dll
LOADED_MODULE=C:\Program Files\NVIDIA Corporation\NvTelemetry\NvTelemetryAPI64.dll
LOADED_MODULE=C:\WINDOWS\System32\WS2_32.dll
LOADED_MODULE=C:\Program Files\NVIDIA Corporation\NvTelemetry\NvTelemetryBridge64.dll
LOADED_MODULE=D:\Programs File2\RivaTuner Statistics Server\RTSSHooks64.dll
LOADED_MODULE=C:\ProgramData\A-Volute\A-Volute.Nahimic\Modules\Scheduled\x64\AudioDevProps2.dll
LOADED_MODULE=C:\WINDOWS\SYSTEM32\apphelp.dll
LOADED_MODULE=C:\WINDOWS\System32\MSCTF.dll
LOADED_MODULE=C:\WINDOWS\SYSTEM32\d3d11.dll
LOADED_MODULE=C:\WINDOWS\System32\DriverStore\FileRepository\u0197843.inf_amd64_82ec9e2b79afe28f\B025592\aticfx64.dll
LOADED_MODULE=C:\WINDOWS\System32\DriverStore\FileRepository\u0197843.inf_amd64_82ec9e2b79afe28f\B025592\atiuxp64.dll
LOADED_MODULE=C:\WINDOWS\System32\DriverStore\FileRepository\u0197843.inf_amd64_82ec9e2b79afe28f\B025592\atidxx64.dll
LOADED_MODULE=C:\WINDOWS\SYSTEM32\amdihk64.dll
LOADED_MODULE=C:\WINDOWS\SYSTEM32\dcomp.dll
LOADED_MODULE=C:\WINDOWS\SYSTEM32\Microsoft.Internal.WarpPal.dll
LOADED_MODULE=C:\WINDOWS\SYSTEM32\dwmapi.dll
LOADED_MODULE=C:\WINDOWS\SYSTEM32\d3d11on12.dll
STREAMLINE_SHUTDOWN_RESULT=0
NORMAL_SHUTDOWN=YES
FAIL_STAGE=NONE
