[streamline][info]log.cpp:131[logva] Log file D:\ProjectDllsss\logs\research\streamline-mfg-x3\20261004-base-present\sl.log opened on 04.10.2026 at 19-42-31
[19-42-31][streamline][info][tid:240048][0s:003ms:143us]pluginManager.cpp:423[setHostSDKVersion] Streamline v2.12.0.17026aaf3 - built on Mon Jun 22 13:03:05 2026 - host SDK v2.12.0
[19-42-32][streamline][info][tid:240048][0s:421ms:247us]pluginManager.cpp:538[findPlugins] Looking for plugins in D:\ProjectDllsss\experiments\streamline-mfg-capability\runtime ...
[19-42-32][streamline][info][tid:240048][0s:421ms:479us]pluginManager.cpp:1024[loadPlugins] eLoadDownloadedPlugins flag not passed to preferences, OTA'd plugins will not be loaded!
[19-42-32][streamline][info][tid:240048][0s:554ms:948us]plugin.cpp:94[isAppDenylisted] Plugin path: D:\ProjectDllsss\experiments\streamline-mfg-capability\runtime\
[19-42-32][streamline][info][tid:240048][0s:564ms:642us]plugin.cpp:110[isAppDenylisted] Plugin is not from OTA - denylist does not apply
[19-42-32][streamline][info][tid:240048][0s:564ms:737us]commonInterface.cpp:168[getSystemCaps] Enumerating up to 8 adapters but only one of them can be used to create a device - no mGPU support in this SDK
[19-42-32][streamline][info][tid:240048][0s:600ms:426us]commonInterface.cpp:290[getSystemCaps] >-----------------------------------------
[19-42-32][streamline][info][tid:240048][0s:600ms:515us]commonInterface.cpp:293[getSystemCaps] NVIDIA driver 596.49
[19-42-32][streamline][info][tid:240048][0s:612ms:699us]commonInterface.cpp:318[getSystemCaps] Adapter 0 architecture 0x170 implementation 0x7 revision 0xa1 - bit 0x1 - LUID 0.76108
[19-42-32][streamline][info][tid:240048][0s:612ms:774us]commonInterface.cpp:324[getSystemCaps] -----------------------------------------<
[19-42-32][streamline][info][tid:240048][0s:613ms:423us]commonEntry.cpp:1944[getOSVersionAndUpdateTimerResolution] Changed high resolution timer resolution to 5000 [100 ns units].
[19-42-32][streamline][info][tid:240048][0s:613ms:475us]commonEntry.cpp:2023[updateEmbeddedJSON] Detected Windows OS version 10.0.26200
[19-42-32][streamline][info][tid:240048][0s:613ms:642us]pluginManager.cpp:883[mapPlugins] Loaded plugin 'sl.common' - version 2.12.0.17026aaf3 PRODUCTION - id 4294967295 - priority 0 - adapter mask 0xf - interposer 'no'
[19-42-34][streamline][info][tid:240048][2s:944ms:059us]commonEntry.cpp:999[getNGXFeatureRequirements] NGX feature 11 requirements - minOS 10.0.19041 minHW 0x170
[19-42-34][streamline][warn][tid:240048][2s:948ms:484us]pluginManager.cpp:780[mapPlugins] Ignoring plugin 'sl.dlss_g' since it is was not requested by the host
[19-42-34][streamline][info][tid:240048][2s:995ms:943us]pluginManager.cpp:883[mapPlugins] Loaded plugin 'sl.pcl' - version 2.12.0.17026aaf3 PRODUCTION - id 4 - priority 2 - adapter mask 0xf - interposer 'no'
[19-42-34][streamline][warn][tid:240048][3s:053ms:028us]pluginManager.cpp:780[mapPlugins] Ignoring plugin 'sl.reflex' since it is was not requested by the host
[19-42-34][streamline][info][tid:240048][3s:053ms:322us]pluginManager.cpp:1159[loadPlugins] Plugin execution order based on priority:
[19-42-34][streamline][info][tid:240048][3s:053ms:412us]pluginManager.cpp:1162[loadPlugins] P0 - sl.common
[19-42-34][streamline][info][tid:240048][3s:053ms:468us]pluginManager.cpp:1162[loadPlugins] P2 - sl.pcl
[19-42-35][streamline][info][tid:240048][4s:013ms:804us]pluginManager.cpp:1362[initializePlugins] Initializing plugins - api 0.0.1 - application ID 100721531
[19-42-35][streamline][info][tid:240048][4s:016ms:076us]commonEntry.cpp:1467[slOnPluginStartup] At least one plugin requires NGX, trying to initialize ...
[19-42-35][streamline][info][tid:240048][4s:017ms:189us]commonEntry.cpp:1267[ngxLog] [Unknown(32764)] [2026-10-04 19:42:35] [NGXSafeInitializeLog:148] App logging hooks successfully initialized

[19-42-35][streamline][info][tid:240048][4s:018ms:043us]commonEntry.cpp:1267[ngxLog] [Unknown(32765)] [2026-10-04 19:42:35] [NGXSafeInitializeLog:133] App logging hooks successfully initialized

[19-42-35][streamline][info][tid:240048][4s:053ms:393us]commonEntry.cpp:1267[ngxLog] [Unknown(32765)] [2026-10-04 19:42:35] [NGXGetPathUsingQAI:512] Path to driverStore found using QAI: C:\WINDOWS\System32\DriverStore\FileRepository\nvlti.inf_amd64_af02d12a5c2283af

[19-42-35][streamline][info][tid:240048][4s:053ms:671us]commonEntry.cpp:1267[ngxLog] [Unknown(32765)] [2026-10-04 19:42:35] [NGXGetPath:1045] using path for models: C:\ProgramData\NVIDIA\NGX\models

[19-42-36][streamline][info][tid:240048][4s:269ms:552us]commonEntry.cpp:1267[ngxLog] [Unknown(32765)] [2026-10-04 19:42:36] [ModifyExistingFolderDACL:211] updated access control list for NGX cache (NGX cache should now be usable by all authenticated users)

[19-42-36][streamline][info][tid:240048][4s:269ms:696us]commonEntry.cpp:1267[ngxLog] [Unknown(32765)] [2026-10-04 19:42:36] [NGXCreateModelsFolder:1072] model folder created: C:\ProgramData\NVIDIA\NGX\models

[19-42-36][streamline][info][tid:240048][4s:269ms:759us]commonEntry.cpp:1267[ngxLog] [Unknown(32765)] [2026-10-04 19:42:36] [NGXLoadConfig:1144] [dlss]

[19-42-36][streamline][info][tid:240048][4s:269ms:957us]commonEntry.cpp:1267[ngxLog] [Unknown(32765)] [2026-10-04 19:42:36] [NGXLoadConfig:1150] app_B9FEB50=1.0.108

[19-42-36][streamline][info][tid:240048][4s:270ms:059us]commonEntry.cpp:1267[ngxLog] [Unknown(32765)] [2026-10-04 19:42:36] [NGXLoadConfig:1150] app_B9FF4BC=1.0.108

[19-42-36][streamline][info][tid:240048][4s:270ms:135us]commonEntry.cpp:1267[ngxLog] [Unknown(32765)] [2026-10-04 19:42:36] [NGXLoadConfig:1150] app_B9FD524=1.0.108

[19-42-36][streamline][info][tid:240048][4s:270ms:481us]commonEntry.cpp:1267[ngxLog] [Unknown(32765)] [2026-10-04 19:42:36] [NGXLoadConfig:1150] app_B9DF510=1.3.106

[19-42-36][streamline][info][tid:240048][4s:270ms:563us]commonEntry.cpp:1267[ngxLog] [Unknown(32765)] [2026-10-04 19:42:36] [NGXLoadConfig:1150] app_B9CB0B8=1.0.108

[19-42-36][streamline][info][tid:240048][4s:270ms:666us]commonEntry.cpp:1267[ngxLog] [Unknown(32765)] [2026-10-04 19:42:36] [NGXLoadConfig:1150] app_B9E26B0=2.1.28

[19-42-36][streamline][info][tid:240048][4s:270ms:828us]commonEntry.cpp:1267[ngxLog] [Unknown(32765)] [2026-10-04 19:42:36] [NGXLoadConfig:1150] app_B9D48D0=1.0.108

[19-42-36][streamline][info][tid:240048][4s:270ms:896us]commonEntry.cpp:1267[ngxLog] [Unknown(32765)] [2026-10-04 19:42:36] [NGXLoadConfig:1150] app_E99B5EC=1.2.109

[19-42-36][streamline][info][tid:240048][4s:270ms:936us]commonEntry.cpp:1267[ngxLog] [Unknown(32765)] [2026-10-04 19:42:36] [NGXLoadConfig:1150] app_B9DFA64=1.0.108

[19-42-36][streamline][info][tid:240048][4s:270ms:970us]commonEntry.cpp:1267[ngxLog] [Unknown(32765)] [2026-10-04 19:42:36] [NGXLoadConfig:1150] app_B9FD6C0=1.0.108

[19-42-36][streamline][info][tid:240048][4s:271ms:003us]commonEntry.cpp:1267[ngxLog] [Unknown(32765)] [2026-10-04 19:42:36] [NGXLoadConfig:1150] app_B9CF688=2.2.15

[19-42-36][streamline][info][tid:240048][4s:271ms:036us]commonEntry.cpp:1267[ngxLog] [Unknown(32765)] [2026-10-04 19:42:36] [NGXLoadConfig:1150] app_B9D6F08=1.0.108

[19-42-36][streamline][info][tid:240048][4s:271ms:069us]commonEntry.cpp:1267[ngxLog] [Unknown(32765)] [2026-10-04 19:42:36] [NGXLoadConfig:1150] app_B9BF564=2.1.201

[19-42-36][streamline][info][tid:240048][4s:271ms:101us]commonEntry.cpp:1267[ngxLog] [Unknown(32765)] [2026-10-04 19:42:36] [NGXLoadConfig:1150] app_B9DB4F4=1.0.108

[19-42-36][streamline][info][tid:240048][4s:271ms:131us]commonEntry.cpp:1267[ngxLog] [Unknown(32765)] [2026-10-04 19:42:36] [NGXLoadConfig:1150] app_B9D2F5C=1.2.110

[19-42-36][streamline][info][tid:240048][4s:271ms:163us]commonEntry.cpp:1267[ngxLog] [Unknown(32765)] [2026-10-04 19:42:36] [NGXLoadConfig:1150] app_B9D7388=1.0.108

[19-42-36][streamline][info][tid:240048][4s:271ms:264us]commonEntry.cpp:1267[ngxLog] [Unknown(32765)] [2026-10-04 19:42:36] [NGXLoadConfig:1150] app_B9F5618=2.1.29

[19-42-36][streamline][info][tid:240048][4s:271ms:316us]commonEntry.cpp:1267[ngxLog] [Unknown(32765)] [2026-10-04 19:42:36] [NGXLoadConfig:1150] app_B9DAE68=1.2.109

[19-42-36][streamline][info][tid:240048][4s:271ms:830us]commonEntry.cpp:1267[ngxLog] [Unknown(32765)] [2026-10-04 19:42:36] [NGXLoadConfig:1150] app_B9D8C54=1.2.109

[19-42-36][streamline][info][tid:240048][4s:271ms:892us]commonEntry.cpp:1267[ngxLog] [Unknown(32765)] [2026-10-04 19:42:36] [NGXLoadConfig:1150] app_B9D3EF0=2.1.28

[19-42-36][streamline][info][tid:240048][4s:271ms:934us]commonEntry.cpp:1267[ngxLog] [Unknown(32765)] [2026-10-04 19:42:36] [NGXLoadConfig:1150] app_B9FACDC=2.1.201

[19-42-36][streamline][info][tid:240048][4s:271ms:970us]commonEntry.cpp:1267[ngxLog] [Unknown(32765)] [2026-10-04 19:42:36] [NGXLoadConfig:1150] app_F7361DC=2.1.28

[19-42-36][streamline][info][tid:240048][4s:272ms:006us]commonEntry.cpp:1267[ngxLog] [Unknown(32765)] [2026-10-04 19:42:36] [NGXLoadConfig:1150] app_B9C3560=2.1.201

[19-42-36][streamline][info][tid:240048][4s:272ms:078us]commonEntry.cpp:1267[ngxLog] [Unknown(32765)] [2026-10-04 19:42:36] [NGXLoadConfig:1150] app_B9B0430=2.1.28

[19-42-36][streamline][info][tid:240048][4s:272ms:118us]commonEntry.cpp:1267[ngxLog] [Unknown(32765)] [2026-10-04 19:42:36] [NGXLoadConfig:1150] app_E658702=0.0.0

[19-42-36][streamline][info][tid:240048][4s:272ms:151us]commonEntry.cpp:1267[ngxLog] [Unknown(32765)] [2026-10-04 19:42:36] [NGXLoadConfig:1150] app_E658701=0.0.0

[19-42-36][streamline][info][tid:240048][4s:272ms:183us]commonEntry.cpp:1267[ngxLog] [Unknown(32765)] [2026-10-04 19:42:36] [NGXLoadConfig:1150] app_E658700=310.9.0

[19-42-36][streamline][info][tid:240048][4s:272ms:269us]commonEntry.cpp:1267[ngxLog] [Unknown(32765)] [2026-10-04 19:42:36] [NGXLoadConfig:1150] app_B9393FC=2.1.201

[19-42-36][streamline][info][tid:240048][4s:272ms:306us]commonEntry.cpp:1267[ngxLog] [Unknown(32765)] [2026-10-04 19:42:36] [NGXLoadConfig:1144] [dlisp]

[19-42-36][streamline][info][tid:240048][4s:272ms:341us]commonEntry.cpp:1267[ngxLog] [Unknown(32765)] [2026-10-04 19:42:36] [NGXLoadConfig:1150] app_B9CF688=2.1.15

[19-42-36][streamline][info][tid:240048][4s:272ms:376us]commonEntry.cpp:1267[ngxLog] [Unknown(32765)] [2026-10-04 19:42:36] [NGXLoadConfig:1150] app_E99B5EC=1.2.102

[19-42-36][streamline][info][tid:240048][4s:272ms:410us]commonEntry.cpp:1267[ngxLog] [Unknown(32765)] [2026-10-04 19:42:36] [NGXLoadConfig:1150] app_E658703=310.0.0

[19-42-36][streamline][info][tid:240048][4s:272ms:457us]commonEntry.cpp:1267[ngxLog] [Unknown(32765)] [2026-10-04 19:42:36] [NGXLoadConfig:1150] app_B9D8C54=1.2.106

[19-42-36][streamline][info][tid:240048][4s:272ms:490us]commonEntry.cpp:1267[ngxLog] [Unknown(32765)] [2026-10-04 19:42:36] [NGXLoadConfig:1150] app_B9D2F5C=1.2.106

[19-42-36][streamline][info][tid:240048][4s:272ms:523us]commonEntry.cpp:1267[ngxLog] [Unknown(32765)] [2026-10-04 19:42:36] [NGXLoadConfig:1150] app_B9DF510=1.3.101

[19-42-36][streamline][info][tid:240048][4s:272ms:555us]commonEntry.cpp:1267[ngxLog] [Unknown(32765)] [2026-10-04 19:42:36] [NGXLoadConfig:1150] app_B9DAE68=1.2.106

[19-42-36][streamline][info][tid:240048][4s:272ms:896us]commonEntry.cpp:1267[ngxLog] [Unknown(32765)] [2026-10-04 19:42:36] [NGXLoadConfig:1144] [sl_sdk_0]

[19-42-36][streamline][info][tid:240048][4s:272ms:967us]commonEntry.cpp:1267[ngxLog] [Unknown(32765)] [2026-10-04 19:42:36] [NGXLoadConfig:1150] app_E658703=2.14.0

[19-42-36][streamline][info][tid:240048][4s:273ms:041us]commonEntry.cpp:1267[ngxLog] [Unknown(32765)] [2026-10-04 19:42:36] [NGXLoadConfig:1144] [sl_common_0]

[19-42-36][streamline][info][tid:240048][4s:273ms:172us]commonEntry.cpp:1267[ngxLog] [Unknown(32765)] [2026-10-04 19:42:36] [NGXLoadConfig:1144] [sl_deepdvc_0]

[19-42-36][streamline][info][tid:240048][4s:273ms:226us]commonEntry.cpp:1267[ngxLog] [Unknown(32765)] [2026-10-04 19:42:36] [NGXLoadConfig:1144] [sl_dlss_0]

[19-42-36][streamline][info][tid:240048][4s:273ms:284us]commonEntry.cpp:1267[ngxLog] [Unknown(32765)] [2026-10-04 19:42:36] [NGXLoadConfig:1144] [sl_dlss_d_0]

[19-42-36][streamline][info][tid:240048][4s:273ms:333us]commonEntry.cpp:1267[ngxLog] [Unknown(32765)] [2026-10-04 19:42:36] [NGXLoadConfig:1144] [sl_dlss_g_0]

[19-42-36][streamline][info][tid:240048][4s:273ms:388us]commonEntry.cpp:1267[ngxLog] [Unknown(32765)] [2026-10-04 19:42:36] [NGXLoadConfig:1144] [sl_nis_0]

[19-42-36][streamline][info][tid:240048][4s:273ms:437us]commonEntry.cpp:1267[ngxLog] [Unknown(32765)] [2026-10-04 19:42:36] [NGXLoadConfig:1144] [sl_deepdvc_override_0]

[19-42-36][streamline][info][tid:240048][4s:273ms:470us]commonEntry.cpp:1267[ngxLog] [Unknown(32765)] [2026-10-04 19:42:36] [NGXLoadConfig:1150] app_E658700=2.14.0

[19-42-36][streamline][info][tid:240048][4s:273ms:519us]commonEntry.cpp:1267[ngxLog] [Unknown(32765)] [2026-10-04 19:42:36] [NGXLoadConfig:1144] [sl_nvperf_0]

[19-42-36][streamline][info][tid:240048][4s:273ms:570us]commonEntry.cpp:1267[ngxLog] [Unknown(32765)] [2026-10-04 19:42:36] [NGXLoadConfig:1144] [sl_pcl_0]

[19-42-36][streamline][info][tid:240048][4s:273ms:614us]commonEntry.cpp:1267[ngxLog] [Unknown(32765)] [2026-10-04 19:42:36] [NGXLoadConfig:1144] [sl_reflex_0]

[19-42-36][streamline][info][tid:240048][4s:273ms:686us]commonEntry.cpp:1267[ngxLog] [Unknown(32765)] [2026-10-04 19:42:36] [NGXLoadConfig:1144] [dlss_override]

[19-42-36][streamline][info][tid:240048][4s:273ms:743us]commonEntry.cpp:1267[ngxLog] [Unknown(32765)] [2026-10-04 19:42:36] [NGXLoadConfig:1144] [dlssd]

[19-42-36][streamline][info][tid:240048][4s:273ms:789us]commonEntry.cpp:1267[ngxLog] [Unknown(32765)] [2026-10-04 19:42:36] [NGXLoadConfig:1144] [dlssg]

[19-42-36][streamline][info][tid:240048][4s:273ms:848us]commonEntry.cpp:1267[ngxLog] [Unknown(32765)] [2026-10-04 19:42:36] [NGXLoadConfig:1144] [sl_sdk_override_0]

[19-42-36][streamline][info][tid:240048][4s:273ms:915us]commonEntry.cpp:1267[ngxLog] [Unknown(32765)] [2026-10-04 19:42:36] [NGXLoadConfig:1144] [sl_dlss_g_override_0]

[19-42-36][streamline][info][tid:240048][4s:273ms:997us]commonEntry.cpp:1267[ngxLog] [Unknown(32765)] [2026-10-04 19:42:36] [NGXLoadConfig:1144] [sl_common_override_0]

[19-42-36][streamline][info][tid:240048][4s:274ms:047us]commonEntry.cpp:1267[ngxLog] [Unknown(32765)] [2026-10-04 19:42:36] [NGXLoadConfig:1144] [sl_dlss_override_0]

[19-42-36][streamline][info][tid:240048][4s:274ms:102us]commonEntry.cpp:1267[ngxLog] [Unknown(32765)] [2026-10-04 19:42:36] [NGXLoadConfig:1144] [sl_nis_override_0]

[19-42-36][streamline][info][tid:240048][4s:274ms:303us]commonEntry.cpp:1267[ngxLog] [Unknown(32765)] [2026-10-04 19:42:36] [NGXLoadConfig:1144] [sl_dlss_d_override_0]

[19-42-36][streamline][info][tid:240048][4s:274ms:381us]commonEntry.cpp:1267[ngxLog] [Unknown(32765)] [2026-10-04 19:42:36] [NGXLoadConfig:1144] [sl_nvperf_override_0]

[19-42-36][streamline][info][tid:240048][4s:275ms:071us]commonEntry.cpp:1267[ngxLog] [Unknown(32765)] [2026-10-04 19:42:36] [NGXLoadConfig:1144] [sl_pcl_override_0]

[19-42-36][streamline][info][tid:240048][4s:275ms:120us]commonEntry.cpp:1267[ngxLog] [Unknown(32765)] [2026-10-04 19:42:36] [NGXLoadConfig:1144] [sl_reflex_override_0]

[19-42-36][streamline][info][tid:240048][4s:275ms:177us]commonEntry.cpp:1267[ngxLog] [Unknown(32765)] [2026-10-04 19:42:36] [`anonymous-namespace'::LoadMappingFileData:268] listItem.engineVersion .* listItem.genericCMSId 86aa7b4

[19-42-36][streamline][info][tid:240048][4s:275ms:211us]commonEntry.cpp:1267[ngxLog] [Unknown(32765)] [2026-10-04 19:42:36] [`anonymous-namespace'::LoadMappingFileData:282]  project id 3F9D696D4363312194B0ECB2671E899F cms id B9FBD50

[19-42-36][streamline][info][tid:240048][4s:275ms:526us]commonEntry.cpp:1267[ngxLog] [Unknown(32765)] [2026-10-04 19:42:36] [`anonymous-namespace'::LoadMappingFileData:268] listItem.engineVersion .* listItem.genericCMSId 8618954

[19-42-36][streamline][info][tid:240048][4s:275ms:569us]commonEntry.cpp:1267[ngxLog] [Unknown(32765)] [2026-10-04 19:42:36] [`anonymous-namespace'::LoadMappingFileData:268] listItem.engineVersion .* listItem.genericCMSId b9b05cc

[19-42-36][streamline][info][tid:240048][4s:275ms:650us]commonEntry.cpp:1267[ngxLog] [Unknown(32765)] [2026-10-04 19:42:36] [`anonymous-namespace'::LoadMappingFileData:268] listItem.engineVersion .* listItem.genericCMSId 876232c

[19-42-36][streamline][info][tid:240048][4s:275ms:806us]commonEntry.cpp:1267[ngxLog] [Unknown(32765)] [2026-10-04 19:42:36] [MapProjectId:1905] Found cms id 876232c for engine: custom engineVersion 1.0.0 projectID 3e6891d2-09ac-4f54-ae8d-f481c3150d4b

[19-42-36][streamline][info][tid:240048][5s:043ms:518us]commonEntry.cpp:1267[ngxLog] [Unknown(32765)] [2026-10-04 19:42:36] [NGXDRSInit:327] NvAPI_DRS_FindApplicationByName -166

[19-42-36][streamline][info][tid:240048][5s:082ms:732us]commonEntry.cpp:1267[ngxLog] [Unknown(32765)] [2026-10-04 19:42:36] [NGXInitContext:245] called from module sl.common.dll at D:\ProjectDllsss\experiments\streamline-mfg-capability\runtime

[19-42-36][streamline][info][tid:240048][5s:082ms:849us]commonEntry.cpp:1267[ngxLog] [Unknown(32765)] [2026-10-04 19:42:36] [NGXContextDenyListData::IsFeatureDenied:669] Feature dldenoiser, denial value 0 for Cms ID 876232c

[19-42-36][streamline][info][tid:240048][5s:083ms:241us]commonEntry.cpp:1267[ngxLog] [Unknown(32765)] [2026-10-04 19:42:36] [`anonymous-namespace'::SnippetLocationInfo::load:695] NGXLoadFromPath failed: -1160773628

[19-42-36][streamline][info][tid:240048][5s:083ms:354us]commonEntry.cpp:1267[ngxLog] [Unknown(32765)] [2026-10-04 19:42:36] [NGXReportStatusFeedback:1060] Override shared memory was opened successfully

[19-42-36][streamline][info][tid:240048][5s:083ms:412us]commonEntry.cpp:1267[ngxLog] [Unknown(32765)] [2026-10-04 19:42:36] [NGXReportStatusFeedback:1072] Override shared memory was mapped successfully

[19-42-36][streamline][info][tid:240048][5s:083ms:520us]commonEntry.cpp:1267[ngxLog] [Unknown(32765)] [2026-10-04 19:42:36] [NGXContextDenyListData::IsFeatureDenied:669] Feature dlss, denial value 0 for Cms ID 876232c

[19-42-36][streamline][info][tid:240048][5s:084ms:078us]commonEntry.cpp:1267[ngxLog] [Unknown(32765)] [2026-10-04 19:42:36] [NGXContextDenyListData::IsFeatureDenied:669] Feature dlinpainting, denial value 0 for Cms ID 876232c

[19-42-36][streamline][info][tid:240048][5s:084ms:885us]commonEntry.cpp:1267[ngxLog] [Unknown(32765)] [2026-10-04 19:42:36] [NGXContextDenyListData::IsFeatureDenied:669] Feature dlisr, denial value 0 for Cms ID 876232c

[19-42-36][streamline][info][tid:240048][5s:085ms:177us]commonEntry.cpp:1267[ngxLog] [Unknown(32765)] [2026-10-04 19:42:36] [NGXContextDenyListData::IsFeatureDenied:669] Feature dlslowmo, denial value 0 for Cms ID 876232c

[19-42-36][streamline][info][tid:240048][5s:085ms:735us]commonEntry.cpp:1267[ngxLog] [Unknown(32765)] [2026-10-04 19:42:36] [NGXContextDenyListData::IsFeatureDenied:669] Feature dlvsr, denial value 0 for Cms ID 876232c

[19-42-36][streamline][info][tid:240048][5s:086ms:114us]commonEntry.cpp:1267[ngxLog] [Unknown(32765)] [2026-10-04 19:42:36] [NGXContextDenyListData::IsFeatureDenied:669] Feature dlcolorize, denial value 0 for Cms ID 876232c

[19-42-36][streamline][info][tid:240048][5s:086ms:620us]commonEntry.cpp:1267[ngxLog] [Unknown(32765)] [2026-10-04 19:42:36] [NGXContextDenyListData::IsFeatureDenied:669] Feature dlstyletransfer, denial value 0 for Cms ID 876232c

[19-42-36][streamline][info][tid:240048][5s:087ms:396us]commonEntry.cpp:1267[ngxLog] [Unknown(32765)] [2026-10-04 19:42:36] [NGXContextDenyListData::IsFeatureDenied:669] Feature dlvdenoiser, denial value 0 for Cms ID 876232c

[19-42-36][streamline][info][tid:240048][5s:088ms:072us]commonEntry.cpp:1267[ngxLog] [Unknown(32765)] [2026-10-04 19:42:36] [NGXContextDenyListData::IsFeatureDenied:669] Feature dlisp, denial value 0 for Cms ID 876232c

[19-42-36][streamline][info][tid:240048][5s:088ms:635us]commonEntry.cpp:1267[ngxLog] [Unknown(32765)] [2026-10-04 19:42:36] [NGXContextDenyListData::IsFeatureDenied:669] Feature dlresolve, denial value 0 for Cms ID 876232c

[19-42-36][streamline][info][tid:240048][5s:089ms:427us]commonEntry.cpp:1267[ngxLog] [Unknown(32765)] [2026-10-04 19:42:36] [NGXContextDenyListData::IsFeatureDenied:669] Feature dlssg, denial value 0 for Cms ID 876232c

[19-42-37][streamline][info][tid:240048][5s:322ms:250us]commonEntry.cpp:1267[ngxLog] [Unknown(32765)] [2026-10-04 19:42:37] [`anonymous-namespace'::SnippetLocationInfo::load:695] NGXLoadFromPath failed: -1160773628

[19-42-37][streamline][info][tid:240048][5s:322ms:720us]commonEntry.cpp:1267[ngxLog] [Unknown(32765)] [2026-10-04 19:42:37] [NGXSecureLoadFeature:1329] Feature dlssg failed to load (cmsid 141959980) from cache (location: C:\ProgramData\NVIDIA\NGX\models\dlssg\versions\0\files, name: 160_876232C.bin)

[19-42-37][streamline][info][tid:240048][5s:322ms:826us]commonEntry.cpp:1267[ngxLog] [Unknown(32765)] [2026-10-04 19:42:37] [NGXSecureLoadFeature:1329] Feature dlssg failed to load (cmsid 241534723) from cache (location: C:\ProgramData\NVIDIA\NGX\models\dlssg\versions\0\files, name: 160_E658703.bin)

[19-42-38][streamline][info][tid:240048][6s:810ms:662us]commonEntry.cpp:1267[ngxLog] [Unknown(32765)] [2026-10-04 19:42:38] [NGXSecureLoadFeature:1366] Found dlssg driver fallback snippet at C:\WINDOWS\System32\DriverStore\FileRepository\nvlti.inf_amd64_af02d12a5c2283af

[19-42-38][streamline][info][tid:240048][6s:810ms:835us]commonEntry.cpp:1267[ngxLog] [Unknown(32765)] [2026-10-04 19:42:38] [NGXSecureLoadFeature:1445] app 876232C feature dlssg snippet: D:\ProjectDllsss\experiments\streamline-mfg-capability\runtime/nvngx_dlssg.dll version: 310.9.1

[19-42-38][streamline][info][tid:240048][6s:810ms:924us]commonEntry.cpp:1267[ngxLog] [Unknown(32765)] [2026-10-04 19:42:38] [NGXContextDenyListData::IsFeatureDenied:669] Feature deepdvc, denial value 0 for Cms ID 876232c

[19-42-38][streamline][info][tid:240048][6s:811ms:272us]commonEntry.cpp:1267[ngxLog] [Unknown(32765)] [2026-10-04 19:42:38] [`anonymous-namespace'::SnippetLocationInfo::load:695] NGXLoadFromPath failed: -1160773628

[19-42-38][streamline][info][tid:240048][6s:811ms:640us]commonEntry.cpp:1267[ngxLog] [Unknown(32765)] [2026-10-04 19:42:38] [NGXContextDenyListData::IsFeatureDenied:669] Feature dlssd, denial value 0 for Cms ID 876232c

[19-42-38][streamline][info][tid:240048][6s:812ms:260us]commonEntry.cpp:1267[ngxLog] [Unknown(32765)] [2026-10-04 19:42:38] [NGXContextDenyListData::IsFeatureDenied:669] Feature truehdr, denial value 0 for Cms ID 876232c

[19-42-38][streamline][info][tid:240048][6s:812ms:910us]commonEntry.cpp:1267[ngxLog] [Unknown(32765)] [2026-10-04 19:42:38] [NGXContextDenyListData::IsFeatureDenied:669] Feature latewarp, denial value 0 for Cms ID 876232c

[19-42-38][streamline][info][tid:240048][6s:813ms:599us]commonEntry.cpp:1267[ngxLog] [Unknown(32765)] [2026-10-04 19:42:38] [NGXContextDenyListData::IsFeatureDenied:669] Feature vsr, denial value 0 for Cms ID 876232c

[19-42-38][streamline][info][tid:240048][6s:814ms:160us]commonEntry.cpp:1267[ngxLog] [Unknown(32765)] [2026-10-04 19:42:38] [NGXContextDenyListData::IsFeatureDenied:669] Feature fgx, denial value 0 for Cms ID 876232c

[19-42-39][streamline][info][tid:240048][8s:023ms:571us]commonEntry.cpp:1267[ngxLog] [FrameGeneration] [2026-10-04 19:42:39] [tid:240048][NGXInitLog:208] App logging hooks successfully initialized

[19-42-39][streamline][info][tid:240048][8s:023ms:791us]commonEntry.cpp:1267[ngxLog] [FrameGeneration] [2026-10-04 19:42:39] [tid:240048][NGXInitLog:214] Build v310.9.1 CL 38868064

[19-42-39][streamline][info][tid:240048][8s:023ms:853us]commonEntry.cpp:1267[ngxLog] [FrameGeneration] [2026-10-04 19:42:39] [tid:240048][NGXInitLog:216] Built with APP_NAME = endpoint

[19-42-39][streamline][info][tid:240048][8s:023ms:901us]commonEntry.cpp:1267[ngxLog] [FrameGeneration] [2026-10-04 19:42:39] [tid:240048][NGXInitLog:226] Loaded from path "D:\ProjectDllsss\experiments\streamline-mfg-capability\runtime\bundle-cache\f041be503d3fe093468a799be4e6e15cbbb91fdde5aa3a1b9bef8985a18057b7/nvngx_dlssg.dll" by streamline_mfg_x3.exe

[19-42-39][streamline][info][tid:240048][8s:047ms:897us]commonEntry.cpp:1267[ngxLog] [FrameGeneration] [2026-10-04 19:42:39] [tid:240048][NGXCubinD3D12::Init:135] Enabling texmode_raw

[19-42-39][streamline][info][tid:240048][8s:048ms:328us]commonEntry.cpp:1267[ngxLog] [FrameGeneration] [2026-10-04 19:42:39] [tid:240048][NGXCubinD3D12::Init:147] Enabling CuModule kernel path (load fatbin once, resolve entry points)

[19-42-39][streamline][info][tid:240048][8s:048ms:840us]commonEntry.cpp:1267[ngxLog] [FrameGeneration] [2026-10-04 19:42:39] [tid:240048][NGXCubinKernelMap::InitCubins:42] Loading NGXCubin kernels

[19-42-39][streamline][info][tid:240048][8s:048ms:937us]commonEntry.cpp:1267[ngxLog] [FrameGeneration] [2026-10-04 19:42:39] [tid:240048][NGXCubinGeneric::SetGPUArch:473] m_gpuArch = 0x170

[19-42-39][streamline][info][tid:240048][8s:057ms:672us]commonEntry.cpp:1267[ngxLog] [FrameGeneration] [2026-10-04 19:42:39] [tid:240048][NGXCubinGeneric::genericPostInit:164] Fast UAV clear: supported

[19-42-39][streamline][info][tid:240048][8s:068ms:968us]commonEntry.cpp:1654[slOnPluginStartup] At least one plugin requires DRS, trying to initialize ...
[19-42-41][streamline][info][tid:240048][9s:283ms:207us]pluginManager.cpp:1468[mapPluginCallbacks] Callback sl.common:slSetData:0x0
[19-42-41][streamline][info][tid:240048][9s:283ms:332us]pluginManager.cpp:1469[mapPluginCallbacks] Callback sl.common:slGetData:0x0
[19-42-41][streamline][info][tid:240048][9s:283ms:385us]pluginManager.cpp:1470[mapPluginCallbacks] Callback sl.common:slAllocateResources:0x0
[19-42-41][streamline][info][tid:240048][9s:283ms:423us]pluginManager.cpp:1471[mapPluginCallbacks] Callback sl.common:slFreeResources:0x0
[19-42-41][streamline][info][tid:240048][9s:283ms:462us]pluginManager.cpp:1472[mapPluginCallbacks] Callback sl.common:slEvaluateFeature:0x7ffd6bb4a010
[19-42-41][streamline][info][tid:240048][9s:283ms:501us]pluginManager.cpp:1473[mapPluginCallbacks] Callback sl.common:slSetTag:0x7ffd6bb48af0
[19-42-41][streamline][info][tid:240048][9s:283ms:537us]pluginManager.cpp:1474[mapPluginCallbacks] Callback sl.common:slSetTagForFrame:0x7ffd6bb48c60
[19-42-41][streamline][info][tid:240048][9s:283ms:572us]pluginManager.cpp:1475[mapPluginCallbacks] Callback sl.common:slSetConsts:0x7ffd6bb49af0
[19-42-41][streamline][info][tid:240048][9s:283ms:676us]pluginManager.cpp:1235[processPluginHooks] Hook sl.common:slHookVkPresent:before - skipped
[19-42-41][streamline][info][tid:240048][9s:283ms:734us]pluginManager.cpp:1235[processPluginHooks] Hook sl.common:slHookVkAfterPresent:after - skipped
[19-42-41][streamline][info][tid:240048][9s:283ms:771us]pluginManager.cpp:1235[processPluginHooks] Hook sl.common:slHookVkCmdBindPipeline:after - skipped
[19-42-41][streamline][info][tid:240048][9s:283ms:804us]pluginManager.cpp:1235[processPluginHooks] Hook sl.common:slHookVkCmdBindDescriptorSets:after - skipped
[19-42-41][streamline][info][tid:240048][9s:283ms:836us]pluginManager.cpp:1235[processPluginHooks] Hook sl.common:slHookVkBeginCommandBuffer:after - skipped
[19-42-41][streamline][info][tid:240048][9s:283ms:872us]pluginManager.cpp:1259[processPluginHooks] Hook sl.common:slHookCreateSwapChain:before - OK
[19-42-41][streamline][info][tid:240048][9s:283ms:918us]pluginManager.cpp:1259[processPluginHooks] Hook sl.common:slHookCreateSwapChainForHwnd:before - OK
[19-42-41][streamline][info][tid:240048][9s:283ms:959us]pluginManager.cpp:1259[processPluginHooks] Hook sl.common:slHookCreateSwapChainForCoreWindow:before - OK
[19-42-41][streamline][info][tid:240048][9s:283ms:991us]pluginManager.cpp:1259[processPluginHooks] Hook sl.common:slHookResizeSwapChainPre:before - OK
[19-42-41][streamline][info][tid:240048][9s:284ms:022us]pluginManager.cpp:1259[processPluginHooks] Hook sl.common:slHookPresent:before - OK
[19-42-41][streamline][info][tid:240048][9s:284ms:054us]pluginManager.cpp:1259[processPluginHooks] Hook sl.common:slHookAfterPresent:after - OK
[19-42-41][streamline][info][tid:240048][9s:284ms:085us]pluginManager.cpp:1259[processPluginHooks] Hook sl.common:slHookPresent1:before - OK
[19-42-41][streamline][info][tid:240048][9s:284ms:129us]pluginManager.cpp:1468[mapPluginCallbacks] Callback sl.pcl:slSetData:0x7ffd79ddb6c0
[19-42-41][streamline][info][tid:240048][9s:284ms:161us]pluginManager.cpp:1469[mapPluginCallbacks] Callback sl.pcl:slGetData:0x7ffd79ddb6d0
[19-42-41][streamline][info][tid:240048][9s:284ms:201us]pluginManager.cpp:1470[mapPluginCallbacks] Callback sl.pcl:slAllocateResources:0x0
[19-42-41][streamline][info][tid:240048][9s:284ms:237us]pluginManager.cpp:1471[mapPluginCallbacks] Callback sl.pcl:slFreeResources:0x0
[19-42-41][streamline][info][tid:240048][9s:284ms:269us]pluginManager.cpp:1472[mapPluginCallbacks] Callback sl.pcl:slEvaluateFeature:0x0
[19-42-41][streamline][info][tid:240048][9s:284ms:301us]pluginManager.cpp:1473[mapPluginCallbacks] Callback sl.pcl:slSetTag:0x0
[19-42-41][streamline][info][tid:240048][9s:284ms:333us]pluginManager.cpp:1474[mapPluginCallbacks] Callback sl.pcl:slSetTagForFrame:0x0
[19-42-41][streamline][info][tid:240048][9s:284ms:364us]pluginManager.cpp:1475[mapPluginCallbacks] Callback sl.pcl:slSetConsts:0x0
[19-42-41][streamline][info][tid:240048][9s:284ms:394us]pluginManager.cpp:1220[processPluginHooks] Plugin 'sl.pcl' has no registered hooks
[19-42-41][streamline][info][tid:240048][9s:294ms:445us]sl.cpp:659[operator ()] Upgrading ID3D12Device to use SL proxy ...
[19-42-43][streamline][info][tid:240048][11s:521ms:616us]sl.cpp:679[operator ()] Upgrading IDXGIFactory to use SL proxy ...
[19-42-43][streamline][info][tid:240048][12s:002ms:838us]dxgiFactory.cpp:222[Release] Destroyed DXGIFactory proxy 0x1fcb245fb00 - native factory 0x1fcbb020cc0 ref count 6
[19-42-44][streamline][info][tid:240048][12s:803ms:026us]pluginManager.cpp:1171[unloadPlugins] Unloading all plugins ...
[19-42-44][streamline][info][tid:240048][12s:803ms:416us]plugin.cpp:344[onShutdown] Shutting down plugin sl.pcl
[19-42-44][streamline][info][tid:240048][12s:803ms:955us]commonEntry.cpp:1771[slOnPluginShutdown] Shutting down NGX
[19-42-44][streamline][info][tid:240048][12s:996ms:810us]plugin.cpp:344[onShutdown] Shutting down plugin sl.common
[19-42-44][streamline][info][tid:240048][13s:002ms:649us]generic.cpp:327[shutdown] Delayed destroy resource list count 0
