To honour the JVM settings for this build a single-use Daemon process will be forked. For more on this, please refer to https://docs.gradle.org/9.7.1/userguide/gradle_daemon.html#sec:disabling_the_daemon in the Gradle documentation.
Daemon will be stopped at the end of the build 
Graphics API: OpenGL
Current Minecraft version: 1.21.1
Enabled loader: neoforge
> Task :buildSrc:checkKotlinGradlePluginConfigurationErrors SKIPPED
> Task :buildSrc:generateExternalPluginSpecBuilders UP-TO-DATE
> Task :buildSrc:extractPluginRequests NO-SOURCE
> Task :buildSrc:generatePluginAdapters NO-SOURCE
> Task :buildSrc:extractPrecompiledScriptPluginPlugins UP-TO-DATE
> Task :buildSrc:compilePluginsBlocks UP-TO-DATE
> Task :buildSrc:generatePrecompiledScriptPluginAccessors UP-TO-DATE
> Task :buildSrc:generateScriptPluginAdapters UP-TO-DATE
> Task :buildSrc:compileKotlin UP-TO-DATE
> Task :buildSrc:compileJava NO-SOURCE
> Task :buildSrc:compileGroovy UP-TO-DATE
> Task :buildSrc:compileGroovyPlugins NO-SOURCE
> Task :buildSrc:pluginDescriptors UP-TO-DATE
> Task :buildSrc:processResources UP-TO-DATE
> Task :buildSrc:classes UP-TO-DATE
> Task :buildSrc:jar UP-TO-DATE

> Task :common:dependencyInsight
org.lwjgl:lwjgl:3.3.4 (forced)
  Variant runtime:
    | Attribute Name             | Provided     | Requested    |
    |----------------------------|--------------|--------------|
    | org.gradle.category        | library      |              |
    | org.gradle.libraryelements | jar          |              |
    | org.gradle.status          | release      |              |
    | org.gradle.usage           | java-runtime | java-runtime |
    | net.neoforged.distribution |              | client       |

org.lwjgl:lwjgl:{strictly 3.3.3} -> 3.3.4
\--- net.neoforged:minecraft-dependencies:1.21.1
     +--- net.neoforged:neoform:1.21.1-20240808.144430
     |    \--- neoFormRuntimeDependenciesRuntimeClasspath
     \--- net.neoforged:minecraft-dependencies:1.21.1 (requested net.neoforged:minecraft-dependencies:{strictly 1.21.1}) (*)

org.lwjgl:lwjgl-freetype:3.3.4 (forced)
  Variant runtime:
    | Attribute Name             | Provided     | Requested    |
    |----------------------------|--------------|--------------|
    | org.gradle.category        | library      |              |
    | org.gradle.libraryelements | jar          |              |
    | org.gradle.status          | release      |              |
    | org.gradle.usage           | java-runtime | java-runtime |
    | net.neoforged.distribution |              | client       |

org.lwjgl:lwjgl-freetype:{strictly 3.3.3} -> 3.3.4
\--- net.neoforged:minecraft-dependencies:1.21.1
     +--- net.neoforged:neoform:1.21.1-20240808.144430
     |    \--- neoFormRuntimeDependenciesRuntimeClasspath
     \--- net.neoforged:minecraft-dependencies:1.21.1 (requested net.neoforged:minecraft-dependencies:{strictly 1.21.1}) (*)

org.lwjgl:lwjgl-glfw:3.3.4 (forced)
  Variant runtime:
    | Attribute Name             | Provided     | Requested    |
    |----------------------------|--------------|--------------|
    | org.gradle.category        | library      |              |
    | org.gradle.libraryelements | jar          |              |
    | org.gradle.status          | release      |              |
    | org.gradle.usage           | java-runtime | java-runtime |
    | net.neoforged.distribution |              | client       |

org.lwjgl:lwjgl-glfw:{strictly 3.3.3} -> 3.3.4
\--- net.neoforged:minecraft-dependencies:1.21.1
     +--- net.neoforged:neoform:1.21.1-20240808.144430
     |    \--- neoFormRuntimeDependenciesRuntimeClasspath
     \--- net.neoforged:minecraft-dependencies:1.21.1 (requested net.neoforged:minecraft-dependencies:{strictly 1.21.1}) (*)

org.lwjgl:lwjgl-jemalloc:3.3.4 (forced)
  Variant runtime:
    | Attribute Name             | Provided     | Requested    |
    |----------------------------|--------------|--------------|
    | org.gradle.category        | library      |              |
    | org.gradle.libraryelements | jar          |              |
    | org.gradle.status          | release      |              |
    | org.gradle.usage           | java-runtime | java-runtime |
    | net.neoforged.distribution |              | client       |

org.lwjgl:lwjgl-jemalloc:{strictly 3.3.3} -> 3.3.4
\--- net.neoforged:minecraft-dependencies:1.21.1
     +--- net.neoforged:neoform:1.21.1-20240808.144430
     |    \--- neoFormRuntimeDependenciesRuntimeClasspath
     \--- net.neoforged:minecraft-dependencies:1.21.1 (requested net.neoforged:minecraft-dependencies:{strictly 1.21.1}) (*)

org.lwjgl:lwjgl-openal:3.3.4 (forced)
  Variant runtime:
    | Attribute Name             | Provided     | Requested    |
    |----------------------------|--------------|--------------|
    | org.gradle.category        | library      |              |
    | org.gradle.libraryelements | jar          |              |
    | org.gradle.status          | release      |              |
    | org.gradle.usage           | java-runtime | java-runtime |
    | net.neoforged.distribution |              | client       |

org.lwjgl:lwjgl-openal:{strictly 3.3.3} -> 3.3.4
\--- net.neoforged:minecraft-dependencies:1.21.1
     +--- net.neoforged:neoform:1.21.1-20240808.144430
     |    \--- neoFormRuntimeDependenciesRuntimeClasspath
     \--- net.neoforged:minecraft-dependencies:1.21.1 (requested net.neoforged:minecraft-dependencies:{strictly 1.21.1}) (*)

org.lwjgl:lwjgl-opengl:3.3.4 (forced)
  Variant runtime:
    | Attribute Name             | Provided     | Requested    |
    |----------------------------|--------------|--------------|
    | org.gradle.category        | library      |              |
    | org.gradle.libraryelements | jar          |              |
    | org.gradle.status          | release      |              |
    | org.gradle.usage           | java-runtime | java-runtime |
    | net.neoforged.distribution |              | client       |

org.lwjgl:lwjgl-opengl:{strictly 3.3.3} -> 3.3.4
\--- net.neoforged:minecraft-dependencies:1.21.1
     +--- net.neoforged:neoform:1.21.1-20240808.144430
     |    \--- neoFormRuntimeDependenciesRuntimeClasspath
     \--- net.neoforged:minecraft-dependencies:1.21.1 (requested net.neoforged:minecraft-dependencies:{strictly 1.21.1}) (*)

org.lwjgl:lwjgl-stb:3.3.3 (forced)
  Variant runtime:
    | Attribute Name             | Provided     | Requested    |
    |----------------------------|--------------|--------------|
    | org.gradle.category        | library      |              |
    | org.gradle.libraryelements | jar          |              |
    | org.gradle.status          | release      |              |
    | org.gradle.usage           | java-runtime | java-runtime |
    | net.neoforged.distribution |              | client       |

org.lwjgl:lwjgl-stb:{strictly 3.3.3} -> 3.3.3
\--- net.neoforged:minecraft-dependencies:1.21.1
     +--- net.neoforged:neoform:1.21.1-20240808.144430
     |    \--- neoFormRuntimeDependenciesRuntimeClasspath
     \--- net.neoforged:minecraft-dependencies:1.21.1 (requested net.neoforged:minecraft-dependencies:{strictly 1.21.1}) (*)

org.lwjgl:lwjgl-tinyfd:3.3.4 (forced)
  Variant runtime:
    | Attribute Name             | Provided     | Requested    |
    |----------------------------|--------------|--------------|
    | org.gradle.category        | library      |              |
    | org.gradle.libraryelements | jar          |              |
    | org.gradle.status          | release      |              |
    | org.gradle.usage           | java-runtime | java-runtime |
    | net.neoforged.distribution |              | client       |

org.lwjgl:lwjgl-tinyfd:{strictly 3.3.3} -> 3.3.4
\--- net.neoforged:minecraft-dependencies:1.21.1
     +--- net.neoforged:neoform:1.21.1-20240808.144430
     |    \--- neoFormRuntimeDependenciesRuntimeClasspath
     \--- net.neoforged:minecraft-dependencies:1.21.1 (requested net.neoforged:minecraft-dependencies:{strictly 1.21.1}) (*)

(*) - Indicates repeated occurrences of a transitive dependency subtree. Gradle expands transitive dependency subtrees only once per project; repeat occurrences only display the root of the subtree, followed by this annotation.

A web-based, searchable dependency report is available by adding the --scan option.

[Incubating] Problems report is available at: file:///D:/ProjectDllsss/superresolution/build/reports/problems/problems-report.html

Deprecated Gradle features were used in this build, making it incompatible with Gradle 10.

You can use '--warning-mode all' to show the individual deprecation warnings and determine if they come from your own scripts or plugins.

For more on this, please refer to https://docs.gradle.org/9.7.1/userguide/command_line_interface.html#sec:command_line_warnings in the Gradle documentation.

BUILD SUCCESSFUL in 39s
11 actionable tasks: 1 executed, 10 up-to-date
Consider enabling configuration cache to speed up this build: https://docs.gradle.org/9.7.1/userguide/configuration_cache_enabling.html
