To honour the JVM settings for this build a single-use Daemon process will be forked. For more on this, please refer to https://docs.gradle.org/9.7.1/userguide/gradle_daemon.html#sec:disabling_the_daemon in the Gradle documentation.
Daemon will be stopped at the end of the build 
Graphics API: OpenGL
Current Minecraft version: 1.21.1
Enabled loader: neoforge
> Task :buildSrc:checkKotlinGradlePluginConfigurationErrors SKIPPED
> Task :buildSrc:generateExternalPluginSpecBuilders UP-TO-DATE
> Task :buildSrc:extractPluginRequests NO-SOURCE
> Task :buildSrc:generatePluginAdapters NO-SOURCE
> Task :buildSrc:extractPrecompiledScriptPluginPlugins UP-TO-DATE
> Task :buildSrc:compilePluginsBlocks UP-TO-DATE
> Task :buildSrc:generatePrecompiledScriptPluginAccessors UP-TO-DATE
> Task :buildSrc:generateScriptPluginAdapters UP-TO-DATE
> Task :buildSrc:compileKotlin UP-TO-DATE
> Task :buildSrc:compileJava NO-SOURCE
> Task :buildSrc:compileGroovy UP-TO-DATE
> Task :buildSrc:compileGroovyPlugins NO-SOURCE
> Task :buildSrc:pluginDescriptors UP-TO-DATE
> Task :buildSrc:processResources UP-TO-DATE
> Task :buildSrc:classes UP-TO-DATE
> Task :buildSrc:jar UP-TO-DATE

> Configure project :
Minecraft native dependency profile: windows-x64 (LWJGL versions unchanged)

> Task :neoforge:auditLwjglNativeArtifacts
LWJGL_ARTIFACT :neoforge org.lwjgl:lwjgl:3.3.4 classifier=natives-windows file=lwjgl-3.3.4-natives-windows.jar
LWJGL_ARTIFACT :neoforge org.lwjgl:lwjgl:3.3.4 classifier=null file=lwjgl-3.3.4.jar
LWJGL_ARTIFACT :neoforge org.lwjgl:lwjgl-freetype:3.3.4 classifier=natives-windows file=lwjgl-freetype-3.3.4-natives-windows.jar
LWJGL_ARTIFACT :neoforge org.lwjgl:lwjgl-freetype:3.3.4 classifier=null file=lwjgl-freetype-3.3.4.jar
LWJGL_ARTIFACT :neoforge org.lwjgl:lwjgl-glfw:3.3.4 classifier=natives-windows file=lwjgl-glfw-3.3.4-natives-windows.jar
LWJGL_ARTIFACT :neoforge org.lwjgl:lwjgl-glfw:3.3.4 classifier=null file=lwjgl-glfw-3.3.4.jar
LWJGL_ARTIFACT :neoforge org.lwjgl:lwjgl-jemalloc:3.3.4 classifier=natives-windows file=lwjgl-jemalloc-3.3.4-natives-windows.jar
LWJGL_ARTIFACT :neoforge org.lwjgl:lwjgl-jemalloc:3.3.4 classifier=null file=lwjgl-jemalloc-3.3.4.jar
LWJGL_ARTIFACT :neoforge org.lwjgl:lwjgl-openal:3.3.4 classifier=natives-windows file=lwjgl-openal-3.3.4-natives-windows.jar
LWJGL_ARTIFACT :neoforge org.lwjgl:lwjgl-openal:3.3.4 classifier=null file=lwjgl-openal-3.3.4.jar
LWJGL_ARTIFACT :neoforge org.lwjgl:lwjgl-opengl:3.3.4 classifier=natives-windows file=lwjgl-opengl-3.3.4-natives-windows.jar
LWJGL_ARTIFACT :neoforge org.lwjgl:lwjgl-opengl:3.3.4 classifier=null file=lwjgl-opengl-3.3.4.jar
LWJGL_ARTIFACT :neoforge org.lwjgl:lwjgl-stb:3.3.3 classifier=natives-windows file=lwjgl-stb-3.3.3-natives-windows.jar
LWJGL_ARTIFACT :neoforge org.lwjgl:lwjgl-stb:3.3.3 classifier=null file=lwjgl-stb-3.3.3.jar
LWJGL_ARTIFACT :neoforge org.lwjgl:lwjgl-tinyfd:3.3.4 classifier=natives-windows file=lwjgl-tinyfd-3.3.4-natives-windows.jar
LWJGL_ARTIFACT :neoforge org.lwjgl:lwjgl-tinyfd:3.3.4 classifier=null file=lwjgl-tinyfd-3.3.4.jar
LWJGL_AUDIT_OK :neoforge

> Task :common:auditLwjglNativeArtifacts
LWJGL_ARTIFACT :common org.lwjgl:lwjgl:3.3.4 classifier=natives-windows file=lwjgl-3.3.4-natives-windows.jar
LWJGL_ARTIFACT :common org.lwjgl:lwjgl:3.3.4 classifier=null file=lwjgl-3.3.4.jar
LWJGL_ARTIFACT :common org.lwjgl:lwjgl-freetype:3.3.4 classifier=natives-windows file=lwjgl-freetype-3.3.4-natives-windows.jar
LWJGL_ARTIFACT :common org.lwjgl:lwjgl-freetype:3.3.4 classifier=null file=lwjgl-freetype-3.3.4.jar
LWJGL_ARTIFACT :common org.lwjgl:lwjgl-glfw:3.3.4 classifier=natives-windows file=lwjgl-glfw-3.3.4-natives-windows.jar
LWJGL_ARTIFACT :common org.lwjgl:lwjgl-glfw:3.3.4 classifier=null file=lwjgl-glfw-3.3.4.jar
LWJGL_ARTIFACT :common org.lwjgl:lwjgl-jemalloc:3.3.4 classifier=natives-windows file=lwjgl-jemalloc-3.3.4-natives-windows.jar
LWJGL_ARTIFACT :common org.lwjgl:lwjgl-jemalloc:3.3.4 classifier=null file=lwjgl-jemalloc-3.3.4.jar
LWJGL_ARTIFACT :common org.lwjgl:lwjgl-openal:3.3.4 classifier=natives-windows file=lwjgl-openal-3.3.4-natives-windows.jar
LWJGL_ARTIFACT :common org.lwjgl:lwjgl-openal:3.3.4 classifier=null file=lwjgl-openal-3.3.4.jar
LWJGL_ARTIFACT :common org.lwjgl:lwjgl-opengl:3.3.4 classifier=natives-windows file=lwjgl-opengl-3.3.4-natives-windows.jar
LWJGL_ARTIFACT :common org.lwjgl:lwjgl-opengl:3.3.4 classifier=null file=lwjgl-opengl-3.3.4.jar
LWJGL_ARTIFACT :common org.lwjgl:lwjgl-stb:3.3.3 classifier=natives-windows file=lwjgl-stb-3.3.3-natives-windows.jar
LWJGL_ARTIFACT :common org.lwjgl:lwjgl-stb:3.3.3 classifier=null file=lwjgl-stb-3.3.3.jar
LWJGL_ARTIFACT :common org.lwjgl:lwjgl-tinyfd:3.3.4 classifier=natives-windows file=lwjgl-tinyfd-3.3.4-natives-windows.jar
LWJGL_ARTIFACT :common org.lwjgl:lwjgl-tinyfd:3.3.4 classifier=null file=lwjgl-tinyfd-3.3.4.jar
LWJGL_AUDIT_OK :common

[Incubating] Problems report is available at: file:///D:/ProjectDllsss/superresolution/build/reports/problems/problems-report.html

Deprecated Gradle features were used in this build, making it incompatible with Gradle 10.

You can use '--warning-mode all' to show the individual deprecation warnings and determine if they come from your own scripts or plugins.

For more on this, please refer to https://docs.gradle.org/9.7.1/userguide/command_line_interface.html#sec:command_line_warnings in the Gradle documentation.

BUILD SUCCESSFUL in 23s
12 actionable tasks: 2 executed, 10 up-to-date
Consider enabling configuration cache to speed up this build: https://docs.gradle.org/9.7.1/userguide/configuration_cache_enabling.html
