WARNING: A restricted method in java.lang.System has been called
WARNING: java.lang.System::load has been called by net.rubygrapefruit.platform.internal.NativeLibraryLoader in an unnamed module (file:/C:/Users/micha/.gradle/wrapper/dists/gradle-9.7.1-bin/1w1c7tv4s851m17nbqdsro2tv/gradle-9.7.1/lib/native-platform-0.22-milestone-29.jar)
WARNING: Use --enable-native-access=ALL-UNNAMED to avoid a warning for callers in this module
WARNING: Restricted methods will be blocked in a future release unless native access is enabled

To honour the JVM settings for this build a single-use Daemon process will be forked. For more on this, please refer to https://docs.gradle.org/9.7.1/userguide/gradle_daemon.html#sec:disabling_the_daemon in the Gradle documentation.
Daemon will be stopped at the end of the build 
Graphics API: OpenGL
Current Minecraft version: 1.21.1
Enabled loader: fabric
Enabled loader: neoforge
> Task :buildSrc:checkKotlinGradlePluginConfigurationErrors SKIPPED
> Task :buildSrc:generateExternalPluginSpecBuilders UP-TO-DATE
> Task :buildSrc:extractPluginRequests NO-SOURCE
> Task :buildSrc:generatePluginAdapters NO-SOURCE
> Task :buildSrc:extractPrecompiledScriptPluginPlugins UP-TO-DATE
> Task :buildSrc:generateScriptPluginAdapters UP-TO-DATE
> Task :buildSrc:pluginDescriptors UP-TO-DATE
> Task :buildSrc:processResources UP-TO-DATE
> Task :buildSrc:compilePluginsBlocks
> Task :buildSrc:generatePrecompiledScriptPluginAccessors UP-TO-DATE

> Task :buildSrc:compileKotlin
w: file:///D:/ProjectDllsss/superresolution/buildSrc/src/main/kotlin/multiloader-loader.gradle.kts:10:34 'fun provideDelegate(thisRef: Any?, property: KProperty<*>): ExistingDomainObjectDelegate<Configuration>' is deprecated. Use 'val element = create(name)' instead. See the Gradle 9.6 upgrading guide.
w: file:///D:/ProjectDllsss/superresolution/buildSrc/src/main/kotlin/multiloader-loader.gradle.kts:10:34 'fun <T : Any> NamedDomainObjectContainer<T>.creating(configuration: T.() -> Unit): NamedDomainObjectContainerCreatingDelegateProvider<T>' is deprecated. Use 'val element = create(name) { }' instead. See the Gradle 9.6 upgrading guide.
w: file:///D:/ProjectDllsss/superresolution/buildSrc/src/main/kotlin/multiloader-loader.gradle.kts:10:34 'fun <T> ExistingDomainObjectDelegate<out T>.getValue(receiver: Any?, property: KProperty<*>): T' is deprecated. Use the named() API instead. See the Gradle 9.6 upgrading guide.
w: file:///D:/ProjectDllsss/superresolution/buildSrc/src/main/kotlin/multiloader-loader.gradle.kts:14:39 'fun provideDelegate(thisRef: Any?, property: KProperty<*>): ExistingDomainObjectDelegate<Configuration>' is deprecated. Use 'val element = create(name)' instead. See the Gradle 9.6 upgrading guide.
w: file:///D:/ProjectDllsss/superresolution/buildSrc/src/main/kotlin/multiloader-loader.gradle.kts:14:39 'fun <T : Any> NamedDomainObjectContainer<T>.creating(configuration: T.() -> Unit): NamedDomainObjectContainerCreatingDelegateProvider<T>' is deprecated. Use 'val element = create(name) { }' instead. See the Gradle 9.6 upgrading guide.
w: file:///D:/ProjectDllsss/superresolution/buildSrc/src/main/kotlin/multiloader-loader.gradle.kts:14:39 'fun <T> ExistingDomainObjectDelegate<out T>.getValue(receiver: Any?, property: KProperty<*>): T' is deprecated. Use the named() API instead. See the Gradle 9.6 upgrading guide.
w: file:///D:/ProjectDllsss/superresolution/buildSrc/src/main/kotlin/multiversion.gradle.kts:15:26 'constructor(p0: String!): URL' is deprecated. Deprecated in Java.

> Task :buildSrc:compileJava NO-SOURCE
> Task :buildSrc:compileGroovy
> Task :buildSrc:compileGroovyPlugins NO-SOURCE
> Task :buildSrc:classes
> Task :buildSrc:jar

> Configure project :fabric
Fabric Loom: 1.18.2
~~~~~~~~~~~~~~~~~~~~~~~~~~~~~~~~~~~~~~~~~~~~~~~~~~~~~~~~~~~~~~
Using of the official minecraft mappings is at your own risk!
Please make sure to read and understand the following license:
~~~~~~~~~~~~~~~~~~~~~~~~~~~~~~~~~~~~~~~~~~~~~~~~~~~~~~~~~~~~~~
# (c) 2020 Microsoft Corporation. These mappings are provided "as-is" and you bear the risk of using them. You may copy and use the mappings for development purposes, but you may not redistribute the mappings complete and unmodified. Microsoft makes no warranties, express or implied, with respect to the mappings provided here.  Use and modification of this document or the source code (in any form) of Minecraft: Java Edition is governed by the Minecraft End User License Agreement available at https://account.mojang.com/documents/minecraft_eula.
~~~~~~~~~~~~~~~~~~~~~~~~~~~~~~~~~~~~~~~~~~~~~~~~~~~~~~~~~~~~~~
Failed to parse fabric.mod.json: D:\ProjectDllsss\superresolution\fabric\src\main\resources\fabric.mod.json

Cannot remap lambda$init$2 because it does not exist in any of the targets [net/minecraft/class_429]
Cannot remap getRenderLayers because it does not exist in any of the targets [net/minecraft/class_4696]
Cannot remap iterateVisibleBlockEntities because it does not exist in any of the targets [net/minecraft/class_761]
Cannot remap lambda$init$2 because it does not exist in any of the targets [net/minecraft/class_429]
Cannot remap getRenderLayers because it does not exist in any of the targets [net/minecraft/class_4696]
Cannot remap iterateVisibleBlockEntities because it does not exist in any of the targets [net/minecraft/class_761]

> Configure project :fabric
Requested Gradle daemon to stop on exit.

[Incubating] Problems report is available at: file:///D:/ProjectDllsss/superresolution/build/reports/problems/problems-report.html

FAILURE: Build failed with an exception.

* What went wrong:
A problem occurred configuring project ':fabric'.
> Failed to setup Minecraft, java.lang.RuntimeException: Failed to remap 2 mods

* Try:
> Run with --stacktrace option to get the stack trace.
> Run with --info or --debug option to get more log output.
> Run with --scan to get full insights from a Build Scan (powered by Develocity).
> Get more help at https://help.gradle.org.

Deprecated Gradle features were used in this build, making it incompatible with Gradle 10.

You can use '--warning-mode all' to show the individual deprecation warnings and determine if they come from your own scripts or plugins.

For more on this, please refer to https://docs.gradle.org/9.7.1/userguide/command_line_interface.html#sec:command_line_warnings in the Gradle documentation.

BUILD FAILED in 2m 51s
10 actionable tasks: 4 executed, 6 up-to-date
