SM86_PROXY_LOADED=YES
File 'D:\ProjectDllsss\experiments\streamline-mfg-capability\runtime/sl.common.dll' is signed by NVIDIA and the signature was verified.
File 'D:\ProjectDllsss\experiments\streamline-mfg-capability\runtime/sl.dlss_g.dll' is signed by NVIDIA and the signature was verified.
File 'D:\ProjectDllsss\experiments\streamline-mfg-capability\runtime/sl.pcl.dll' is signed by NVIDIA and the signature was verified.
File 'D:\ProjectDllsss\experiments\streamline-mfg-capability\runtime/sl.reflex.dll' is signed by NVIDIA and the signature was verified.
STREAMLINE_INIT_RESULT=0
DLSSG_FEATURE_REQUIREMENTS_RESULT=0
DLSSG_REQUIREMENT_FLAGS=0x16
DLSSG_MAX_VIEWPORTS=1
DLSSG_REQUIRED_TAG_COUNT=4
DLSSG_REQUIRED_TAG_0_VALUE=0
DLSSG_REQUIRED_TAG_0_NAME=Depth
DLSSG_REQUIRED_TAG_1_VALUE=1
DLSSG_REQUIRED_TAG_1_NAME=MotionVectors
DLSSG_REQUIRED_TAG_2_VALUE=2
DLSSG_REQUIRED_TAG_2_NAME=HUDLessColor
DLSSG_REQUIRED_TAG_3_VALUE=23
DLSSG_REQUIRED_TAG_3_NAME=UIColorAndAlpha
HARNESS_PROVIDED_TAG_COUNT=2
HARNESS_PROVIDED_TAG_0=Depth
HARNESS_PROVIDED_TAG_1=MotionVectors
MISSING_REQUIRED_TAG_COUNT=2
MISSING_REQUIRED_TAG_0_VALUE=2
MISSING_REQUIRED_TAG_0_NAME=HUDLessColor
MISSING_REQUIRED_TAG_1_VALUE=23
MISSING_REQUIRED_TAG_1_NAME=UIColorAndAlpha
HUDLESS_REQUIRED_BY_RUNTIME=YES
HUDLESS_CURRENTLY_PROVIDED=NO
REQUIRED_TAG_CONTRACT_SATISFIED=NO
DLSSG_SET_OPTIONS_CALLED=NO
DLSSG_CREATE_CALLED=NO
DLSSG_EVALUATE_CALLED=NO
PRESENT_CALLED=NO
REQUIRED_TAG_QUERY=PASS
STREAMLINE_SHUTDOWN_RESULT=0
NORMAL_SHUTDOWN=YES
FAIL_STAGE=NONE
