SM86_PROXY_LOADED=YES
File 'D:\ProjectDllsss\experiments\streamline-mfg-capability\runtime/sl.common.dll' is signed by NVIDIA and the signature was verified.
File 'D:\ProjectDllsss\experiments\streamline-mfg-capability\runtime/sl.dlss_g.dll' is signed by NVIDIA and the signature was verified.
File 'D:\ProjectDllsss\experiments\streamline-mfg-capability\runtime/sl.pcl.dll' is signed by NVIDIA and the signature was verified.
File 'D:\ProjectDllsss\experiments\streamline-mfg-capability\runtime/sl.reflex.dll' is signed by NVIDIA and the signature was verified.
STREAMLINE_INIT_RESULT=0
HRESULT=0x0
HRESULT=0x0
HRESULT=0x0
GPU_NAME=NVIDIA GeForce RTX 3050 Ti Laptop GPU
ADAPTER_LUID=4c29010000000000
D3D12_DEBUG_INTERFACE_HRESULT=0x0
D3D12_DEBUG_LAYER_ENABLED=YES
DXGI_INFOQUEUE_HRESULT=0x0
DXGI_INFOQUEUE_AVAILABLE=YES
HRESULT=0x0
SL_SET_D3D_DEVICE_RESULT=0
DEVICE_PROXY_RESULT=0
HRESULT=0x0
HRESULT=0x0
FACTORY_PROXY_RESULT=0
FACTORY_PROXY_ACTIVE=YES
HRESULT=0x0
HRESULT=0x0
SWAPCHAIN_CREATED=YES
STREAMLINE_PRESENT_MODEL=PROXY_SWAPCHAIN
HRESULT=0x0
HRESULT=0x0
HRESULT=0x0
HRESULT=0x0
HRESULT=0x0
HRESULT=0x0
HRESULT=0x0
HRESULT=0x0
HRESULT=0x0
HRESULT=0x0
HRESULT=0x0
HRESULT=0x0
HRESULT=0x0
HRESULT=0x0
D3D12_INFOQUEUE_HRESULT=0x0
D3D12_INFOQUEUE_AVAILABLE=YES
DLSSG_FEATURE_SUPPORT_RESULT=0
slDLSSGSetOptions=0
SET_OPTIONS_OFF_RESULT=0
DLSSG_PLUGIN_REQUESTED=YES
DLSSG_MODE=eOff
DLSSG_ENABLED=NO
slReflexSleep=0
slPCLSetMarker=0
SWAPCHAIN_NATIVE_QUERY_RESULT=0
SWAPCHAIN_PROXY_ACTIVE=YES
OFF_FRAME_TOKEN_RESULT=0
OFF_REFLEX_SLEEP_RESULT=0
OFF_SIM_START_RESULT=0
OFF_SIM_END_RESULT=0
OFF_RENDER_START_RESULT=0
HRESULT=0x0
HRESULT=0x0
HRESULT=0x0
HRESULT=0x0
OFF_RENDER_END_RESULT=0
OFF_PRESENT_START_RESULT=0
D3D12_MESSAGES_BEFORE_PRESENT=0
DXGI_MESSAGES_BEFORE_PRESENT=0
FIRST_PRESENT_HRESULT=0x887a0001
D3D12_MESSAGES_AFTER_PRESENT=0
D3D12_NEW_MESSAGE_COUNT=0
DXGI_MESSAGES_AFTER_PRESENT=1
DXGI_NEW_MESSAGE_COUNT=1
DXGI_DEBUG_MESSAGE_BEGIN
INDEX=0
CATEGORY=1
SEVERITY=1
ID=284
DESCRIPTION=IDXGISwapChain::Present: The flag DXGI_PRESENT_ALLOW_TEARING requires the DXGI_SWAP_CHAIN_FLAG_ALLOW_TEARING SwapChain flag.
DXGI_DEBUG_MESSAGE_END
PRESENT_END_EXECUTED=NO
HRESULT=0x887a0001
FAIL_STAGE=PRESENT
ERROR=D3D12/DXGI failure
DEVICE_REMOVED_REASON=0
HRESULT=0x0
STREAMLINE_SHUTDOWN_RESULT=0
