[2026-10-03 14:16:25] [NGXSafeInitializeLog:150] App logging hooks successfully initialized

[2026-10-03 14:16:25] [NGXSafeInitializeLog:133] App logging hooks successfully initialized

[2026-10-03 14:16:25] [NGXCheckArchitectureSupport:229] Found matching adapter with NVAPI physical GPU handle: 0x100 and LUID: { 0x0, 0x1294c }

[2026-10-03 14:16:25] [NGXGetPathUsingQAI:475] Checking for path to NGX using QueryAdapterInfo

[2026-10-03 14:16:25] [NGXGetPathUsingQAI:512] Path to driverStore found using QAI: C:\WINDOWS\System32\DriverStore\FileRepository\nvlti.inf_amd64_af02d12a5c2283af

[2026-10-03 14:16:25] [NGXGetPath:1045] using path for models: C:\ProgramData\NVIDIA\NGX\models

[2026-10-03 14:16:25] [NGXGetPath:1045] using path for models: C:\ProgramData\NVIDIA\NGX\models

[2026-10-03 14:16:25] [CreateSecurityDescriptor:94] security attributes generated successfully

[2026-10-03 14:16:25] [CreateFolderWithACEs:154] using generated security descriptor for creating folder at: C:\ProgramData\NVIDIA\NGX\models

[2026-10-03 14:16:26] [ModifyExistingFolderDACL:211] updated access control list for NGX cache (NGX cache should now be usable by all authenticated users)

[2026-10-03 14:16:26] [NGXCreateModelsFolder:1072] model folder created: C:\ProgramData\NVIDIA\NGX\models

[2026-10-03 14:16:26] [NGXLoadConfig:1144] [dlss]

[2026-10-03 14:16:26] [NGXLoadConfig:1150] app_B9FEB50=1.0.108

[2026-10-03 14:16:26] [NGXLoadConfig:1150] app_B9FF4BC=1.0.108

[2026-10-03 14:16:26] [NGXLoadConfig:1150] app_B9FD524=1.0.108

[2026-10-03 14:16:26] [NGXLoadConfig:1150] app_B9DF510=1.3.106

[2026-10-03 14:16:26] [NGXLoadConfig:1150] app_B9CB0B8=1.0.108

[2026-10-03 14:16:26] [NGXLoadConfig:1150] app_B9E26B0=2.1.28

[2026-10-03 14:16:26] [NGXLoadConfig:1150] app_B9D48D0=1.0.108

[2026-10-03 14:16:26] [NGXLoadConfig:1150] app_E99B5EC=1.2.109

[2026-10-03 14:16:26] [NGXLoadConfig:1150] app_B9DFA64=1.0.108

[2026-10-03 14:16:26] [NGXLoadConfig:1150] app_B9FD6C0=1.0.108

[2026-10-03 14:16:26] [NGXLoadConfig:1150] app_B9CF688=2.2.15

[2026-10-03 14:16:26] [NGXLoadConfig:1150] app_B9D6F08=1.0.108

[2026-10-03 14:16:26] [NGXLoadConfig:1150] app_B9BF564=2.1.201

[2026-10-03 14:16:26] [NGXLoadConfig:1150] app_B9DB4F4=1.0.108

[2026-10-03 14:16:26] [NGXLoadConfig:1150] app_B9D2F5C=1.2.110

[2026-10-03 14:16:26] [NGXLoadConfig:1150] app_B9D7388=1.0.108

[2026-10-03 14:16:26] [NGXLoadConfig:1150] app_B9F5618=2.1.29

[2026-10-03 14:16:26] [NGXLoadConfig:1150] app_B9DAE68=1.2.109

[2026-10-03 14:16:26] [NGXLoadConfig:1150] app_B9D8C54=1.2.109

[2026-10-03 14:16:26] [NGXLoadConfig:1150] app_B9D3EF0=2.1.28

[2026-10-03 14:16:26] [NGXLoadConfig:1150] app_B9FACDC=2.1.201

[2026-10-03 14:16:26] [NGXLoadConfig:1150] app_F7361DC=2.1.28

[2026-10-03 14:16:26] [NGXLoadConfig:1150] app_B9C3560=2.1.201

[2026-10-03 14:16:26] [NGXLoadConfig:1150] app_B9B0430=2.1.28

[2026-10-03 14:16:26] [NGXLoadConfig:1150] app_E658702=0.0.0

[2026-10-03 14:16:26] [NGXLoadConfig:1150] app_E658701=0.0.0

[2026-10-03 14:16:26] [NGXLoadConfig:1150] app_E658700=310.9.0

[2026-10-03 14:16:26] [NGXLoadConfig:1150] app_B9393FC=2.1.201

[2026-10-03 14:16:26] [NGXLoadConfig:1144] [dlisp]

[2026-10-03 14:16:26] [NGXLoadConfig:1150] app_B9CF688=2.1.15

[2026-10-03 14:16:26] [NGXLoadConfig:1150] app_E99B5EC=1.2.102

[2026-10-03 14:16:26] [NGXLoadConfig:1150] app_E658703=310.0.0

[2026-10-03 14:16:26] [NGXLoadConfig:1150] app_B9D8C54=1.2.106

[2026-10-03 14:16:26] [NGXLoadConfig:1150] app_B9D2F5C=1.2.106

[2026-10-03 14:16:26] [NGXLoadConfig:1150] app_B9DF510=1.3.101

[2026-10-03 14:16:26] [NGXLoadConfig:1150] app_B9DAE68=1.2.106

[2026-10-03 14:16:26] [NGXLoadConfig:1144] [sl_sdk_0]

[2026-10-03 14:16:26] [NGXLoadConfig:1150] app_E658703=2.14.0

[2026-10-03 14:16:26] [NGXLoadConfig:1144] [sl_common_0]

[2026-10-03 14:16:26] [NGXLoadConfig:1150] app_E658703=2.14.0

[2026-10-03 14:16:26] [NGXLoadConfig:1144] [sl_deepdvc_0]

[2026-10-03 14:16:26] [NGXLoadConfig:1150] app_E658703=2.14.0

[2026-10-03 14:16:26] [NGXLoadConfig:1144] [sl_dlss_0]

[2026-10-03 14:16:26] [NGXLoadConfig:1150] app_E658703=2.14.0

[2026-10-03 14:16:26] [NGXLoadConfig:1144] [sl_dlss_d_0]

[2026-10-03 14:16:26] [NGXLoadConfig:1150] app_E658703=2.14.0

[2026-10-03 14:16:26] [NGXLoadConfig:1144] [sl_dlss_g_0]

[2026-10-03 14:16:26] [NGXLoadConfig:1150] app_E658703=2.14.0

[2026-10-03 14:16:26] [NGXLoadConfig:1144] [sl_nis_0]

[2026-10-03 14:16:26] [NGXLoadConfig:1150] app_E658703=2.14.0

[2026-10-03 14:16:26] [NGXLoadConfig:1144] [sl_deepdvc_override_0]

[2026-10-03 14:16:26] [NGXLoadConfig:1150] app_E658700=2.14.0

[2026-10-03 14:16:26] [NGXLoadConfig:1144] [sl_nvperf_0]

[2026-10-03 14:16:26] [NGXLoadConfig:1150] app_E658703=2.14.0

[2026-10-03 14:16:26] [NGXLoadConfig:1144] [sl_pcl_0]

[2026-10-03 14:16:26] [NGXLoadConfig:1150] app_E658703=2.14.0

[2026-10-03 14:16:26] [NGXLoadConfig:1144] [sl_reflex_0]

[2026-10-03 14:16:26] [NGXLoadConfig:1150] app_E658703=2.14.0

[2026-10-03 14:16:26] [NGXLoadConfig:1144] [dlss_override]

[2026-10-03 14:16:26] [NGXLoadConfig:1150] app_E658700=310.9.0

[2026-10-03 14:16:26] [NGXLoadConfig:1144] [dlssd]

[2026-10-03 14:16:26] [NGXLoadConfig:1150] app_E658700=310.9.0

[2026-10-03 14:16:26] [NGXLoadConfig:1144] [dlssg]

[2026-10-03 14:16:26] [NGXLoadConfig:1150] app_E658700=310.9.0

[2026-10-03 14:16:26] [NGXLoadConfig:1144] [sl_sdk_override_0]

[2026-10-03 14:16:26] [NGXLoadConfig:1150] app_E658700=2.14.0

[2026-10-03 14:16:26] [NGXLoadConfig:1144] [sl_dlss_g_override_0]

[2026-10-03 14:16:26] [NGXLoadConfig:1150] app_E658700=2.14.0

[2026-10-03 14:16:26] [NGXLoadConfig:1144] [sl_common_override_0]

[2026-10-03 14:16:26] [NGXLoadConfig:1150] app_E658700=2.14.0

[2026-10-03 14:16:26] [NGXLoadConfig:1144] [sl_dlss_override_0]

[2026-10-03 14:16:26] [NGXLoadConfig:1150] app_E658700=2.14.0

[2026-10-03 14:16:26] [NGXLoadConfig:1144] [sl_nis_override_0]

[2026-10-03 14:16:26] [NGXLoadConfig:1150] app_E658700=2.14.0

[2026-10-03 14:16:26] [NGXLoadConfig:1144] [sl_dlss_d_override_0]

[2026-10-03 14:16:26] [NGXLoadConfig:1150] app_E658700=2.14.0

[2026-10-03 14:16:26] [NGXLoadConfig:1144] [sl_nvperf_override_0]

[2026-10-03 14:16:26] [NGXLoadConfig:1150] app_E658700=2.14.0

[2026-10-03 14:16:26] [NGXLoadConfig:1144] [sl_pcl_override_0]

[2026-10-03 14:16:26] [NGXLoadConfig:1150] app_E658700=2.14.0

[2026-10-03 14:16:26] [NGXLoadConfig:1144] [sl_reflex_override_0]

[2026-10-03 14:16:26] [NGXLoadConfig:1150] app_E658700=2.14.0

[2026-10-03 14:16:26] [`anonymous-namespace'::LoadMappingFileData:268] listItem.engineVersion .* listItem.genericCMSId 86aa7b4

[2026-10-03 14:16:26] [`anonymous-namespace'::LoadMappingFileData:282]  project id 3F9D696D4363312194B0ECB2671E899F cms id B9FBD50

[2026-10-03 14:16:26] [`anonymous-namespace'::LoadMappingFileData:268] listItem.engineVersion .* listItem.genericCMSId 8618954

[2026-10-03 14:16:26] [`anonymous-namespace'::LoadMappingFileData:268] listItem.engineVersion .* listItem.genericCMSId b9b05cc

[2026-10-03 14:16:26] [`anonymous-namespace'::LoadMappingFileData:268] listItem.engineVersion .* listItem.genericCMSId 876232c

[2026-10-03 14:16:26] [MapProjectId:1905] Found cms id 876232c for engine: custom engineVersion 1.0.0 projectID 72e7a53d-cb8a-4d01-bd3c-98f139a246e5

[2026-10-03 14:16:26] [NGXDRSInit:327] NvAPI_DRS_FindApplicationByName -166

[2026-10-03 14:16:26] [NGXInitContext:245] called from module ngx_stock_probe.exe at D:\ProjectDllsss\experiments\ngx-dlssg-probe\build

[2026-10-03 14:16:26] [NGXContextDenyListData::IsFeatureDenied:669] Feature dldenoiser, denial value 0 for Cms ID 876232c

[2026-10-03 14:16:26] [`anonymous-namespace'::SnippetLocationInfo::load:695] NGXLoadFromPath failed: -1160773628

[2026-10-03 14:16:26] [`anonymous-namespace'::SnippetLocationInfo::load:695] NGXLoadFromPath failed: -1160773628

[2026-10-03 14:16:26] [NGXSecureLoadFeature:1231] warning: ModuleName - nvngx_dldenoiser.dll doesn't exist in any of the search paths!

[2026-10-03 14:16:26] [NGXReportStatusFeedback:1057] Override shared memory open failure

[2026-10-03 14:16:26] [NGXContextDenyListData::IsFeatureDenied:669] Feature dlss, denial value 0 for Cms ID 876232c

[2026-10-03 14:16:26] [`anonymous-namespace'::SnippetLocationInfo::load:695] NGXLoadFromPath failed: -1160773628

[2026-10-03 14:16:26] [`anonymous-namespace'::SnippetLocationInfo::load:695] NGXLoadFromPath failed: -1160773628

[2026-10-03 14:16:26] [NGXSecureLoadFeature:1231] warning: ModuleName - nvngx_dlss.dll doesn't exist in any of the search paths!

[2026-10-03 14:16:26] [NGXReportStatusFeedback:1057] Override shared memory open failure

[2026-10-03 14:16:26] [NGXReportStatusFeedback:1057] Override shared memory open failure

[2026-10-03 14:16:26] [NGXContextDenyListData::IsFeatureDenied:669] Feature dlinpainting, denial value 0 for Cms ID 876232c

[2026-10-03 14:16:26] [`anonymous-namespace'::SnippetLocationInfo::load:695] NGXLoadFromPath failed: -1160773628

[2026-10-03 14:16:26] [`anonymous-namespace'::SnippetLocationInfo::load:695] NGXLoadFromPath failed: -1160773628

[2026-10-03 14:16:26] [NGXSecureLoadFeature:1231] warning: ModuleName - nvngx_dlinpainting.dll doesn't exist in any of the search paths!

[2026-10-03 14:16:26] [NGXContextDenyListData::IsFeatureDenied:669] Feature dlisr, denial value 0 for Cms ID 876232c

[2026-10-03 14:16:26] [`anonymous-namespace'::SnippetLocationInfo::load:695] NGXLoadFromPath failed: -1160773628

[2026-10-03 14:16:26] [`anonymous-namespace'::SnippetLocationInfo::load:695] NGXLoadFromPath failed: -1160773628

[2026-10-03 14:16:26] [NGXSecureLoadFeature:1231] warning: ModuleName - nvngx_dlisr.dll doesn't exist in any of the search paths!

[2026-10-03 14:16:26] [NGXContextDenyListData::IsFeatureDenied:669] Feature dlslowmo, denial value 0 for Cms ID 876232c

[2026-10-03 14:16:26] [`anonymous-namespace'::SnippetLocationInfo::load:695] NGXLoadFromPath failed: -1160773628

[2026-10-03 14:16:26] [`anonymous-namespace'::SnippetLocationInfo::load:695] NGXLoadFromPath failed: -1160773628

[2026-10-03 14:16:26] [NGXSecureLoadFeature:1231] warning: ModuleName - nvngx_dlslowmo.dll doesn't exist in any of the search paths!

[2026-10-03 14:16:26] [NGXContextDenyListData::IsFeatureDenied:669] Feature dlvsr, denial value 0 for Cms ID 876232c

[2026-10-03 14:16:26] [`anonymous-namespace'::SnippetLocationInfo::load:695] NGXLoadFromPath failed: -1160773628

[2026-10-03 14:16:26] [`anonymous-namespace'::SnippetLocationInfo::load:695] NGXLoadFromPath failed: -1160773628

[2026-10-03 14:16:26] [NGXSecureLoadFeature:1231] warning: ModuleName - nvngx_dlvsr.dll doesn't exist in any of the search paths!

[2026-10-03 14:16:26] [NGXContextDenyListData::IsFeatureDenied:669] Feature dlcolorize, denial value 0 for Cms ID 876232c

[2026-10-03 14:16:26] [`anonymous-namespace'::SnippetLocationInfo::load:695] NGXLoadFromPath failed: -1160773628

[2026-10-03 14:16:26] [`anonymous-namespace'::SnippetLocationInfo::load:695] NGXLoadFromPath failed: -1160773628

[2026-10-03 14:16:26] [NGXSecureLoadFeature:1231] warning: ModuleName - nvngx_dlcolorize.dll doesn't exist in any of the search paths!

[2026-10-03 14:16:26] [NGXContextDenyListData::IsFeatureDenied:669] Feature dlstyletransfer, denial value 0 for Cms ID 876232c

[2026-10-03 14:16:26] [`anonymous-namespace'::SnippetLocationInfo::load:695] NGXLoadFromPath failed: -1160773628

[2026-10-03 14:16:26] [`anonymous-namespace'::SnippetLocationInfo::load:695] NGXLoadFromPath failed: -1160773628

[2026-10-03 14:16:26] [NGXSecureLoadFeature:1231] warning: ModuleName - nvngx_dlstyletransfer.dll doesn't exist in any of the search paths!

[2026-10-03 14:16:26] [NGXContextDenyListData::IsFeatureDenied:669] Feature dlvdenoiser, denial value 0 for Cms ID 876232c

[2026-10-03 14:16:26] [`anonymous-namespace'::SnippetLocationInfo::load:695] NGXLoadFromPath failed: -1160773628

[2026-10-03 14:16:26] [`anonymous-namespace'::SnippetLocationInfo::load:695] NGXLoadFromPath failed: -1160773628

[2026-10-03 14:16:26] [NGXSecureLoadFeature:1231] warning: ModuleName - nvngx_dlvdenoiser.dll doesn't exist in any of the search paths!

[2026-10-03 14:16:26] [NGXContextDenyListData::IsFeatureDenied:669] Feature dlisp, denial value 0 for Cms ID 876232c

[2026-10-03 14:16:26] [`anonymous-namespace'::SnippetLocationInfo::load:695] NGXLoadFromPath failed: -1160773628

[2026-10-03 14:16:26] [`anonymous-namespace'::SnippetLocationInfo::load:695] NGXLoadFromPath failed: -1160773628

[2026-10-03 14:16:26] [NGXSecureLoadFeature:1231] warning: ModuleName - nvngx_dlisp.dll doesn't exist in any of the search paths!

[2026-10-03 14:16:26] [NGXContextDenyListData::IsFeatureDenied:669] Feature dlresolve, denial value 0 for Cms ID 876232c

[2026-10-03 14:16:26] [`anonymous-namespace'::SnippetLocationInfo::load:695] NGXLoadFromPath failed: -1160773628

[2026-10-03 14:16:26] [`anonymous-namespace'::SnippetLocationInfo::load:695] NGXLoadFromPath failed: -1160773628

[2026-10-03 14:16:26] [NGXSecureLoadFeature:1231] warning: ModuleName - nvngx_dlresolve.dll doesn't exist in any of the search paths!

[2026-10-03 14:16:26] [NGXReportStatusFeedback:1057] Override shared memory open failure

[2026-10-03 14:16:26] [NGXContextDenyListData::IsFeatureDenied:669] Feature dlssg, denial value 0 for Cms ID 876232c

[2026-10-03 14:16:26] [NGXLoadLibrary:34] Loaded NGXCore from path (D:\ProjectDllsss\experiments\ngx-dlssg-probe\build/nvngx_dlssg.dll)

[2026-10-03 14:16:26] [NGXValidateSnippetMetaData:1509] Validating snippet D:\ProjectDllsss\experiments\ngx-dlssg-probe\build/nvngx_dlssg.dll

[2026-10-03 14:16:26] [NGXValidateSnippetMetaData:1511] NGX CORE API version : 0x15, Snippet requires at least : 0x13

[2026-10-03 14:16:26] [NGXValidateSnippetMetaData:1515] GPU architecture : 0x170, Snippet expects at least : 0x190

[2026-10-03 14:16:26] [NGXValidateSnippetMetaData:1519] error: snippet is using newer GPU arch 190 > 170

[2026-10-03 14:16:26] [`anonymous-namespace'::SnippetLocationInfo::load:695] NGXLoadFromPath failed: -1160773628

[2026-10-03 14:16:26] [NGXSecureLoadFeature:1329] Feature dlssg failed to load (cmsid 141959980) from cache (location: C:\ProgramData\NVIDIA\NGX\models\dlssg\versions\0\files, name: 160_876232C.bin)

[2026-10-03 14:16:26] [`anonymous-namespace'::SnippetLocationInfo::load:695] NGXLoadFromPath failed: -1160773628

[2026-10-03 14:16:26] [NGXSecureLoadFeature:1329] Feature dlssg failed to load (cmsid 241534723) from cache (location: C:\ProgramData\NVIDIA\NGX\models\dlssg\versions\0\files, name: 160_E658703.bin)

[2026-10-03 14:16:26] [NGXReportStatusFeedback:1057] Override shared memory open failure

[2026-10-03 14:16:26] [NGXLoadLibrary:34] Loaded NGXCore from path (C:\WINDOWS\System32\DriverStore\FileRepository\nvlti.inf_amd64_af02d12a5c2283af/nvngx_dlssg.dll)

[2026-10-03 14:16:26] [NGXValidateSnippetMetaData:1509] Validating snippet C:\WINDOWS\System32\DriverStore\FileRepository\nvlti.inf_amd64_af02d12a5c2283af/nvngx_dlssg.dll

[2026-10-03 14:16:26] [NGXValidateSnippetMetaData:1511] NGX CORE API version : 0x15, Snippet requires at least : 0x13

[2026-10-03 14:16:26] [NGXValidateSnippetMetaData:1515] GPU architecture : 0x170, Snippet expects at least : 0x190

[2026-10-03 14:16:26] [NGXValidateSnippetMetaData:1519] error: snippet is using newer GPU arch 190 > 170

[2026-10-03 14:16:26] [NGXSecureLoadFeature:1366] Found dlssg driver fallback snippet at C:\WINDOWS\System32\DriverStore\FileRepository\nvlti.inf_amd64_af02d12a5c2283af

[2026-10-03 14:16:26] [NGXSecureLoadFeature:1445] app 876232C feature dlssg snippet: D:\ProjectDllsss\experiments\ngx-dlssg-probe\build/nvngx_dlssg.dll version: 310.9.1

[2026-10-03 14:16:26] [NGXReportStatusFeedback:1057] Override shared memory open failure

[2026-10-03 14:16:26] [NGXContextDenyListData::IsFeatureDenied:669] Feature deepdvc, denial value 0 for Cms ID 876232c

[2026-10-03 14:16:26] [`anonymous-namespace'::SnippetLocationInfo::load:695] NGXLoadFromPath failed: -1160773628

[2026-10-03 14:16:26] [`anonymous-namespace'::SnippetLocationInfo::load:695] NGXLoadFromPath failed: -1160773628

[2026-10-03 14:16:26] [NGXSecureLoadFeature:1231] warning: ModuleName - nvngx_deepdvc.dll doesn't exist in any of the search paths!

[2026-10-03 14:16:26] [NGXReportStatusFeedback:1057] Override shared memory open failure

[2026-10-03 14:16:26] [NGXContextDenyListData::IsFeatureDenied:669] Feature dlssd, denial value 0 for Cms ID 876232c

[2026-10-03 14:16:26] [`anonymous-namespace'::SnippetLocationInfo::load:695] NGXLoadFromPath failed: -1160773628

[2026-10-03 14:16:26] [`anonymous-namespace'::SnippetLocationInfo::load:695] NGXLoadFromPath failed: -1160773628

[2026-10-03 14:16:26] [NGXSecureLoadFeature:1231] warning: ModuleName - nvngx_dlssd.dll doesn't exist in any of the search paths!

[2026-10-03 14:16:26] [NGXReportStatusFeedback:1057] Override shared memory open failure

[2026-10-03 14:16:26] [NGXReportStatusFeedback:1057] Override shared memory open failure

[2026-10-03 14:16:26] [NGXContextDenyListData::IsFeatureDenied:669] Feature truehdr, denial value 0 for Cms ID 876232c

[2026-10-03 14:16:26] [`anonymous-namespace'::SnippetLocationInfo::load:695] NGXLoadFromPath failed: -1160773628

[2026-10-03 14:16:26] [`anonymous-namespace'::SnippetLocationInfo::load:695] NGXLoadFromPath failed: -1160773628

[2026-10-03 14:16:26] [NGXSecureLoadFeature:1231] warning: ModuleName - nvngx_truehdr.dll doesn't exist in any of the search paths!

[2026-10-03 14:16:26] [NGXContextDenyListData::IsFeatureDenied:669] Feature latewarp, denial value 0 for Cms ID 876232c

[2026-10-03 14:16:26] [`anonymous-namespace'::SnippetLocationInfo::load:695] NGXLoadFromPath failed: -1160773628

[2026-10-03 14:16:26] [`anonymous-namespace'::SnippetLocationInfo::load:695] NGXLoadFromPath failed: -1160773628

[2026-10-03 14:16:26] [NGXSecureLoadFeature:1231] warning: ModuleName - nvngx_latewarp.dll doesn't exist in any of the search paths!

[2026-10-03 14:16:26] [NGXContextDenyListData::IsFeatureDenied:669] Feature vsr, denial value 0 for Cms ID 876232c

[2026-10-03 14:16:26] [`anonymous-namespace'::SnippetLocationInfo::load:695] NGXLoadFromPath failed: -1160773628

[2026-10-03 14:16:26] [`anonymous-namespace'::SnippetLocationInfo::load:695] NGXLoadFromPath failed: -1160773628

[2026-10-03 14:16:26] [NGXSecureLoadFeature:1231] warning: ModuleName - nvngx_vsr.dll doesn't exist in any of the search paths!

[2026-10-03 14:16:26] [NGXContextDenyListData::IsFeatureDenied:669] Feature fgx, denial value 0 for Cms ID 876232c

[2026-10-03 14:16:26] [`anonymous-namespace'::SnippetLocationInfo::load:695] NGXLoadFromPath failed: -1160773628

[2026-10-03 14:16:26] [`anonymous-namespace'::SnippetLocationInfo::load:695] NGXLoadFromPath failed: -1160773628

[2026-10-03 14:16:26] [NGXSecureLoadFeature:1231] warning: ModuleName - nvngx_fgx.dll doesn't exist in any of the search paths!

[2026-10-03 14:16:26] [NGXReportStatusFeedback:1057] Override shared memory open failure

[2026-10-03 14:16:26] [NGXReportStatusFeedback:1057] Override shared memory open failure

[2026-10-03 14:16:26] [NGXSendTelemetryShutdownData:958] Sending Telemetry Shutdown Data

