SM86_PROXY_LOADED=YES
File 'D:\ProjectDllsss\experiments\streamline-mfg-capability\runtime/sl.common.dll' is signed by NVIDIA and the signature was verified.
File 'D:\ProjectDllsss\experiments\streamline-mfg-capability\runtime/sl.dlss_g.dll' is signed by NVIDIA and the signature was verified.
File 'D:\ProjectDllsss\experiments\streamline-mfg-capability\runtime/sl.pcl.dll' is signed by NVIDIA and the signature was verified.
File 'D:\ProjectDllsss\experiments\streamline-mfg-capability\runtime/sl.reflex.dll' is signed by NVIDIA and the signature was verified.
STREAMLINE_INIT_RESULT=0
HRESULT=0x0
HRESULT=0x0
HRESULT=0x0
GPU_NAME=NVIDIA GeForce RTX 3050 Ti Laptop GPU
ADAPTER_LUID=4c29010000000000
D3D12_DEBUG_INTERFACE_HRESULT=0x0
D3D12_DEBUG_LAYER_ENABLED=YES
DXGI_INFOQUEUE_HRESULT=0x0
DXGI_INFOQUEUE_AVAILABLE=YES
HRESULT=0x0
SL_SET_D3D_DEVICE_RESULT=0
DEVICE_PROXY_RESULT=0
HRESULT=0x0
NATIVE_DEVICE_PRESERVED=YES
PROXY_DEVICE_PRESERVED=YES
CREATE_COMMAND_QUEUE_INTERFACE=PROXY
NON_HOOKED_D3D12_INTERFACE=NATIVE
CREATE_SWAPCHAIN_INTERFACE=PROXY
PRESENT_INTERFACE=PROXY
GET_BUFFER_INTERFACE=PROXY
GET_CURRENT_BACKBUFFER_INDEX_INTERFACE=PROXY
HRESULT=0x0
FACTORY_PROXY_RESULT=0
FACTORY_PROXY_ACTIVE=YES
FACTORY5_QUERY_HRESULT=0x0
TEARING_CHECK_HRESULT=0x0
TEARING_SUPPORTED=YES
SWAPCHAIN_ALLOW_TEARING_FLAG_ADDED=YES
HRESULT=0x0
HRESULT=0x0
SWAPCHAIN_CREATED=YES
STREAMLINE_PRESENT_MODEL=PROXY_SWAPCHAIN
NATIVE_SWAPCHAIN_INTERFACE_RESULT=0
SWAPCHAIN_GET_DESC1_HRESULT=0x0
SWAPCHAIN_ACTUAL_FLAGS=0x840
SWAPCHAIN_ACTUAL_ALLOW_TEARING=YES
HRESULT=0x0
HRESULT=0x0
HRESULT=0x0
HRESULT=0x0
HRESULT=0x0
HRESULT=0x0
HRESULT=0x0
HUDLESS_RESOURCE_CREATED=YES
HUDLESS_FORMAT=DXGI_FORMAT_R8G8B8A8_UNORM
HUDLESS_SIZE=1280x720
UI_COLOR_ALPHA_RESOURCE_CREATED=YES
UI_COLOR_ALPHA_FORMAT=DXGI_FORMAT_R8G8B8A8_UNORM
UI_COLOR_ALPHA_SIZE=1280x720
CPU_TRANSPORT_COPY_COUNT=0
HRESULT=0x0
HRESULT=0x0
HRESULT=0x0
HRESULT=0x0
HRESULT=0x0
HRESULT=0x0
HRESULT=0x0
HRESULT=0x0
HRESULT=0x0
D3D12_INFOQUEUE_HRESULT=0x0
D3D12_INFOQUEUE_AVAILABLE=YES
DLSSG_FEATURE_SUPPORT_RESULT=0
slDLSSGGetState=0
slDLSSGSetOptions=0
slReflexSetOptions=0
slReflexSleep=0
slPCLSetMarker=0
REFLEX_OPTIONS_RESULT=0
REQUESTED_GENERATED_COUNT=1
SET_OPTIONS_RESULT=0
ACTIVE_SWAPCHAIN_RECREATE_BEGIN=YES
HRESULT=0x0
ACTIVE_SWAPCHAIN_PRE_RECREATE_DRAIN=SUCCESS
OLD_BACKBUFFERS_RELEASED=YES
OLD_SWAPCHAIN_RELEASED=YES
HRESULT=0x0
ACTIVE_RECREATE_FACTORY_PROXY_RESULT=0
ACTIVE_RECREATE_FACTORY_PROXY_ACTIVE=YES
ACTIVE_RECREATE_FACTORY5_QUERY_HRESULT=0x0
HRESULT=0x0
ACTIVE_RECREATE_TEARING_CHECK_HRESULT=0x0
ACTIVE_RECREATE_TEARING_SUPPORTED=YES
HRESULT=0x0
ACTIVE_SWAPCHAIN_CREATE_HRESULT=0x0
HRESULT=0x0
HRESULT=0x0
ACTIVE_SWAPCHAIN_RECREATE_RESULT=SUCCESS
ACTIVE_SWAPCHAIN_CREATED_AFTER_DLSSG_ON=YES
ACTIVE_SWAPCHAIN_PRESENT_MODEL=STREAMLINE_PROXY
NATIVE_SWAPCHAIN_INTERFACE_RESULT=0
ACTIVE_SWAPCHAIN_GET_DESC1_RESULT=SUCCESS
ACTIVE_SWAPCHAIN_GET_DESC1_HRESULT=0x0
HRESULT=0x0
ACTIVE_SWAPCHAIN_ACTUAL_FLAGS=0x840
ACTIVE_SWAPCHAIN_ALLOW_TEARING=YES
NEW_BACKBUFFER_0_HRESULT=0x0
HRESULT=0x0
NEW_BACKBUFFER_0_ACQUIRED=YES
NEW_BACKBUFFER_1_HRESULT=0x0
HRESULT=0x0
NEW_BACKBUFFER_1_ACQUIRED=YES
ACTIVE_SWAPCHAIN_RECREATE_END=YES
TOKEN_RESULT=0
REFLEX_SLEEP_RESULT=0
SIM_BEGIN_RESULT=0
CONSTANTS_RESULT=0
SIM_END_RESULT=0
RENDER_BEGIN_RESULT=0
HRESULT=0x0
HRESULT=0x0
HRESULT=0x0
HRESULT=0x0
TAGS_RESULT=0
ACTIVE_TAG_COUNT=4
ACTIVE_TAG_0=Depth
ACTIVE_TAG_1=MotionVectors
ACTIVE_TAG_2=HUDLessColor
ACTIVE_TAG_3=UIColorAndAlpha
REQUIRED_TAG_CONTRACT_SATISFIED_AT_RUNTIME=YES
RENDER_END_RESULT=0
PRESENT_BEGIN_RESULT=0
FIRST_PRESENT_RESULT=SUCCESS
FIRST_PRESENT_HRESULT=0x0
D3D12_NEW_ERROR_COUNT=0
DXGI_NEW_ERROR_COUNT=0
REAL_PRESENT frame=0
PRESENT_END_RESULT=0
STATE_RESULT=0
RUNTIME_STATE frame=0 status=0 numFramesActuallyPresented=1 max=4 estimatedVRAM=0
DLSSG_STATE_STATUS=0
DLSSG_STATE_NUM_FRAMES_TO_GENERATE_MAX=4
DLSSG_STATE_NUM_FRAMES_ACTUALLY_PRESENTED=1
TOKEN_RESULT=0
REFLEX_SLEEP_RESULT=0
SIM_BEGIN_RESULT=0
CONSTANTS_RESULT=0
SIM_END_RESULT=0
RENDER_BEGIN_RESULT=0
HRESULT=0x0
HRESULT=0x0
HRESULT=0x0
HRESULT=0x0
TAGS_RESULT=0
RENDER_END_RESULT=0
PRESENT_BEGIN_RESULT=0
REAL_PRESENT frame=1
PRESENT_END_RESULT=0
STATE_RESULT=0
RUNTIME_STATE frame=1 status=0 numFramesActuallyPresented=1 max=4 estimatedVRAM=0
DLSSG_STATE_STATUS=0
DLSSG_STATE_NUM_FRAMES_TO_GENERATE_MAX=4
DLSSG_STATE_NUM_FRAMES_ACTUALLY_PRESENTED=1
TOKEN_RESULT=0
REFLEX_SLEEP_RESULT=0
SIM_BEGIN_RESULT=0
CONSTANTS_RESULT=0
SIM_END_RESULT=0
RENDER_BEGIN_RESULT=0
HRESULT=0x0
HRESULT=0x0
HRESULT=0x0
HRESULT=0x0
TAGS_RESULT=0
RENDER_END_RESULT=0
PRESENT_BEGIN_RESULT=0
REAL_PRESENT frame=2
PRESENT_END_RESULT=0
STATE_RESULT=0
RUNTIME_STATE frame=2 status=0 numFramesActuallyPresented=1 max=4 estimatedVRAM=0
DLSSG_STATE_STATUS=0
DLSSG_STATE_NUM_FRAMES_TO_GENERATE_MAX=4
DLSSG_STATE_NUM_FRAMES_ACTUALLY_PRESENTED=1
TOKEN_RESULT=0
REFLEX_SLEEP_RESULT=0
SIM_BEGIN_RESULT=0
CONSTANTS_RESULT=0
SIM_END_RESULT=0
RENDER_BEGIN_RESULT=0
HRESULT=0x0
HRESULT=0x0
HRESULT=0x0
HRESULT=0x0
TAGS_RESULT=0
RENDER_END_RESULT=0
PRESENT_BEGIN_RESULT=0
REAL_PRESENT frame=3
PRESENT_END_RESULT=0
STATE_RESULT=0
RUNTIME_STATE frame=3 status=0 numFramesActuallyPresented=1 max=4 estimatedVRAM=0
DLSSG_STATE_STATUS=0
DLSSG_STATE_NUM_FRAMES_TO_GENERATE_MAX=4
DLSSG_STATE_NUM_FRAMES_ACTUALLY_PRESENTED=1
TOKEN_RESULT=0
REFLEX_SLEEP_RESULT=0
SIM_BEGIN_RESULT=0
CONSTANTS_RESULT=0
SIM_END_RESULT=0
RENDER_BEGIN_RESULT=0
HRESULT=0x0
HRESULT=0x0
HRESULT=0x0
HRESULT=0x0
TAGS_RESULT=0
RENDER_END_RESULT=0
PRESENT_BEGIN_RESULT=0
REAL_PRESENT frame=4
PRESENT_END_RESULT=0
STATE_RESULT=0
RUNTIME_STATE frame=4 status=0 numFramesActuallyPresented=1 max=4 estimatedVRAM=0
DLSSG_STATE_STATUS=0
DLSSG_STATE_NUM_FRAMES_TO_GENERATE_MAX=4
DLSSG_STATE_NUM_FRAMES_ACTUALLY_PRESENTED=1
TOKEN_RESULT=0
REFLEX_SLEEP_RESULT=0
SIM_BEGIN_RESULT=0
CONSTANTS_RESULT=0
SIM_END_RESULT=0
RENDER_BEGIN_RESULT=0
HRESULT=0x0
HRESULT=0x0
HRESULT=0x0
HRESULT=0x0
TAGS_RESULT=0
RENDER_END_RESULT=0
PRESENT_BEGIN_RESULT=0
REAL_PRESENT frame=5
PRESENT_END_RESULT=0
STATE_RESULT=0
RUNTIME_STATE frame=5 status=0 numFramesActuallyPresented=1 max=4 estimatedVRAM=0
DLSSG_STATE_STATUS=0
DLSSG_STATE_NUM_FRAMES_TO_GENERATE_MAX=4
DLSSG_STATE_NUM_FRAMES_ACTUALLY_PRESENTED=1
TOKEN_RESULT=0
REFLEX_SLEEP_RESULT=0
SIM_BEGIN_RESULT=0
CONSTANTS_RESULT=0
SIM_END_RESULT=0
RENDER_BEGIN_RESULT=0
HRESULT=0x0
HRESULT=0x0
HRESULT=0x0
HRESULT=0x0
TAGS_RESULT=0
RENDER_END_RESULT=0
PRESENT_BEGIN_RESULT=0
REAL_PRESENT frame=6
PRESENT_END_RESULT=0
STATE_RESULT=0
RUNTIME_STATE frame=6 status=0 numFramesActuallyPresented=1 max=4 estimatedVRAM=0
DLSSG_STATE_STATUS=0
DLSSG_STATE_NUM_FRAMES_TO_GENERATE_MAX=4
DLSSG_STATE_NUM_FRAMES_ACTUALLY_PRESENTED=1
TOKEN_RESULT=0
REFLEX_SLEEP_RESULT=0
SIM_BEGIN_RESULT=0
CONSTANTS_RESULT=0
SIM_END_RESULT=0
RENDER_BEGIN_RESULT=0
HRESULT=0x0
HRESULT=0x0
HRESULT=0x0
HRESULT=0x0
TAGS_RESULT=0
RENDER_END_RESULT=0
PRESENT_BEGIN_RESULT=0
REAL_PRESENT frame=7
PRESENT_END_RESULT=0
STATE_RESULT=0
RUNTIME_STATE frame=7 status=0 numFramesActuallyPresented=1 max=4 estimatedVRAM=0
DLSSG_STATE_STATUS=0
DLSSG_STATE_NUM_FRAMES_TO_GENERATE_MAX=4
DLSSG_STATE_NUM_FRAMES_ACTUALLY_PRESENTED=1
TOKEN_RESULT=0
REFLEX_SLEEP_RESULT=0
SIM_BEGIN_RESULT=0
CONSTANTS_RESULT=0
SIM_END_RESULT=0
RENDER_BEGIN_RESULT=0
HRESULT=0x0
HRESULT=0x0
HRESULT=0x0
HRESULT=0x0
TAGS_RESULT=0
RENDER_END_RESULT=0
PRESENT_BEGIN_RESULT=0
REAL_PRESENT frame=8
PRESENT_END_RESULT=0
STATE_RESULT=0
RUNTIME_STATE frame=8 status=0 numFramesActuallyPresented=1 max=4 estimatedVRAM=0
DLSSG_STATE_STATUS=0
DLSSG_STATE_NUM_FRAMES_TO_GENERATE_MAX=4
DLSSG_STATE_NUM_FRAMES_ACTUALLY_PRESENTED=1
TOKEN_RESULT=0
REFLEX_SLEEP_RESULT=0
SIM_BEGIN_RESULT=0
CONSTANTS_RESULT=0
SIM_END_RESULT=0
RENDER_BEGIN_RESULT=0
HRESULT=0x0
HRESULT=0x0
HRESULT=0x0
HRESULT=0x0
TAGS_RESULT=0
RENDER_END_RESULT=0
PRESENT_BEGIN_RESULT=0
REAL_PRESENT frame=9
PRESENT_END_RESULT=0
STATE_RESULT=0
RUNTIME_STATE frame=9 status=0 numFramesActuallyPresented=1 max=4 estimatedVRAM=0
DLSSG_STATE_STATUS=0
DLSSG_STATE_NUM_FRAMES_TO_GENERATE_MAX=4
DLSSG_STATE_NUM_FRAMES_ACTUALLY_PRESENTED=1
TOKEN_RESULT=0
REFLEX_SLEEP_RESULT=0
SIM_BEGIN_RESULT=0
CONSTANTS_RESULT=0
SIM_END_RESULT=0
RENDER_BEGIN_RESULT=0
HRESULT=0x0
HRESULT=0x0
HRESULT=0x0
HRESULT=0x0
TAGS_RESULT=0
RENDER_END_RESULT=0
PRESENT_BEGIN_RESULT=0
REAL_PRESENT frame=10
PRESENT_END_RESULT=0
STATE_RESULT=0
RUNTIME_STATE frame=10 status=0 numFramesActuallyPresented=1 max=4 estimatedVRAM=0
DLSSG_STATE_STATUS=0
DLSSG_STATE_NUM_FRAMES_TO_GENERATE_MAX=4
DLSSG_STATE_NUM_FRAMES_ACTUALLY_PRESENTED=1
TOKEN_RESULT=0
REFLEX_SLEEP_RESULT=0
SIM_BEGIN_RESULT=0
CONSTANTS_RESULT=0
SIM_END_RESULT=0
RENDER_BEGIN_RESULT=0
HRESULT=0x0
HRESULT=0x0
HRESULT=0x0
HRESULT=0x0
TAGS_RESULT=0
RENDER_END_RESULT=0
PRESENT_BEGIN_RESULT=0
REAL_PRESENT frame=11
PRESENT_END_RESULT=0
STATE_RESULT=0
RUNTIME_STATE frame=11 status=0 numFramesActuallyPresented=1 max=4 estimatedVRAM=0
DLSSG_STATE_STATUS=0
DLSSG_STATE_NUM_FRAMES_TO_GENERATE_MAX=4
DLSSG_STATE_NUM_FRAMES_ACTUALLY_PRESENTED=1
TOKEN_RESULT=0
REFLEX_SLEEP_RESULT=0
SIM_BEGIN_RESULT=0
CONSTANTS_RESULT=0
SIM_END_RESULT=0
RENDER_BEGIN_RESULT=0
HRESULT=0x0
HRESULT=0x0
HRESULT=0x0
HRESULT=0x0
TAGS_RESULT=0
RENDER_END_RESULT=0
PRESENT_BEGIN_RESULT=0
REAL_PRESENT frame=12
PRESENT_END_RESULT=0
STATE_RESULT=0
RUNTIME_STATE frame=12 status=0 numFramesActuallyPresented=1 max=4 estimatedVRAM=0
DLSSG_STATE_STATUS=0
DLSSG_STATE_NUM_FRAMES_TO_GENERATE_MAX=4
DLSSG_STATE_NUM_FRAMES_ACTUALLY_PRESENTED=1
TOKEN_RESULT=0
REFLEX_SLEEP_RESULT=0
SIM_BEGIN_RESULT=0
CONSTANTS_RESULT=0
SIM_END_RESULT=0
RENDER_BEGIN_RESULT=0
HRESULT=0x0
HRESULT=0x0
HRESULT=0x0
HRESULT=0x0
TAGS_RESULT=0
RENDER_END_RESULT=0
PRESENT_BEGIN_RESULT=0
REAL_PRESENT frame=13
PRESENT_END_RESULT=0
STATE_RESULT=0
RUNTIME_STATE frame=13 status=0 numFramesActuallyPresented=1 max=4 estimatedVRAM=0
DLSSG_STATE_STATUS=0
DLSSG_STATE_NUM_FRAMES_TO_GENERATE_MAX=4
DLSSG_STATE_NUM_FRAMES_ACTUALLY_PRESENTED=1
TOKEN_RESULT=0
REFLEX_SLEEP_RESULT=0
SIM_BEGIN_RESULT=0
CONSTANTS_RESULT=0
SIM_END_RESULT=0
RENDER_BEGIN_RESULT=0
HRESULT=0x0
HRESULT=0x0
HRESULT=0x0
HRESULT=0x0
TAGS_RESULT=0
RENDER_END_RESULT=0
PRESENT_BEGIN_RESULT=0
REAL_PRESENT frame=14
PRESENT_END_RESULT=0
STATE_RESULT=0
RUNTIME_STATE frame=14 status=0 numFramesActuallyPresented=1 max=4 estimatedVRAM=0
DLSSG_STATE_STATUS=0
DLSSG_STATE_NUM_FRAMES_TO_GENERATE_MAX=4
DLSSG_STATE_NUM_FRAMES_ACTUALLY_PRESENTED=1
TOKEN_RESULT=0
REFLEX_SLEEP_RESULT=0
SIM_BEGIN_RESULT=0
CONSTANTS_RESULT=0
SIM_END_RESULT=0
RENDER_BEGIN_RESULT=0
HRESULT=0x0
HRESULT=0x0
HRESULT=0x0
HRESULT=0x0
TAGS_RESULT=0
RENDER_END_RESULT=0
PRESENT_BEGIN_RESULT=0
REAL_PRESENT frame=15
PRESENT_END_RESULT=0
STATE_RESULT=0
RUNTIME_STATE frame=15 status=0 numFramesActuallyPresented=1 max=4 estimatedVRAM=0
DLSSG_STATE_STATUS=0
DLSSG_STATE_NUM_FRAMES_TO_GENERATE_MAX=4
DLSSG_STATE_NUM_FRAMES_ACTUALLY_PRESENTED=1
TOKEN_RESULT=0
REFLEX_SLEEP_RESULT=0
SIM_BEGIN_RESULT=0
CONSTANTS_RESULT=0
SIM_END_RESULT=0
RENDER_BEGIN_RESULT=0
HRESULT=0x0
HRESULT=0x0
HRESULT=0x0
HRESULT=0x0
TAGS_RESULT=0
RENDER_END_RESULT=0
PRESENT_BEGIN_RESULT=0
REAL_PRESENT frame=16
PRESENT_END_RESULT=0
STATE_RESULT=0
RUNTIME_STATE frame=16 status=0 numFramesActuallyPresented=1 max=4 estimatedVRAM=0
DLSSG_STATE_STATUS=0
DLSSG_STATE_NUM_FRAMES_TO_GENERATE_MAX=4
DLSSG_STATE_NUM_FRAMES_ACTUALLY_PRESENTED=1
TOKEN_RESULT=0
REFLEX_SLEEP_RESULT=0
SIM_BEGIN_RESULT=0
CONSTANTS_RESULT=0
SIM_END_RESULT=0
RENDER_BEGIN_RESULT=0
HRESULT=0x0
HRESULT=0x0
HRESULT=0x0
HRESULT=0x0
TAGS_RESULT=0
RENDER_END_RESULT=0
PRESENT_BEGIN_RESULT=0
REAL_PRESENT frame=17
PRESENT_END_RESULT=0
STATE_RESULT=0
RUNTIME_STATE frame=17 status=0 numFramesActuallyPresented=1 max=4 estimatedVRAM=0
DLSSG_STATE_STATUS=0
DLSSG_STATE_NUM_FRAMES_TO_GENERATE_MAX=4
DLSSG_STATE_NUM_FRAMES_ACTUALLY_PRESENTED=1
TOKEN_RESULT=0
REFLEX_SLEEP_RESULT=0
SIM_BEGIN_RESULT=0
CONSTANTS_RESULT=0
SIM_END_RESULT=0
RENDER_BEGIN_RESULT=0
HRESULT=0x0
HRESULT=0x0
HRESULT=0x0
HRESULT=0x0
TAGS_RESULT=0
RENDER_END_RESULT=0
PRESENT_BEGIN_RESULT=0
REAL_PRESENT frame=18
PRESENT_END_RESULT=0
STATE_RESULT=0
RUNTIME_STATE frame=18 status=0 numFramesActuallyPresented=1 max=4 estimatedVRAM=0
DLSSG_STATE_STATUS=0
DLSSG_STATE_NUM_FRAMES_TO_GENERATE_MAX=4
DLSSG_STATE_NUM_FRAMES_ACTUALLY_PRESENTED=1
TOKEN_RESULT=0
REFLEX_SLEEP_RESULT=0
SIM_BEGIN_RESULT=0
CONSTANTS_RESULT=0
SIM_END_RESULT=0
RENDER_BEGIN_RESULT=0
HRESULT=0x0
HRESULT=0x0
HRESULT=0x0
HRESULT=0x0
TAGS_RESULT=0
RENDER_END_RESULT=0
PRESENT_BEGIN_RESULT=0
REAL_PRESENT frame=19
PRESENT_END_RESULT=0
STATE_RESULT=0
RUNTIME_STATE frame=19 status=0 numFramesActuallyPresented=1 max=4 estimatedVRAM=0
DLSSG_STATE_STATUS=0
DLSSG_STATE_NUM_FRAMES_TO_GENERATE_MAX=4
DLSSG_STATE_NUM_FRAMES_ACTUALLY_PRESENTED=1
TOKEN_RESULT=0
REFLEX_SLEEP_RESULT=0
SIM_BEGIN_RESULT=0
CONSTANTS_RESULT=0
SIM_END_RESULT=0
RENDER_BEGIN_RESULT=0
HRESULT=0x0
HRESULT=0x0
HRESULT=0x0
HRESULT=0x0
TAGS_RESULT=0
RENDER_END_RESULT=0
PRESENT_BEGIN_RESULT=0
REAL_PRESENT frame=20
PRESENT_END_RESULT=0
STATE_RESULT=0
RUNTIME_STATE frame=20 status=0 numFramesActuallyPresented=1 max=4 estimatedVRAM=0
DLSSG_STATE_STATUS=0
DLSSG_STATE_NUM_FRAMES_TO_GENERATE_MAX=4
DLSSG_STATE_NUM_FRAMES_ACTUALLY_PRESENTED=1
TOKEN_RESULT=0
REFLEX_SLEEP_RESULT=0
SIM_BEGIN_RESULT=0
CONSTANTS_RESULT=0
SIM_END_RESULT=0
RENDER_BEGIN_RESULT=0
HRESULT=0x0
HRESULT=0x0
HRESULT=0x0
HRESULT=0x0
TAGS_RESULT=0
RENDER_END_RESULT=0
PRESENT_BEGIN_RESULT=0
REAL_PRESENT frame=21
PRESENT_END_RESULT=0
STATE_RESULT=0
RUNTIME_STATE frame=21 status=0 numFramesActuallyPresented=1 max=4 estimatedVRAM=0
DLSSG_STATE_STATUS=0
DLSSG_STATE_NUM_FRAMES_TO_GENERATE_MAX=4
DLSSG_STATE_NUM_FRAMES_ACTUALLY_PRESENTED=1
TOKEN_RESULT=0
REFLEX_SLEEP_RESULT=0
SIM_BEGIN_RESULT=0
CONSTANTS_RESULT=0
SIM_END_RESULT=0
RENDER_BEGIN_RESULT=0
HRESULT=0x0
HRESULT=0x0
HRESULT=0x0
HRESULT=0x0
TAGS_RESULT=0
RENDER_END_RESULT=0
PRESENT_BEGIN_RESULT=0
REAL_PRESENT frame=22
PRESENT_END_RESULT=0
STATE_RESULT=0
RUNTIME_STATE frame=22 status=0 numFramesActuallyPresented=1 max=4 estimatedVRAM=0
DLSSG_STATE_STATUS=0
DLSSG_STATE_NUM_FRAMES_TO_GENERATE_MAX=4
DLSSG_STATE_NUM_FRAMES_ACTUALLY_PRESENTED=1
TOKEN_RESULT=0
REFLEX_SLEEP_RESULT=0
SIM_BEGIN_RESULT=0
CONSTANTS_RESULT=0
SIM_END_RESULT=0
RENDER_BEGIN_RESULT=0
HRESULT=0x0
HRESULT=0x0
HRESULT=0x0
HRESULT=0x0
TAGS_RESULT=0
RENDER_END_RESULT=0
PRESENT_BEGIN_RESULT=0
REAL_PRESENT frame=23
PRESENT_END_RESULT=0
STATE_RESULT=0
RUNTIME_STATE frame=23 status=0 numFramesActuallyPresented=1 max=4 estimatedVRAM=0
DLSSG_STATE_STATUS=0
DLSSG_STATE_NUM_FRAMES_TO_GENERATE_MAX=4
DLSSG_STATE_NUM_FRAMES_ACTUALLY_PRESENTED=1
TOKEN_RESULT=0
REFLEX_SLEEP_RESULT=0
SIM_BEGIN_RESULT=0
CONSTANTS_RESULT=0
SIM_END_RESULT=0
RENDER_BEGIN_RESULT=0
HRESULT=0x0
HRESULT=0x0
HRESULT=0x0
HRESULT=0x0
TAGS_RESULT=0
RENDER_END_RESULT=0
PRESENT_BEGIN_RESULT=0
REAL_PRESENT frame=24
PRESENT_END_RESULT=0
STATE_RESULT=0
RUNTIME_STATE frame=24 status=0 numFramesActuallyPresented=1 max=4 estimatedVRAM=0
DLSSG_STATE_STATUS=0
DLSSG_STATE_NUM_FRAMES_TO_GENERATE_MAX=4
DLSSG_STATE_NUM_FRAMES_ACTUALLY_PRESENTED=1
TOKEN_RESULT=0
REFLEX_SLEEP_RESULT=0
SIM_BEGIN_RESULT=0
CONSTANTS_RESULT=0
SIM_END_RESULT=0
RENDER_BEGIN_RESULT=0
HRESULT=0x0
HRESULT=0x0
HRESULT=0x0
HRESULT=0x0
TAGS_RESULT=0
RENDER_END_RESULT=0
PRESENT_BEGIN_RESULT=0
REAL_PRESENT frame=25
PRESENT_END_RESULT=0
STATE_RESULT=0
RUNTIME_STATE frame=25 status=0 numFramesActuallyPresented=1 max=4 estimatedVRAM=0
DLSSG_STATE_STATUS=0
DLSSG_STATE_NUM_FRAMES_TO_GENERATE_MAX=4
DLSSG_STATE_NUM_FRAMES_ACTUALLY_PRESENTED=1
TOKEN_RESULT=0
REFLEX_SLEEP_RESULT=0
SIM_BEGIN_RESULT=0
CONSTANTS_RESULT=0
SIM_END_RESULT=0
RENDER_BEGIN_RESULT=0
HRESULT=0x0
HRESULT=0x0
HRESULT=0x0
HRESULT=0x0
TAGS_RESULT=0
RENDER_END_RESULT=0
PRESENT_BEGIN_RESULT=0
REAL_PRESENT frame=26
PRESENT_END_RESULT=0
STATE_RESULT=0
RUNTIME_STATE frame=26 status=0 numFramesActuallyPresented=1 max=4 estimatedVRAM=0
DLSSG_STATE_STATUS=0
DLSSG_STATE_NUM_FRAMES_TO_GENERATE_MAX=4
DLSSG_STATE_NUM_FRAMES_ACTUALLY_PRESENTED=1
TOKEN_RESULT=0
REFLEX_SLEEP_RESULT=0
SIM_BEGIN_RESULT=0
CONSTANTS_RESULT=0
SIM_END_RESULT=0
RENDER_BEGIN_RESULT=0
HRESULT=0x0
HRESULT=0x0
HRESULT=0x0
HRESULT=0x0
TAGS_RESULT=0
RENDER_END_RESULT=0
PRESENT_BEGIN_RESULT=0
REAL_PRESENT frame=27
PRESENT_END_RESULT=0
STATE_RESULT=0
RUNTIME_STATE frame=27 status=0 numFramesActuallyPresented=1 max=4 estimatedVRAM=0
DLSSG_STATE_STATUS=0
DLSSG_STATE_NUM_FRAMES_TO_GENERATE_MAX=4
DLSSG_STATE_NUM_FRAMES_ACTUALLY_PRESENTED=1
TOKEN_RESULT=0
REFLEX_SLEEP_RESULT=0
SIM_BEGIN_RESULT=0
CONSTANTS_RESULT=0
SIM_END_RESULT=0
RENDER_BEGIN_RESULT=0
HRESULT=0x0
HRESULT=0x0
HRESULT=0x0
HRESULT=0x0
TAGS_RESULT=0
RENDER_END_RESULT=0
PRESENT_BEGIN_RESULT=0
REAL_PRESENT frame=28
PRESENT_END_RESULT=0
STATE_RESULT=0
RUNTIME_STATE frame=28 status=0 numFramesActuallyPresented=1 max=4 estimatedVRAM=0
DLSSG_STATE_STATUS=0
DLSSG_STATE_NUM_FRAMES_TO_GENERATE_MAX=4
DLSSG_STATE_NUM_FRAMES_ACTUALLY_PRESENTED=1
TOKEN_RESULT=0
REFLEX_SLEEP_RESULT=0
SIM_BEGIN_RESULT=0
CONSTANTS_RESULT=0
SIM_END_RESULT=0
RENDER_BEGIN_RESULT=0
HRESULT=0x0
HRESULT=0x0
HRESULT=0x0
HRESULT=0x0
TAGS_RESULT=0
RENDER_END_RESULT=0
PRESENT_BEGIN_RESULT=0
REAL_PRESENT frame=29
PRESENT_END_RESULT=0
STATE_RESULT=0
RUNTIME_STATE frame=29 status=0 numFramesActuallyPresented=1 max=4 estimatedVRAM=0
DLSSG_STATE_STATUS=0
DLSSG_STATE_NUM_FRAMES_TO_GENERATE_MAX=4
DLSSG_STATE_NUM_FRAMES_ACTUALLY_PRESENTED=1
TOKEN_RESULT=0
REFLEX_SLEEP_RESULT=0
SIM_BEGIN_RESULT=0
CONSTANTS_RESULT=0
SIM_END_RESULT=0
RENDER_BEGIN_RESULT=0
HRESULT=0x0
HRESULT=0x0
HRESULT=0x0
HRESULT=0x0
TAGS_RESULT=0
RENDER_END_RESULT=0
PRESENT_BEGIN_RESULT=0
REAL_PRESENT frame=30
PRESENT_END_RESULT=0
STATE_RESULT=0
RUNTIME_STATE frame=30 status=0 numFramesActuallyPresented=1 max=4 estimatedVRAM=0
DLSSG_STATE_STATUS=0
DLSSG_STATE_NUM_FRAMES_TO_GENERATE_MAX=4
DLSSG_STATE_NUM_FRAMES_ACTUALLY_PRESENTED=1
TOKEN_RESULT=0
REFLEX_SLEEP_RESULT=0
SIM_BEGIN_RESULT=0
CONSTANTS_RESULT=0
SIM_END_RESULT=0
RENDER_BEGIN_RESULT=0
HRESULT=0x0
HRESULT=0x0
HRESULT=0x0
HRESULT=0x0
TAGS_RESULT=0
RENDER_END_RESULT=0
PRESENT_BEGIN_RESULT=0
REAL_PRESENT frame=31
PRESENT_END_RESULT=0
STATE_RESULT=0
RUNTIME_STATE frame=31 status=0 numFramesActuallyPresented=1 max=4 estimatedVRAM=0
DLSSG_STATE_STATUS=0
DLSSG_STATE_NUM_FRAMES_TO_GENERATE_MAX=4
DLSSG_STATE_NUM_FRAMES_ACTUALLY_PRESENTED=1
TOKEN_RESULT=0
REFLEX_SLEEP_RESULT=0
SIM_BEGIN_RESULT=0
CONSTANTS_RESULT=0
SIM_END_RESULT=0
RENDER_BEGIN_RESULT=0
HRESULT=0x0
HRESULT=0x0
HRESULT=0x0
HRESULT=0x0
TAGS_RESULT=0
RENDER_END_RESULT=0
PRESENT_BEGIN_RESULT=0
REAL_PRESENT frame=32
PRESENT_END_RESULT=0
STATE_RESULT=0
RUNTIME_STATE frame=32 status=0 numFramesActuallyPresented=1 max=4 estimatedVRAM=0
DLSSG_STATE_STATUS=0
DLSSG_STATE_NUM_FRAMES_TO_GENERATE_MAX=4
DLSSG_STATE_NUM_FRAMES_ACTUALLY_PRESENTED=1
TOKEN_RESULT=0
REFLEX_SLEEP_RESULT=0
SIM_BEGIN_RESULT=0
CONSTANTS_RESULT=0
SIM_END_RESULT=0
RENDER_BEGIN_RESULT=0
HRESULT=0x0
HRESULT=0x0
HRESULT=0x0
HRESULT=0x0
TAGS_RESULT=0
RENDER_END_RESULT=0
PRESENT_BEGIN_RESULT=0
REAL_PRESENT frame=33
PRESENT_END_RESULT=0
STATE_RESULT=0
RUNTIME_STATE frame=33 status=0 numFramesActuallyPresented=1 max=4 estimatedVRAM=0
DLSSG_STATE_STATUS=0
DLSSG_STATE_NUM_FRAMES_TO_GENERATE_MAX=4
DLSSG_STATE_NUM_FRAMES_ACTUALLY_PRESENTED=1
TOKEN_RESULT=0
REFLEX_SLEEP_RESULT=0
SIM_BEGIN_RESULT=0
CONSTANTS_RESULT=0
SIM_END_RESULT=0
RENDER_BEGIN_RESULT=0
HRESULT=0x0
HRESULT=0x0
HRESULT=0x0
HRESULT=0x0
TAGS_RESULT=0
RENDER_END_RESULT=0
PRESENT_BEGIN_RESULT=0
REAL_PRESENT frame=34
PRESENT_END_RESULT=0
STATE_RESULT=0
RUNTIME_STATE frame=34 status=0 numFramesActuallyPresented=1 max=4 estimatedVRAM=0
DLSSG_STATE_STATUS=0
DLSSG_STATE_NUM_FRAMES_TO_GENERATE_MAX=4
DLSSG_STATE_NUM_FRAMES_ACTUALLY_PRESENTED=1
TOKEN_RESULT=0
REFLEX_SLEEP_RESULT=0
SIM_BEGIN_RESULT=0
CONSTANTS_RESULT=0
SIM_END_RESULT=0
RENDER_BEGIN_RESULT=0
HRESULT=0x0
HRESULT=0x0
HRESULT=0x0
HRESULT=0x0
TAGS_RESULT=0
RENDER_END_RESULT=0
PRESENT_BEGIN_RESULT=0
REAL_PRESENT frame=35
PRESENT_END_RESULT=0
STATE_RESULT=0
RUNTIME_STATE frame=35 status=0 numFramesActuallyPresented=1 max=4 estimatedVRAM=0
DLSSG_STATE_STATUS=0
DLSSG_STATE_NUM_FRAMES_TO_GENERATE_MAX=4
DLSSG_STATE_NUM_FRAMES_ACTUALLY_PRESENTED=1
TOKEN_RESULT=0
REFLEX_SLEEP_RESULT=0
SIM_BEGIN_RESULT=0
CONSTANTS_RESULT=0
SIM_END_RESULT=0
RENDER_BEGIN_RESULT=0
HRESULT=0x0
HRESULT=0x0
HRESULT=0x0
HRESULT=0x0
TAGS_RESULT=0
RENDER_END_RESULT=0
PRESENT_BEGIN_RESULT=0
REAL_PRESENT frame=36
PRESENT_END_RESULT=0
STATE_RESULT=0
RUNTIME_STATE frame=36 status=0 numFramesActuallyPresented=1 max=4 estimatedVRAM=0
DLSSG_STATE_STATUS=0
DLSSG_STATE_NUM_FRAMES_TO_GENERATE_MAX=4
DLSSG_STATE_NUM_FRAMES_ACTUALLY_PRESENTED=1
TOKEN_RESULT=0
REFLEX_SLEEP_RESULT=0
SIM_BEGIN_RESULT=0
CONSTANTS_RESULT=0
SIM_END_RESULT=0
RENDER_BEGIN_RESULT=0
HRESULT=0x0
HRESULT=0x0
HRESULT=0x0
HRESULT=0x0
TAGS_RESULT=0
RENDER_END_RESULT=0
PRESENT_BEGIN_RESULT=0
REAL_PRESENT frame=37
PRESENT_END_RESULT=0
STATE_RESULT=0
RUNTIME_STATE frame=37 status=0 numFramesActuallyPresented=1 max=4 estimatedVRAM=0
DLSSG_STATE_STATUS=0
DLSSG_STATE_NUM_FRAMES_TO_GENERATE_MAX=4
DLSSG_STATE_NUM_FRAMES_ACTUALLY_PRESENTED=1
TOKEN_RESULT=0
REFLEX_SLEEP_RESULT=0
SIM_BEGIN_RESULT=0
CONSTANTS_RESULT=0
SIM_END_RESULT=0
RENDER_BEGIN_RESULT=0
HRESULT=0x0
HRESULT=0x0
HRESULT=0x0
HRESULT=0x0
TAGS_RESULT=0
RENDER_END_RESULT=0
PRESENT_BEGIN_RESULT=0
REAL_PRESENT frame=38
PRESENT_END_RESULT=0
STATE_RESULT=0
RUNTIME_STATE frame=38 status=0 numFramesActuallyPresented=1 max=4 estimatedVRAM=0
DLSSG_STATE_STATUS=0
DLSSG_STATE_NUM_FRAMES_TO_GENERATE_MAX=4
DLSSG_STATE_NUM_FRAMES_ACTUALLY_PRESENTED=1
TOKEN_RESULT=0
REFLEX_SLEEP_RESULT=0
SIM_BEGIN_RESULT=0
CONSTANTS_RESULT=0
SIM_END_RESULT=0
RENDER_BEGIN_RESULT=0
HRESULT=0x0
HRESULT=0x0
HRESULT=0x0
HRESULT=0x0
TAGS_RESULT=0
RENDER_END_RESULT=0
PRESENT_BEGIN_RESULT=0
REAL_PRESENT frame=39
PRESENT_END_RESULT=0
STATE_RESULT=0
RUNTIME_STATE frame=39 status=0 numFramesActuallyPresented=1 max=4 estimatedVRAM=0
DLSSG_STATE_STATUS=0
DLSSG_STATE_NUM_FRAMES_TO_GENERATE_MAX=4
DLSSG_STATE_NUM_FRAMES_ACTUALLY_PRESENTED=1
TOKEN_RESULT=0
REFLEX_SLEEP_RESULT=0
SIM_BEGIN_RESULT=0
CONSTANTS_RESULT=0
SIM_END_RESULT=0
RENDER_BEGIN_RESULT=0
HRESULT=0x0
HRESULT=0x0
HRESULT=0x0
HRESULT=0x0
TAGS_RESULT=0
RENDER_END_RESULT=0
PRESENT_BEGIN_RESULT=0
REAL_PRESENT frame=40
PRESENT_END_RESULT=0
STATE_RESULT=0
RUNTIME_STATE frame=40 status=0 numFramesActuallyPresented=1 max=4 estimatedVRAM=0
DLSSG_STATE_STATUS=0
DLSSG_STATE_NUM_FRAMES_TO_GENERATE_MAX=4
DLSSG_STATE_NUM_FRAMES_ACTUALLY_PRESENTED=1
TOKEN_RESULT=0
REFLEX_SLEEP_RESULT=0
SIM_BEGIN_RESULT=0
CONSTANTS_RESULT=0
SIM_END_RESULT=0
RENDER_BEGIN_RESULT=0
HRESULT=0x0
HRESULT=0x0
HRESULT=0x0
HRESULT=0x0
TAGS_RESULT=0
RENDER_END_RESULT=0
PRESENT_BEGIN_RESULT=0
REAL_PRESENT frame=41
PRESENT_END_RESULT=0
STATE_RESULT=0
RUNTIME_STATE frame=41 status=0 numFramesActuallyPresented=1 max=4 estimatedVRAM=0
DLSSG_STATE_STATUS=0
DLSSG_STATE_NUM_FRAMES_TO_GENERATE_MAX=4
DLSSG_STATE_NUM_FRAMES_ACTUALLY_PRESENTED=1
TOKEN_RESULT=0
REFLEX_SLEEP_RESULT=0
SIM_BEGIN_RESULT=0
CONSTANTS_RESULT=0
SIM_END_RESULT=0
RENDER_BEGIN_RESULT=0
HRESULT=0x0
HRESULT=0x0
HRESULT=0x0
HRESULT=0x0
TAGS_RESULT=0
RENDER_END_RESULT=0
PRESENT_BEGIN_RESULT=0
REAL_PRESENT frame=42
PRESENT_END_RESULT=0
STATE_RESULT=0
RUNTIME_STATE frame=42 status=0 numFramesActuallyPresented=1 max=4 estimatedVRAM=0
DLSSG_STATE_STATUS=0
DLSSG_STATE_NUM_FRAMES_TO_GENERATE_MAX=4
DLSSG_STATE_NUM_FRAMES_ACTUALLY_PRESENTED=1
TOKEN_RESULT=0
REFLEX_SLEEP_RESULT=0
SIM_BEGIN_RESULT=0
CONSTANTS_RESULT=0
SIM_END_RESULT=0
RENDER_BEGIN_RESULT=0
HRESULT=0x0
HRESULT=0x0
HRESULT=0x0
HRESULT=0x0
TAGS_RESULT=0
RENDER_END_RESULT=0
PRESENT_BEGIN_RESULT=0
REAL_PRESENT frame=43
PRESENT_END_RESULT=0
STATE_RESULT=0
RUNTIME_STATE frame=43 status=0 numFramesActuallyPresented=1 max=4 estimatedVRAM=0
DLSSG_STATE_STATUS=0
DLSSG_STATE_NUM_FRAMES_TO_GENERATE_MAX=4
DLSSG_STATE_NUM_FRAMES_ACTUALLY_PRESENTED=1
TOKEN_RESULT=0
REFLEX_SLEEP_RESULT=0
SIM_BEGIN_RESULT=0
CONSTANTS_RESULT=0
SIM_END_RESULT=0
RENDER_BEGIN_RESULT=0
HRESULT=0x0
HRESULT=0x0
HRESULT=0x0
HRESULT=0x0
TAGS_RESULT=0
RENDER_END_RESULT=0
PRESENT_BEGIN_RESULT=0
REAL_PRESENT frame=44
PRESENT_END_RESULT=0
STATE_RESULT=0
RUNTIME_STATE frame=44 status=0 numFramesActuallyPresented=1 max=4 estimatedVRAM=0
DLSSG_STATE_STATUS=0
DLSSG_STATE_NUM_FRAMES_TO_GENERATE_MAX=4
DLSSG_STATE_NUM_FRAMES_ACTUALLY_PRESENTED=1
TOKEN_RESULT=0
REFLEX_SLEEP_RESULT=0
SIM_BEGIN_RESULT=0
CONSTANTS_RESULT=0
SIM_END_RESULT=0
RENDER_BEGIN_RESULT=0
HRESULT=0x0
HRESULT=0x0
HRESULT=0x0
HRESULT=0x0
TAGS_RESULT=0
RENDER_END_RESULT=0
PRESENT_BEGIN_RESULT=0
REAL_PRESENT frame=45
PRESENT_END_RESULT=0
STATE_RESULT=0
RUNTIME_STATE frame=45 status=0 numFramesActuallyPresented=1 max=4 estimatedVRAM=0
DLSSG_STATE_STATUS=0
DLSSG_STATE_NUM_FRAMES_TO_GENERATE_MAX=4
DLSSG_STATE_NUM_FRAMES_ACTUALLY_PRESENTED=1
TOKEN_RESULT=0
REFLEX_SLEEP_RESULT=0
SIM_BEGIN_RESULT=0
CONSTANTS_RESULT=0
SIM_END_RESULT=0
RENDER_BEGIN_RESULT=0
HRESULT=0x0
HRESULT=0x0
HRESULT=0x0
HRESULT=0x0
TAGS_RESULT=0
RENDER_END_RESULT=0
PRESENT_BEGIN_RESULT=0
REAL_PRESENT frame=46
PRESENT_END_RESULT=0
STATE_RESULT=0
RUNTIME_STATE frame=46 status=0 numFramesActuallyPresented=1 max=4 estimatedVRAM=0
DLSSG_STATE_STATUS=0
DLSSG_STATE_NUM_FRAMES_TO_GENERATE_MAX=4
DLSSG_STATE_NUM_FRAMES_ACTUALLY_PRESENTED=1
TOKEN_RESULT=0
REFLEX_SLEEP_RESULT=0
SIM_BEGIN_RESULT=0
CONSTANTS_RESULT=0
SIM_END_RESULT=0
RENDER_BEGIN_RESULT=0
HRESULT=0x0
HRESULT=0x0
HRESULT=0x0
HRESULT=0x0
TAGS_RESULT=0
RENDER_END_RESULT=0
PRESENT_BEGIN_RESULT=0
REAL_PRESENT frame=47
PRESENT_END_RESULT=0
STATE_RESULT=0
RUNTIME_STATE frame=47 status=0 numFramesActuallyPresented=1 max=4 estimatedVRAM=0
DLSSG_STATE_STATUS=0
DLSSG_STATE_NUM_FRAMES_TO_GENERATE_MAX=4
DLSSG_STATE_NUM_FRAMES_ACTUALLY_PRESENTED=1
TOKEN_RESULT=0
REFLEX_SLEEP_RESULT=0
SIM_BEGIN_RESULT=0
CONSTANTS_RESULT=0
SIM_END_RESULT=0
RENDER_BEGIN_RESULT=0
HRESULT=0x0
HRESULT=0x0
HRESULT=0x0
HRESULT=0x0
TAGS_RESULT=0
RENDER_END_RESULT=0
PRESENT_BEGIN_RESULT=0
REAL_PRESENT frame=48
PRESENT_END_RESULT=0
STATE_RESULT=0
RUNTIME_STATE frame=48 status=0 numFramesActuallyPresented=1 max=4 estimatedVRAM=0
DLSSG_STATE_STATUS=0
DLSSG_STATE_NUM_FRAMES_TO_GENERATE_MAX=4
DLSSG_STATE_NUM_FRAMES_ACTUALLY_PRESENTED=1
TOKEN_RESULT=0
REFLEX_SLEEP_RESULT=0
SIM_BEGIN_RESULT=0
CONSTANTS_RESULT=0
SIM_END_RESULT=0
RENDER_BEGIN_RESULT=0
HRESULT=0x0
HRESULT=0x0
HRESULT=0x0
HRESULT=0x0
TAGS_RESULT=0
RENDER_END_RESULT=0
PRESENT_BEGIN_RESULT=0
REAL_PRESENT frame=49
PRESENT_END_RESULT=0
STATE_RESULT=0
RUNTIME_STATE frame=49 status=0 numFramesActuallyPresented=1 max=4 estimatedVRAM=0
DLSSG_STATE_STATUS=0
DLSSG_STATE_NUM_FRAMES_TO_GENERATE_MAX=4
DLSSG_STATE_NUM_FRAMES_ACTUALLY_PRESENTED=1
TOKEN_RESULT=0
REFLEX_SLEEP_RESULT=0
SIM_BEGIN_RESULT=0
CONSTANTS_RESULT=0
SIM_END_RESULT=0
RENDER_BEGIN_RESULT=0
HRESULT=0x0
HRESULT=0x0
HRESULT=0x0
HRESULT=0x0
TAGS_RESULT=0
RENDER_END_RESULT=0
PRESENT_BEGIN_RESULT=0
REAL_PRESENT frame=50
PRESENT_END_RESULT=0
STATE_RESULT=0
RUNTIME_STATE frame=50 status=0 numFramesActuallyPresented=1 max=4 estimatedVRAM=0
DLSSG_STATE_STATUS=0
DLSSG_STATE_NUM_FRAMES_TO_GENERATE_MAX=4
DLSSG_STATE_NUM_FRAMES_ACTUALLY_PRESENTED=1
TOKEN_RESULT=0
REFLEX_SLEEP_RESULT=0
SIM_BEGIN_RESULT=0
CONSTANTS_RESULT=0
SIM_END_RESULT=0
RENDER_BEGIN_RESULT=0
HRESULT=0x0
HRESULT=0x0
HRESULT=0x0
HRESULT=0x0
TAGS_RESULT=0
RENDER_END_RESULT=0
PRESENT_BEGIN_RESULT=0
REAL_PRESENT frame=51
PRESENT_END_RESULT=0
STATE_RESULT=0
RUNTIME_STATE frame=51 status=0 numFramesActuallyPresented=1 max=4 estimatedVRAM=0
DLSSG_STATE_STATUS=0
DLSSG_STATE_NUM_FRAMES_TO_GENERATE_MAX=4
DLSSG_STATE_NUM_FRAMES_ACTUALLY_PRESENTED=1
TOKEN_RESULT=0
REFLEX_SLEEP_RESULT=0
SIM_BEGIN_RESULT=0
CONSTANTS_RESULT=0
SIM_END_RESULT=0
RENDER_BEGIN_RESULT=0
HRESULT=0x0
HRESULT=0x0
HRESULT=0x0
HRESULT=0x0
TAGS_RESULT=0
RENDER_END_RESULT=0
PRESENT_BEGIN_RESULT=0
REAL_PRESENT frame=52
PRESENT_END_RESULT=0
STATE_RESULT=0
RUNTIME_STATE frame=52 status=0 numFramesActuallyPresented=1 max=4 estimatedVRAM=0
DLSSG_STATE_STATUS=0
DLSSG_STATE_NUM_FRAMES_TO_GENERATE_MAX=4
DLSSG_STATE_NUM_FRAMES_ACTUALLY_PRESENTED=1
TOKEN_RESULT=0
REFLEX_SLEEP_RESULT=0
SIM_BEGIN_RESULT=0
CONSTANTS_RESULT=0
SIM_END_RESULT=0
RENDER_BEGIN_RESULT=0
HRESULT=0x0
HRESULT=0x0
HRESULT=0x0
HRESULT=0x0
TAGS_RESULT=0
RENDER_END_RESULT=0
PRESENT_BEGIN_RESULT=0
REAL_PRESENT frame=53
PRESENT_END_RESULT=0
STATE_RESULT=0
RUNTIME_STATE frame=53 status=0 numFramesActuallyPresented=1 max=4 estimatedVRAM=0
DLSSG_STATE_STATUS=0
DLSSG_STATE_NUM_FRAMES_TO_GENERATE_MAX=4
DLSSG_STATE_NUM_FRAMES_ACTUALLY_PRESENTED=1
TOKEN_RESULT=0
REFLEX_SLEEP_RESULT=0
SIM_BEGIN_RESULT=0
CONSTANTS_RESULT=0
SIM_END_RESULT=0
RENDER_BEGIN_RESULT=0
HRESULT=0x0
HRESULT=0x0
HRESULT=0x0
HRESULT=0x0
TAGS_RESULT=0
RENDER_END_RESULT=0
PRESENT_BEGIN_RESULT=0
REAL_PRESENT frame=54
PRESENT_END_RESULT=0
STATE_RESULT=0
RUNTIME_STATE frame=54 status=0 numFramesActuallyPresented=1 max=4 estimatedVRAM=0
DLSSG_STATE_STATUS=0
DLSSG_STATE_NUM_FRAMES_TO_GENERATE_MAX=4
DLSSG_STATE_NUM_FRAMES_ACTUALLY_PRESENTED=1
TOKEN_RESULT=0
REFLEX_SLEEP_RESULT=0
SIM_BEGIN_RESULT=0
CONSTANTS_RESULT=0
SIM_END_RESULT=0
RENDER_BEGIN_RESULT=0
HRESULT=0x0
HRESULT=0x0
HRESULT=0x0
HRESULT=0x0
TAGS_RESULT=0
RENDER_END_RESULT=0
PRESENT_BEGIN_RESULT=0
REAL_PRESENT frame=55
PRESENT_END_RESULT=0
STATE_RESULT=0
RUNTIME_STATE frame=55 status=0 numFramesActuallyPresented=1 max=4 estimatedVRAM=0
DLSSG_STATE_STATUS=0
DLSSG_STATE_NUM_FRAMES_TO_GENERATE_MAX=4
DLSSG_STATE_NUM_FRAMES_ACTUALLY_PRESENTED=1
TOKEN_RESULT=0
REFLEX_SLEEP_RESULT=0
SIM_BEGIN_RESULT=0
CONSTANTS_RESULT=0
SIM_END_RESULT=0
RENDER_BEGIN_RESULT=0
HRESULT=0x0
HRESULT=0x0
HRESULT=0x0
HRESULT=0x0
TAGS_RESULT=0
RENDER_END_RESULT=0
PRESENT_BEGIN_RESULT=0
REAL_PRESENT frame=56
PRESENT_END_RESULT=0
STATE_RESULT=0
RUNTIME_STATE frame=56 status=0 numFramesActuallyPresented=1 max=4 estimatedVRAM=0
DLSSG_STATE_STATUS=0
DLSSG_STATE_NUM_FRAMES_TO_GENERATE_MAX=4
DLSSG_STATE_NUM_FRAMES_ACTUALLY_PRESENTED=1
TOKEN_RESULT=0
REFLEX_SLEEP_RESULT=0
SIM_BEGIN_RESULT=0
CONSTANTS_RESULT=0
SIM_END_RESULT=0
RENDER_BEGIN_RESULT=0
HRESULT=0x0
HRESULT=0x0
HRESULT=0x0
HRESULT=0x0
TAGS_RESULT=0
RENDER_END_RESULT=0
PRESENT_BEGIN_RESULT=0
REAL_PRESENT frame=57
PRESENT_END_RESULT=0
STATE_RESULT=0
RUNTIME_STATE frame=57 status=0 numFramesActuallyPresented=1 max=4 estimatedVRAM=0
DLSSG_STATE_STATUS=0
DLSSG_STATE_NUM_FRAMES_TO_GENERATE_MAX=4
DLSSG_STATE_NUM_FRAMES_ACTUALLY_PRESENTED=1
TOKEN_RESULT=0
REFLEX_SLEEP_RESULT=0
SIM_BEGIN_RESULT=0
CONSTANTS_RESULT=0
SIM_END_RESULT=0
RENDER_BEGIN_RESULT=0
HRESULT=0x0
HRESULT=0x0
HRESULT=0x0
HRESULT=0x0
TAGS_RESULT=0
RENDER_END_RESULT=0
PRESENT_BEGIN_RESULT=0
REAL_PRESENT frame=58
PRESENT_END_RESULT=0
STATE_RESULT=0
RUNTIME_STATE frame=58 status=0 numFramesActuallyPresented=1 max=4 estimatedVRAM=0
DLSSG_STATE_STATUS=0
DLSSG_STATE_NUM_FRAMES_TO_GENERATE_MAX=4
DLSSG_STATE_NUM_FRAMES_ACTUALLY_PRESENTED=1
TOKEN_RESULT=0
REFLEX_SLEEP_RESULT=0
SIM_BEGIN_RESULT=0
CONSTANTS_RESULT=0
SIM_END_RESULT=0
RENDER_BEGIN_RESULT=0
HRESULT=0x0
HRESULT=0x0
HRESULT=0x0
HRESULT=0x0
TAGS_RESULT=0
RENDER_END_RESULT=0
PRESENT_BEGIN_RESULT=0
REAL_PRESENT frame=59
PRESENT_END_RESULT=0
STATE_RESULT=0
RUNTIME_STATE frame=59 status=0 numFramesActuallyPresented=1 max=4 estimatedVRAM=0
DLSSG_STATE_STATUS=0
DLSSG_STATE_NUM_FRAMES_TO_GENERATE_MAX=4
DLSSG_STATE_NUM_FRAMES_ACTUALLY_PRESENTED=1
SUCCESSFUL_REAL_PRESENT_COUNT=60
HRESULT=0x0
DLSSG_OFF_RESULT=0
HRESULT=0x0
DEVICE_REMOVED_REASON=0
LOADED_MODULE=D:\ProjectDllsss\builds\experimental\streamline-mfg-x3\streamline_mfg_x3.exe
LOADED_MODULE=C:\WINDOWS\SYSTEM32\ntdll.dll
LOADED_MODULE=C:\WINDOWS\System32\KERNEL32.DLL
LOADED_MODULE=C:\WINDOWS\System32\KERNELBASE.dll
LOADED_MODULE=C:\WINDOWS\System32\USER32.dll
LOADED_MODULE=C:\WINDOWS\System32\win32u.dll
LOADED_MODULE=C:\WINDOWS\System32\GDI32.dll
LOADED_MODULE=C:\WINDOWS\System32\gdi32full.dll
LOADED_MODULE=C:\WINDOWS\SYSTEM32\d3d12.dll
LOADED_MODULE=C:\WINDOWS\SYSTEM32\D3DCOMPILER_47.dll
LOADED_MODULE=C:\WINDOWS\SYSTEM32\dxgi.dll
LOADED_MODULE=C:\WINDOWS\System32\msvcp_win.dll
LOADED_MODULE=C:\WINDOWS\System32\ucrtbase.dll
LOADED_MODULE=C:\WINDOWS\System32\RPCRT4.dll
LOADED_MODULE=C:\WINDOWS\SYSTEM32\powrprof.dll
LOADED_MODULE=C:\WINDOWS\SYSTEM32\MSVCP140.dll
LOADED_MODULE=C:\WINDOWS\SYSTEM32\VCRUNTIME140.dll
LOADED_MODULE=C:\WINDOWS\SYSTEM32\VCRUNTIME140_1.dll
LOADED_MODULE=C:\WINDOWS\SYSTEM32\cryptsp.dll
LOADED_MODULE=C:\WINDOWS\SYSTEM32\UMPDC.dll
LOADED_MODULE=C:\WINDOWS\System32\IMM32.DLL
LOADED_MODULE=D:\ProjectDllsss\experiments\streamline-mfg-capability\runtime\component\version.dll
LOADED_MODULE=C:\WINDOWS\SYSTEM32\bcrypt.dll
LOADED_MODULE=C:\WINDOWS\System32\sechost.dll
LOADED_MODULE=C:\WINDOWS\system32\version.dll
LOADED_MODULE=C:\WINDOWS\System32\msvcrt.dll
LOADED_MODULE=D:\ProjectDllsss\experiments\streamline-mfg-capability\runtime\sl.interposer.dll
LOADED_MODULE=C:\WINDOWS\System32\ADVAPI32.dll
LOADED_MODULE=C:\WINDOWS\System32\SHELL32.dll
LOADED_MODULE=C:\WINDOWS\SYSTEM32\dbghelp.dll
LOADED_MODULE=C:\WINDOWS\System32\ole32.dll
LOADED_MODULE=C:\WINDOWS\System32\combase.dll
LOADED_MODULE=C:\WINDOWS\System32\OLEAUT32.dll
LOADED_MODULE=C:\WINDOWS\SYSTEM32\dbgcore.DLL
LOADED_MODULE=C:\WINDOWS\SYSTEM32\kernel.appcore.dll
LOADED_MODULE=C:\WINDOWS\SYSTEM32\windows.storage.dll
LOADED_MODULE=C:\WINDOWS\System32\SHCORE.dll
LOADED_MODULE=C:\WINDOWS\System32\shlwapi.dll
LOADED_MODULE=C:\WINDOWS\SYSTEM32\profapi.dll
LOADED_MODULE=C:\WINDOWS\SYSTEM32\msasn1.dll
LOADED_MODULE=C:\WINDOWS\SYSTEM32\cryptnet.dll
LOADED_MODULE=C:\WINDOWS\System32\CRYPT32.dll
LOADED_MODULE=C:\WINDOWS\SYSTEM32\drvstore.dll
LOADED_MODULE=C:\WINDOWS\SYSTEM32\devobj.dll
LOADED_MODULE=C:\WINDOWS\SYSTEM32\cfgmgr32.dll
LOADED_MODULE=C:\WINDOWS\SYSTEM32\wldp.dll
LOADED_MODULE=C:\WINDOWS\SYSTEM32\cryptbase.dll
LOADED_MODULE=C:\WINDOWS\SYSTEM32\nvapi64.dll
LOADED_MODULE=C:\WINDOWS\System32\SETUPAPI.dll
LOADED_MODULE=C:\WINDOWS\SYSTEM32\dxcore.dll
LOADED_MODULE=C:\WINDOWS\System32\wintrust.dll
LOADED_MODULE=C:\WINDOWS\system32\rsaenh.dll
LOADED_MODULE=C:\WINDOWS\System32\bcryptPrimitives.dll
LOADED_MODULE=C:\WINDOWS\System32\imagehlp.dll
LOADED_MODULE=C:\WINDOWS\SYSTEM32\gpapi.dll
LOADED_MODULE=C:\WINDOWS\SYSTEM32\IPHLPAPI.DLL
LOADED_MODULE=C:\WINDOWS\SYSTEM32\WINNSI.DLL
LOADED_MODULE=C:\WINDOWS\System32\NSI.dll
LOADED_MODULE=D:\ProjectDllsss\experiments\streamline-mfg-capability\runtime\sl.common.dll
LOADED_MODULE=C:\WINDOWS\SYSTEM32\directxdatabasehelper.dll
LOADED_MODULE=D:\ProjectDllsss\experiments\streamline-mfg-capability\runtime\sl.dlss_g.dll
LOADED_MODULE=C:\WINDOWS\SYSTEM32\WINMM.dll
LOADED_MODULE=C:\WINDOWS\System32\DriverStore\FileRepository\nvlti.inf_amd64_af02d12a5c2283af\_nvngx.dll
LOADED_MODULE=C:\WINDOWS\SYSTEM32\ntmarta.dll
LOADED_MODULE=D:\ProjectDllsss\experiments\streamline-mfg-capability\runtime\bundle-cache\f041be503d3fe093468a799be4e6e15cbbb91fdde5aa3a1b9bef8985a18057b7\nvngx_dlssg.dll
LOADED_MODULE=D:\ProjectDllsss\experiments\streamline-mfg-capability\runtime\bundle-cache\f041be503d3fe093468a799be4e6e15cbbb91fdde5aa3a1b9bef8985a18057b7\sm86_backend.dll
LOADED_MODULE=C:\WINDOWS\SYSTEM32\nvcuda.dll
LOADED_MODULE=C:\WINDOWS\system32\DriverStore\FileRepository\nvlti.inf_amd64_af02d12a5c2283af\nvcuda64.dll
LOADED_MODULE=C:\WINDOWS\System32\DriverStore\FileRepository\nvlti.inf_amd64_af02d12a5c2283af\nvdxgdmal64.dll
LOADED_MODULE=D:\ProjectDllsss\experiments\streamline-mfg-capability\runtime\sl.pcl.dll
LOADED_MODULE=D:\ProjectDllsss\experiments\streamline-mfg-capability\runtime\sl.reflex.dll
LOADED_MODULE=C:\WINDOWS\SYSTEM32\D3D12Core.dll
LOADED_MODULE=C:\WINDOWS\SYSTEM32\DXGIDebug.dll
LOADED_MODULE=C:\WINDOWS\SYSTEM32\D3D12SDKLayers.dll
LOADED_MODULE=C:\WINDOWS\System32\DriverStore\FileRepository\nvlti.inf_amd64_af02d12a5c2283af\nvldumdx.dll
LOADED_MODULE=C:\WINDOWS\System32\DriverStore\FileRepository\nvlti.inf_amd64_af02d12a5c2283af\nvgpucomp64.dll
LOADED_MODULE=C:\WINDOWS\System32\DriverStore\FileRepository\nvlti.inf_amd64_af02d12a5c2283af\NvMemMapStoragex.dll
LOADED_MODULE=C:\WINDOWS\System32\DriverStore\FileRepository\nvlti.inf_amd64_af02d12a5c2283af\nvwgf2umx.dll
LOADED_MODULE=C:\WINDOWS\system32\nvspcap64.dll
LOADED_MODULE=C:\WINDOWS\system32\uxtheme.dll
LOADED_MODULE=C:\WINDOWS\System32\DriverStore\FileRepository\nvlti.inf_amd64_af02d12a5c2283af\nvppex.dll
LOADED_MODULE=C:\WINDOWS\SYSTEM32\D3DSCache.dll
LOADED_MODULE=C:\WINDOWS\SYSTEM32\USERENV.dll
LOADED_MODULE=C:\Program Files\NVIDIA Corporation\NvTelemetry\NvTelemetryAPI64.dll
LOADED_MODULE=C:\WINDOWS\System32\WS2_32.dll
LOADED_MODULE=C:\Program Files\NVIDIA Corporation\NvTelemetry\NvTelemetryBridge64.dll
LOADED_MODULE=D:\Programs File2\RivaTuner Statistics Server\RTSSHooks64.dll
LOADED_MODULE=C:\ProgramData\A-Volute\A-Volute.Nahimic\Modules\Scheduled\x64\AudioDevProps2.dll
LOADED_MODULE=C:\WINDOWS\SYSTEM32\apphelp.dll
LOADED_MODULE=C:\WINDOWS\System32\MSCTF.dll
LOADED_MODULE=C:\WINDOWS\SYSTEM32\dcomp.dll
LOADED_MODULE=C:\WINDOWS\SYSTEM32\Microsoft.Internal.WarpPal.dll
LOADED_MODULE=C:\WINDOWS\SYSTEM32\dwmapi.dll
LOADED_MODULE=C:\WINDOWS\SYSTEM32\d3d11.dll
LOADED_MODULE=C:\WINDOWS\System32\DriverStore\FileRepository\u0197843.inf_amd64_82ec9e2b79afe28f\B025592\aticfx64.dll
LOADED_MODULE=C:\WINDOWS\System32\DriverStore\FileRepository\u0197843.inf_amd64_82ec9e2b79afe28f\B025592\atiuxp64.dll
LOADED_MODULE=C:\WINDOWS\System32\DriverStore\FileRepository\u0197843.inf_amd64_82ec9e2b79afe28f\B025592\atidxx64.dll
LOADED_MODULE=C:\WINDOWS\SYSTEM32\amdihk64.dll
LOADED_MODULE=C:\WINDOWS\SYSTEM32\d3d11on12.dll
STREAMLINE_SHUTDOWN_RESULT=0
NORMAL_SHUTDOWN=YES
FAIL_STAGE=NONE
