❇️ Wisteria target: Minecraft 1.21.1 (1.21.1)
❇️ loader fabric
❇️ loader neoforge

> Configure project :fabric
Fabric Loom: 1.16.3
Failed to parse fabric.mod.json: D:\ProjectDllsss\wisteria\fabric\src\main\resources\fabric.mod.json

> Task :common:createMinecraftArtifacts UP-TO-DATE
> Task :common:compileJava UP-TO-DATE
> Task :neoforge:createMinecraftArtifacts UP-TO-DATE
> Task :common:syncStreamlineLibraries NO-SOURCE
> Task :neoforge:processResources UP-TO-DATE
> Task :neoforge:jarJar NO-SOURCE
> Task :common:processResources
> Task :common:classes
> Task :neoforge:compileJava UP-TO-DATE
> Task :neoforge:classes UP-TO-DATE
> Task :neoforge:jar

[Incubating] Problems report is available at: file:///D:/ProjectDllsss/wisteria/build/reports/problems/problems-report.html

Deprecated Gradle features were used in this build, making it incompatible with Gradle 10.

You can use '--warning-mode all' to show the individual deprecation warnings and determine if they come from your own scripts or plugins.

For more on this, please refer to https://docs.gradle.org/9.7.1/userguide/command_line_interface.html#sec:command_line_warnings in the Gradle documentation.

BUILD SUCCESSFUL in 4s
7 actionable tasks: 2 executed, 5 up-to-date
Consider enabling configuration cache to speed up this build: https://docs.gradle.org/9.7.1/userguide/configuration_cache_enabling.html
