-- The C compiler identification is MSVC 19.51.36244.0
-- The CXX compiler identification is MSVC 19.51.36244.0
-- Detecting C compiler ABI info
-- Detecting C compiler ABI info - failed
-- Check for working C compiler: D:/Programs File2/Microsoft Visual Studio/18/Community/VC/Tools/MSVC/14.51.36231/bin/Hostx64/x64/cl.exe
-- Check for working C compiler: D:/Programs File2/Microsoft Visual Studio/18/Community/VC/Tools/MSVC/14.51.36231/bin/Hostx64/x64/cl.exe - broken
CMake Error at D:/Programs File2/Microsoft Visual Studio/18/Community/Common7/IDE/CommonExtensions/Microsoft/CMake/CMake/share/cmake-4.2/Modules/CMakeTestCCompiler.cmake:67 (message):
  The C compiler

    "D:/Programs File2/Microsoft Visual Studio/18/Community/VC/Tools/MSVC/14.51.36231/bin/Hostx64/x64/cl.exe"

  is not able to compile a simple test program.

  It fails with the following output:

    Change Dir: 'D:/ProjectDllsss/builds/experimental/dlss-sr/native/CMakeFiles/CMakeScratch/TryCompile-kjchmb'
    
    Run Build Command(s): "D:/Programs File2/Microsoft Visual Studio/18/Community/Common7/IDE/CommonExtensions/Microsoft/CMake/Ninja/ninja.exe" -v cmTC_49ff5
    [1/2] "D:\Programs File2\Microsoft Visual Studio\18\Community\VC\Tools\MSVC\14.51.36231\bin\Hostx64\x64\cl.exe"  /nologo -D_MBCS  /DWIN32 /D_WINDOWS  /Zi /Ob0 /Od /RTC1 -MDd /showIncludes /FoCMakeFiles\cmTC_49ff5.dir\testCCompiler.c.obj /FdCMakeFiles\cmTC_49ff5.dir\ /FS -c D:\ProjectDllsss\builds\experimental\dlss-sr\native\CMakeFiles\CMakeScratch\TryCompile-kjchmb\testCCompiler.c
    FAILED: [code=2] CMakeFiles/cmTC_49ff5.dir/testCCompiler.c.obj 
    "D:\Programs File2\Microsoft Visual Studio\18\Community\VC\Tools\MSVC\14.51.36231\bin\Hostx64\x64\cl.exe"  /nologo -D_MBCS  /DWIN32 /D_WINDOWS  /Zi /Ob0 /Od /RTC1 -MDd /showIncludes /FoCMakeFiles\cmTC_49ff5.dir\testCCompiler.c.obj /FdCMakeFiles\cmTC_49ff5.dir\ /FS -c D:\ProjectDllsss\builds\experimental\dlss-sr\native\CMakeFiles\CMakeScratch\TryCompile-kjchmb\testCCompiler.c
    D:\ProjectDllsss\builds\experimental\dlss-sr\native\CMakeFiles\CMakeScratch\TryCompile-kjchmb\testCCompiler.c: fatal error C1902: Program database manager mismatch; please check your installation
    ninja: build stopped: subcommand failed.
    
    



  CMake will not be able to correctly generate this project.
Call Stack (most recent call first):
  CMakeLists.txt:2 (project)


-- Configuring incomplete, errors occurred!
