To honour the JVM settings for this build a single-use Daemon process will be forked. For more on this, please refer to https://docs.gradle.org/9.7.1/userguide/gradle_daemon.html#sec:disabling_the_daemon in the Gradle documentation.
Daemon will be stopped at the end of the build 
Graphics API: OpenGL
Current Minecraft version: 1.21.1
Enabled loader: neoforge
> Task :buildSrc:checkKotlinGradlePluginConfigurationErrors SKIPPED
> Task :buildSrc:generateExternalPluginSpecBuilders UP-TO-DATE
> Task :buildSrc:extractPluginRequests NO-SOURCE
> Task :buildSrc:generatePluginAdapters NO-SOURCE
> Task :buildSrc:extractPrecompiledScriptPluginPlugins UP-TO-DATE
> Task :buildSrc:compilePluginsBlocks UP-TO-DATE
> Task :buildSrc:generatePrecompiledScriptPluginAccessors UP-TO-DATE
> Task :buildSrc:generateScriptPluginAdapters UP-TO-DATE
> Task :buildSrc:compileKotlin UP-TO-DATE
> Task :buildSrc:compileJava NO-SOURCE
> Task :buildSrc:compileGroovy UP-TO-DATE
> Task :buildSrc:compileGroovyPlugins NO-SOURCE
> Task :buildSrc:pluginDescriptors UP-TO-DATE
> Task :buildSrc:processResources UP-TO-DATE
> Task :buildSrc:classes UP-TO-DATE
> Task :buildSrc:jar UP-TO-DATE

> Task :common:createMinecraftArtifacts
Loaded 107 artifacts from D:\ProjectDllsss\superresolution\common\build\tmp\createMinecraftArtifacts\nfrt_artifact_manifest.properties
*** Started working on downloadJson
Waiting for lock on downloadJson_271487b88a13cbe35ef8f66d7fe7972b4b9fd6be. DONE  Completed downloadJson in 1.04s
*** Started working on downloadClient
*** Started working on downloadClientMappings
*** Started working on downloadServer

> Task :neoforge:createMinecraftArtifacts
Loaded 145 artifacts from D:\ProjectDllsss\superresolution\neoforge\build\tmp\createMinecraftArtifacts\nfrt_artifact_manifest.properties
*** Started working on downloadJson
 DONE  Completed downloadJson in 0.03s
*** Started working on downloadClient
*** Started working on downloadClientMappings
*** Started working on downloadServer
 DONE  Completed downloadServer in 0.03s
 DONE  Completed downloadClient in 0.03s
 DONE  Completed downloadClientMappings in 0.03s
*** Started working on mergeMappings
 REUSE Used cache of mergeMappings in 0.00s
*** Started working on stripClient
 REUSE Used cache of stripClient in 0.00s
*** Started working on extractServer
 REUSE Used cache of extractServer in 0.00s
*** Started working on stripServer
 REUSE Used cache of stripServer in 0.00s
*** Started working on merge
 REUSE Used cache of merge in 0.00s
*** Started working on rename
 REUSE Used cache of rename in 0.00s
*** Started working on decompile
 REUSE Used cache of decompile in 0.00s
*** Started working on inject
 REUSE Used cache of inject in 0.00s
*** Started working on patch
 REUSE Used cache of patch in 0.00s
*** Started working on applyNeoforgePatches
 REUSE Used cache of applyNeoforgePatches in 0.00s
*** Started working on transformSources
 REUSE Used cache of transformSources in 0.00s
*** Started working on recompile
 REUSE Used cache of recompile in 0.00s
*** Started working on sourcesWithNeoForge
 REUSE Used cache of sourcesWithNeoForge in 0.00s
*** Started working on compiledWithNeoForge
 REUSE Used cache of compiledWithNeoForge in 0.00s
*** Started working on sourcesAndCompiledWithNeoForge
 REUSE Used cache of sourcesAndCompiledWithNeoForge in 0.00s
Total runtime: 1.59s


> Task :neoforge:mergeVmaNatives UP-TO-DATE

> Task :common:createMinecraftArtifacts
 DONE  Completed downloadClient in 0.04s
 DONE  Completed downloadServer in 0.04s
 DONE  Completed downloadClientMappings in 0.04s
*** Started working on mergeMappings
 REUSE Used cache of mergeMappings in 0.01s
*** Started working on extractServer
 REUSE Used cache of extractServer in 0.00s
*** Started working on stripClient
 REUSE Used cache of stripClient in 0.01s
*** Started working on stripServer
 REUSE Used cache of stripServer in 0.00s
*** Started working on merge
 REUSE Used cache of merge in 0.00s
*** Started working on rename
 REUSE Used cache of rename in 0.00s
*** Started working on decompile
 REUSE Used cache of decompile in 0.00s
*** Started working on inject
 REUSE Used cache of inject in 0.00s
*** Started working on patch
 REUSE Used cache of patch in 0.00s
*** Started working on transformSources
 REUSE Used cache of transformSources in 0.00s
*** Started working on recompile
 REUSE Used cache of recompile in 0.00s
*** Started working on mergeWithSources
 REUSE Used cache of mergeWithSources in 0.00s
Total runtime: 2.33s


> Task :common:compileSharedJava UP-TO-DATE
> Task :common:processSharedResources NO-SOURCE
> Task :common:sharedClasses UP-TO-DATE
> Task :common:compileIrisapiJava UP-TO-DATE
> Task :common:compileMaterialJava UP-TO-DATE
> Task :common:processIrisapiResources UP-TO-DATE
> Task :common:irisapiClasses UP-TO-DATE
> Task :common:processMaterialResources NO-SOURCE
> Task :common:materialClasses UP-TO-DATE
> Task :neoforge:processResources
> Task :neoforge:jarJar UP-TO-DATE
> Task :neoforge:sourcesJar
> Task :neoforge:processTestResources NO-SOURCE

> Task :common:compileJava
Note: D:\ProjectDllsss\superresolution\common\src\main\java\io\homo\superresolution\common\gui\config\pages\GeneralPage.java uses unchecked or unsafe operations.
Note: Recompile with -Xlint:unchecked for details.

> Task :neoforge:compileJava
Note: Some input files use or override a deprecated API.
Note: Recompile with -Xlint:deprecation for details.
Note: D:\ProjectDllsss\superresolution\common\src\main\java\io\homo\superresolution\common\gui\config\pages\GeneralPage.java uses unchecked or unsafe operations.
Note: Recompile with -Xlint:unchecked for details.

> Task :neoforge:classes
> Task :neoforge:jar
> Task :neoforge:javadoc SKIPPED
> Task :neoforge:javadocJar
> Task :neoforge:assemble
> Task :neoforge:compileTestJava NO-SOURCE
> Task :neoforge:testClasses UP-TO-DATE
> Task :neoforge:test NO-SOURCE
> Task :neoforge:check UP-TO-DATE
> Task :neoforge:build

[Incubating] Problems report is available at: file:///D:/ProjectDllsss/superresolution/build/reports/problems/problems-report.html

Deprecated Gradle features were used in this build, making it incompatible with Gradle 10.

You can use '--warning-mode all' to show the individual deprecation warnings and determine if they come from your own scripts or plugins.

For more on this, please refer to https://docs.gradle.org/9.7.1/userguide/command_line_interface.html#sec:command_line_warnings in the Gradle documentation.

BUILD SUCCESSFUL in 35s
24 actionable tasks: 8 executed, 16 up-to-date
Consider enabling configuration cache to speed up this build: https://docs.gradle.org/9.7.1/userguide/configuration_cache_enabling.html
