To honour the JVM settings for this build a single-use Daemon process will be forked. For more on this, please refer to https://docs.gradle.org/9.7.1/userguide/gradle_daemon.html#sec:disabling_the_daemon in the Gradle documentation.
Daemon will be stopped at the end of the build 
Graphics API: OpenGL
Current Minecraft version: 1.21.1
Enabled loader: neoforge
> Task :buildSrc:checkKotlinGradlePluginConfigurationErrors SKIPPED
> Task :buildSrc:generateExternalPluginSpecBuilders UP-TO-DATE
> Task :buildSrc:extractPluginRequests NO-SOURCE
> Task :buildSrc:generatePluginAdapters NO-SOURCE
> Task :buildSrc:extractPrecompiledScriptPluginPlugins UP-TO-DATE
> Task :buildSrc:compilePluginsBlocks UP-TO-DATE
> Task :buildSrc:generatePrecompiledScriptPluginAccessors UP-TO-DATE
> Task :buildSrc:generateScriptPluginAdapters UP-TO-DATE
> Task :buildSrc:compileKotlin UP-TO-DATE
> Task :buildSrc:compileJava NO-SOURCE
> Task :buildSrc:compileGroovy UP-TO-DATE
> Task :buildSrc:compileGroovyPlugins NO-SOURCE
> Task :buildSrc:pluginDescriptors UP-TO-DATE
> Task :buildSrc:processResources UP-TO-DATE
> Task :buildSrc:classes UP-TO-DATE
> Task :buildSrc:jar UP-TO-DATE

> Configure project :neoforge
w: file:///D:/ProjectDllsss/superresolution/neoforge/build.gradle.kts:57:30: 'fun <U : Task> RegisteringDomainObjectDelegateProviderWithTypeAndAction<out TaskContainer, U>.provideDelegate(receiver: Any?, property: KProperty<*>): ExistingDomainObjectDelegate<TaskProvider<U>>' is deprecated. Use 'val task = tasks.register<Type>(name) { }' instead. See the Gradle 9.6 upgrading guide.
w: file:///D:/ProjectDllsss/superresolution/neoforge/build.gradle.kts:57:30: 'fun <T : Any, C : PolymorphicDomainObjectContainer<T>, U : T> C.registering(type: KClass<U>, action: U.() -> Unit): RegisteringDomainObjectDelegateProviderWithTypeAndAction<out C, U>' is deprecated. Use 'val element = register<Type>(name) { }' instead. See the Gradle 9.6 upgrading guide.
w: file:///D:/ProjectDllsss/superresolution/neoforge/build.gradle.kts:57:30: 'fun <T> ExistingDomainObjectDelegate<out T>.getValue(receiver: Any?, property: KProperty<*>): T' is deprecated. Use the named() API instead. See the Gradle 9.6 upgrading guide.
w: file:///D:/ProjectDllsss/superresolution/neoforge/build.gradle.kts:112:115: 'val project: Project' is deprecated. Deprecated in Java.

> Task :common:createMinecraftArtifacts UP-TO-DATE
> Task :neoforge:createMinecraftArtifacts UP-TO-DATE
> Task :neoforge:mergeVmaNatives UP-TO-DATE
> Task :common:compileSharedJava UP-TO-DATE
> Task :common:processSharedResources NO-SOURCE
> Task :common:sharedClasses UP-TO-DATE
> Task :common:compileIrisapiJava UP-TO-DATE
> Task :common:compileMaterialJava UP-TO-DATE
> Task :common:processIrisapiResources UP-TO-DATE
> Task :common:irisapiClasses UP-TO-DATE
> Task :common:processMaterialResources NO-SOURCE
> Task :common:materialClasses UP-TO-DATE
> Task :common:compileJava UP-TO-DATE
> Task :neoforge:processResources
> Task :neoforge:compileJava UP-TO-DATE
> Task :neoforge:classes
> Task :neoforge:jarJar UP-TO-DATE
> Task :neoforge:jar
> Task :neoforge:javadoc SKIPPED
> Task :neoforge:javadocJar UP-TO-DATE
> Task :neoforge:sourcesJar UP-TO-DATE
> Task :neoforge:assemble
> Task :neoforge:compileTestJava NO-SOURCE
> Task :neoforge:processTestResources NO-SOURCE
> Task :neoforge:testClasses UP-TO-DATE
> Task :neoforge:test NO-SOURCE
> Task :neoforge:check UP-TO-DATE
> Task :neoforge:build

[Incubating] Problems report is available at: file:///D:/ProjectDllsss/superresolution/build/reports/problems/problems-report.html

Deprecated Gradle features were used in this build, making it incompatible with Gradle 10.

You can use '--warning-mode all' to show the individual deprecation warnings and determine if they come from your own scripts or plugins.

For more on this, please refer to https://docs.gradle.org/9.7.1/userguide/command_line_interface.html#sec:command_line_warnings in the Gradle documentation.

BUILD SUCCESSFUL in 21s
24 actionable tasks: 2 executed, 22 up-to-date
Consider enabling configuration cache to speed up this build: https://docs.gradle.org/9.7.1/userguide/configuration_cache_enabling.html
