To honour the JVM settings for this build a single-use Daemon process will be forked. For more on this, please refer to https://docs.gradle.org/9.7.1/userguide/gradle_daemon.html#sec:disabling_the_daemon in the Gradle documentation.
Daemon will be stopped at the end of the build 

> Task :auditRuntimeProfile
BASELINE_ARTIFACT net.neoforged:DevLaunch:1.0.2 DevLaunch-1.0.2.jar
BASELINE_ARTIFACT maven.modrinth:iris:1.8.8+1.21.1-neoforge-neoforge,1.21.1 iris-1.8.8+1.21.1-neoforge-neoforge,1.21.1.jar
BASELINE_ARTIFACT maven.modrinth:sodium:mc1.21.1-0.6.13-neoforge-neoforge,1.21.1 sodium-mc1.21.1-0.6.13-neoforge-neoforge,1.21.1.jar
BASELINE_ARTIFACT dev.architectury:architectury-neoforge:13.0.6 architectury-neoforge-13.0.6.jar
BASELINE_ARTIFACT org.anarres:jcpp:1.4.14 jcpp-1.4.14.jar
BASELINE_ARTIFACT net.neoforged.fancymodloader:earlydisplay:4.0.42 earlydisplay-4.0.42.jar
BASELINE_ARTIFACT net.neoforged.fancymodloader:loader:4.0.42 loader-4.0.42.jar
BASELINE_ARTIFACT net.neoforged.accesstransformers:at-modlauncher:10.0.1 at-modlauncher-10.0.1.jar
BASELINE_ARTIFACT net.neoforged:accesstransformers:10.0.1 accesstransformers-10.0.1.jar
BASELINE_ARTIFACT net.neoforged:bus:8.0.5 bus-8.0.5.jar
BASELINE_ARTIFACT net.neoforged:coremods:7.0.3 coremods-7.0.3.jar
BASELINE_ARTIFACT cpw.mods:modlauncher:11.0.5 modlauncher-11.0.5.jar
BASELINE_ARTIFACT net.neoforged:mergetool:2.0.0 mergetool-2.0.0-api.jar
BASELINE_ARTIFACT com.electronwill.night-config:toml:3.8.3 toml-3.8.3.jar
BASELINE_ARTIFACT com.electronwill.night-config:core:3.8.3 core-3.8.3.jar
BASELINE_ARTIFACT net.neoforged:JarJarSelector:0.4.1 JarJarSelector-0.4.1.jar
BASELINE_ARTIFACT net.neoforged:JarJarMetadata:0.4.1 JarJarMetadata-0.4.1.jar
BASELINE_ARTIFACT org.apache.maven:maven-artifact:3.8.5 maven-artifact-3.8.5.jar
BASELINE_ARTIFACT net.jodah:typetools:0.6.3 typetools-0.6.3.jar
BASELINE_ARTIFACT net.minecrell:terminalconsoleappender:1.3.0 terminalconsoleappender-1.3.0.jar
BASELINE_ARTIFACT net.fabricmc:sponge-mixin:0.15.2+mixin.0.8.7 sponge-mixin-0.15.2+mixin.0.8.7.jar
BASELINE_ARTIFACT org.openjdk.nashorn:nashorn-core:15.4 nashorn-core-15.4.jar
BASELINE_ARTIFACT org.apache.commons:commons-lang3:3.14.0 commons-lang3-3.14.0.jar
BASELINE_ARTIFACT cpw.mods:bootstraplauncher:2.0.2 bootstraplauncher-2.0.2.jar
BASELINE_ARTIFACT cpw.mods:securejarhandler:3.0.8 securejarhandler-3.0.8.jar
BASELINE_ARTIFACT org.ow2.asm:asm-commons:9.8 asm-commons-9.8.jar
BASELINE_ARTIFACT org.ow2.asm:asm-util:9.8 asm-util-9.8.jar
BASELINE_ARTIFACT org.ow2.asm:asm-analysis:9.8 asm-analysis-9.8.jar
BASELINE_ARTIFACT org.ow2.asm:asm-tree:9.8 asm-tree-9.8.jar
BASELINE_ARTIFACT org.ow2.asm:asm:9.8 asm-9.8.jar
BASELINE_ARTIFACT net.neoforged:JarJarFileSystems:0.4.1 JarJarFileSystems-0.4.1.jar
BASELINE_ARTIFACT com.google.code.findbugs:annotations:3.0.1 annotations-3.0.1.jar
BASELINE_ARTIFACT org.slf4j:slf4j-api:2.0.9 slf4j-api-2.0.9.jar
BASELINE_ARTIFACT net.sf.jopt-simple:jopt-simple:5.0.4 jopt-simple-5.0.4.jar
BASELINE_ARTIFACT org.apache.ant:ant:1.7.0 ant-1.7.0.jar
BASELINE_ARTIFACT com.github.zafarkhaja:java-semver:0.8.0 java-semver-0.8.0.jar
BASELINE_ARTIFACT commons-io:commons-io:2.15.1 commons-io-2.15.1.jar
BASELINE_ARTIFACT com.mojang:logging:1.2.7 logging-1.2.7.jar
BASELINE_ARTIFACT org.apache.logging.log4j:log4j-slf4j2-impl:2.22.1 log4j-slf4j2-impl-2.22.1.jar
BASELINE_ARTIFACT org.apache.logging.log4j:log4j-core:2.22.1 log4j-core-2.22.1.jar
BASELINE_ARTIFACT org.apache.logging.log4j:log4j-api:2.22.1 log4j-api-2.22.1.jar
BASELINE_ARTIFACT com.google.guava:guava:32.1.2-jre guava-32.1.2-jre.jar
BASELINE_ARTIFACT com.google.code.gson:gson:2.10.1 gson-2.10.1.jar
BASELINE_ARTIFACT org.antlr:antlr4-runtime:4.13.1 antlr4-runtime-4.13.1.jar
BASELINE_ARTIFACT net.minecraftforge:srgutils:0.4.15 srgutils-0.4.15.jar
BASELINE_ARTIFACT org.codehaus.plexus:plexus-utils:3.3.0 plexus-utils-3.3.0.jar
BASELINE_ARTIFACT org.jline:jline-reader:3.20.0 jline-reader-3.20.0.jar
BASELINE_ARTIFACT com.machinezoo.noexception:noexception:1.7.1 noexception-1.7.1.jar
BASELINE_ARTIFACT net.jcip:jcip-annotations:1.0 jcip-annotations-1.0.jar
BASELINE_ARTIFACT com.google.code.findbugs:jsr305:3.0.2 jsr305-3.0.2.jar
BASELINE_ARTIFACT org.apache.ant:ant-launcher:1.7.0 ant-launcher-1.7.0.jar
BASELINE_ARTIFACT com.google.guava:failureaccess:1.0.1 failureaccess-1.0.1.jar
BASELINE_ARTIFACT com.google.guava:listenablefuture:9999.0-empty-to-avoid-conflict-with-guava listenablefuture-9999.0-empty-to-avoid-conflict-with-guava.jar
BASELINE_ARTIFACT org.checkerframework:checker-qual:3.33.0 checker-qual-3.33.0.jar
BASELINE_ARTIFACT com.google.errorprone:error_prone_annotations:2.18.0 error_prone_annotations-2.18.0.jar
BASELINE_ARTIFACT com.google.j2objc:j2objc-annotations:2.8 j2objc-annotations-2.8.jar
BASELINE_ARTIFACT org.jline:jline-terminal:3.20.0 jline-terminal-3.20.0.jar
BASELINE_ARTIFACT com.github.oshi:oshi-core:6.4.10 oshi-core-6.4.10.jar
BASELINE_ARTIFACT com.ibm.icu:icu4j:73.2 icu4j-73.2.jar
BASELINE_ARTIFACT com.mojang:authlib:6.0.54 authlib-6.0.54.jar
BASELINE_ARTIFACT com.mojang:blocklist:1.0.10 blocklist-1.0.10.jar
BASELINE_ARTIFACT com.mojang:brigadier:1.3.10 brigadier-1.3.10.jar
BASELINE_ARTIFACT com.mojang:datafixerupper:8.0.16 datafixerupper-8.0.16.jar
BASELINE_ARTIFACT com.mojang:patchy:2.2.10 patchy-2.2.10.jar
BASELINE_ARTIFACT com.mojang:text2speech:1.17.9 text2speech-1.17.9.jar
BASELINE_ARTIFACT commons-codec:commons-codec:1.16.0 commons-codec-1.16.0.jar
BASELINE_ARTIFACT commons-logging:commons-logging:1.2 commons-logging-1.2.jar
BASELINE_ARTIFACT io.netty:netty-buffer:4.1.97.Final netty-buffer-4.1.97.Final.jar
BASELINE_ARTIFACT io.netty:netty-codec:4.1.97.Final netty-codec-4.1.97.Final.jar
BASELINE_ARTIFACT io.netty:netty-common:4.1.97.Final netty-common-4.1.97.Final.jar
BASELINE_ARTIFACT io.netty:netty-handler:4.1.97.Final netty-handler-4.1.97.Final.jar
BASELINE_ARTIFACT io.netty:netty-resolver:4.1.97.Final netty-resolver-4.1.97.Final.jar
BASELINE_ARTIFACT io.netty:netty-transport-classes-epoll:4.1.97.Final netty-transport-classes-epoll-4.1.97.Final.jar
BASELINE_ARTIFACT io.netty:netty-transport-native-unix-common:4.1.97.Final netty-transport-native-unix-common-4.1.97.Final.jar
BASELINE_ARTIFACT io.netty:netty-transport:4.1.97.Final netty-transport-4.1.97.Final.jar
BASELINE_ARTIFACT it.unimi.dsi:fastutil:8.5.12 fastutil-8.5.12.jar
BASELINE_ARTIFACT net.java.dev.jna:jna-platform:5.14.0 jna-platform-5.14.0.jar
BASELINE_ARTIFACT net.java.dev.jna:jna:5.14.0 jna-5.14.0.jar
BASELINE_ARTIFACT org.apache.commons:commons-compress:1.26.0 commons-compress-1.26.0.jar
BASELINE_ARTIFACT org.apache.httpcomponents:httpclient:4.5.13 httpclient-4.5.13.jar
BASELINE_ARTIFACT org.apache.httpcomponents:httpcore:4.4.16 httpcore-4.4.16.jar
BASELINE_ARTIFACT org.jcraft:jorbis:0.0.17 jorbis-0.0.17.jar
BASELINE_ARTIFACT org.joml:joml:1.10.5 joml-1.10.5.jar
BASELINE_ARTIFACT org.lwjgl:lwjgl-freetype:3.3.4 lwjgl-freetype-3.3.4.jar
BASELINE_ARTIFACT org.lwjgl:lwjgl-freetype:3.3.4 lwjgl-freetype-3.3.4-natives-windows.jar
BASELINE_ARTIFACT org.lwjgl:lwjgl-glfw:3.3.4 lwjgl-glfw-3.3.4.jar
BASELINE_ARTIFACT org.lwjgl:lwjgl-glfw:3.3.4 lwjgl-glfw-3.3.4-natives-windows.jar
BASELINE_ARTIFACT org.lwjgl:lwjgl-jemalloc:3.3.4 lwjgl-jemalloc-3.3.4.jar
BASELINE_ARTIFACT org.lwjgl:lwjgl-jemalloc:3.3.4 lwjgl-jemalloc-3.3.4-natives-windows.jar
BASELINE_ARTIFACT org.lwjgl:lwjgl-openal:3.3.4 lwjgl-openal-3.3.4.jar
BASELINE_ARTIFACT org.lwjgl:lwjgl-openal:3.3.4 lwjgl-openal-3.3.4-natives-windows.jar
BASELINE_ARTIFACT org.lwjgl:lwjgl-opengl:3.3.4 lwjgl-opengl-3.3.4.jar
BASELINE_ARTIFACT org.lwjgl:lwjgl-opengl:3.3.4 lwjgl-opengl-3.3.4-natives-windows.jar
BASELINE_ARTIFACT org.lwjgl:lwjgl-stb:3.3.3 lwjgl-stb-3.3.3.jar
BASELINE_ARTIFACT org.lwjgl:lwjgl-stb:3.3.3 lwjgl-stb-3.3.3-natives-windows.jar
BASELINE_ARTIFACT org.lwjgl:lwjgl-tinyfd:3.3.4 lwjgl-tinyfd-3.3.4.jar
BASELINE_ARTIFACT org.lwjgl:lwjgl-tinyfd:3.3.4 lwjgl-tinyfd-3.3.4-natives-windows.jar
BASELINE_ARTIFACT org.lwjgl:lwjgl:3.3.4 lwjgl-3.3.4.jar
BASELINE_ARTIFACT org.lwjgl:lwjgl:3.3.4 lwjgl-3.3.4-natives-windows.jar
BASELINE_ARTIFACT org.lz4:lz4-java:1.8.0 lz4-java-1.8.0.jar

BUILD SUCCESSFUL in 31s
1 actionable task: 1 executed
Consider enabling configuration cache to speed up this build: https://docs.gradle.org/9.7.1/userguide/configuration_cache_enabling.html
