❇️ Wisteria target: Minecraft 1.21.1 (1.21.1)
❇️ loader neoforge
> Task :common:createMinecraftArtifacts UP-TO-DATE
> Task :neoforge:createMinecraftArtifacts UP-TO-DATE
> Task :neoforge:processResources UP-TO-DATE
> Task :neoforge:jarJar NO-SOURCE
> Task :neoforge:processTestResources NO-SOURCE
> Task :common:compileJava
> Task :common:syncStreamlineLibraries NO-SOURCE
> Task :common:processResources UP-TO-DATE
> Task :common:classes
> Task :neoforge:compileJava UP-TO-DATE
> Task :neoforge:classes UP-TO-DATE
> Task :neoforge:jar
> Task :neoforge:assemble
> Task :neoforge:compileTestJava NO-SOURCE
> Task :neoforge:testClasses UP-TO-DATE
> Task :neoforge:test NO-SOURCE
> Task :neoforge:check UP-TO-DATE
> Task :neoforge:build

BUILD SUCCESSFUL in 3s
7 actionable tasks: 2 executed, 5 up-to-date
Consider enabling configuration cache to speed up this build: https://docs.gradle.org/9.4.0/userguide/configuration_cache_enabling.html
