SM86_PROXY_LOADED=YES
File 'D:\ProjectDllsss\experiments\streamline-mfg-capability\runtime/sl.common.dll' is signed by NVIDIA and the signature was verified.
File 'D:\ProjectDllsss\experiments\streamline-mfg-capability\runtime/sl.dlss_g.dll' is signed by NVIDIA and the signature was verified.
File 'D:\ProjectDllsss\experiments\streamline-mfg-capability\runtime/sl.pcl.dll' is signed by NVIDIA and the signature was verified.
File 'D:\ProjectDllsss\experiments\streamline-mfg-capability\runtime/sl.reflex.dll' is signed by NVIDIA and the signature was verified.
STREAMLINE_INIT_RESULT=0
HRESULT=0x0
HRESULT=0x0
HRESULT=0x0
GPU_NAME=NVIDIA GeForce RTX 3050 Ti Laptop GPU
ADAPTER_LUID=4c29010000000000
HRESULT=0x0
SL_SET_D3D_DEVICE_RESULT=0
DEVICE_PROXY_RESULT=0
HRESULT=0x0
HRESULT=0x0
FACTORY_PROXY_RESULT=0
FACTORY_PROXY_ACTIVE=YES
HRESULT=0x0
HRESULT=0x0
SWAPCHAIN_CREATED=YES
STREAMLINE_PRESENT_MODEL=PROXY_SWAPCHAIN
HRESULT=0x0
HRESULT=0x0
HRESULT=0x0
HRESULT=0x0
HRESULT=0x0
HRESULT=0x0
HRESULT=0x0
HRESULT=0x0
HRESULT=0x0
HRESULT=0x0
HRESULT=0x0
HRESULT=0x0
HRESULT=0x0
HRESULT=0x0
DLSSG_FEATURE_SUPPORT_RESULT=0
slDLSSGSetOptions=0
SET_OPTIONS_OFF_RESULT=0
DLSSG_PLUGIN_REQUESTED=YES
DLSSG_MODE=eOff
DLSSG_ENABLED=NO
slReflexSleep=0
slPCLSetMarker=0
SWAPCHAIN_NATIVE_QUERY_RESULT=0
SWAPCHAIN_PROXY_ACTIVE=YES
OFF_FRAME_TOKEN_RESULT=0
OFF_REFLEX_SLEEP_RESULT=0
OFF_SIM_START_RESULT=0
OFF_SIM_END_RESULT=0
OFF_RENDER_START_RESULT=0
HRESULT=0x0
HRESULT=0x0
HRESULT=0x0
HRESULT=0x0
OFF_RENDER_END_RESULT=0
OFF_PRESENT_START_RESULT=0
FIRST_PRESENT_HRESULT=0x887a0001
HRESULT=0x887a0001
FAIL_STAGE=PRESENT
ERROR=D3D12/DXGI failure
DEVICE_REMOVED_REASON=0
HRESULT=0x0
STREAMLINE_SHUTDOWN_RESULT=0
