[streamline][info]log.cpp:131[logva] Log file D:\ProjectDllsss\logs\research\streamline-mfg-x3\20261004-reflex-only\sl.log opened on 04.10.2026 at 20-03-36
[20-03-36][streamline][info][tid:786156][0s:004ms:537us]pluginManager.cpp:423[setHostSDKVersion] Streamline v2.12.0.17026aaf3 - built on Mon Jun 22 13:03:05 2026 - host SDK v2.12.0
[20-03-37][streamline][info][tid:786156][0s:993ms:742us]pluginManager.cpp:538[findPlugins] Looking for plugins in D:\ProjectDllsss\experiments\streamline-mfg-capability\runtime ...
[20-03-37][streamline][info][tid:786156][0s:994ms:179us]pluginManager.cpp:1024[loadPlugins] eLoadDownloadedPlugins flag not passed to preferences, OTA'd plugins will not be loaded!
[20-03-37][streamline][info][tid:786156][1s:356ms:720us]plugin.cpp:94[isAppDenylisted] Plugin path: D:\ProjectDllsss\experiments\streamline-mfg-capability\runtime\
[20-03-37][streamline][info][tid:786156][1s:367ms:886us]plugin.cpp:110[isAppDenylisted] Plugin is not from OTA - denylist does not apply
[20-03-37][streamline][info][tid:786156][1s:368ms:680us]commonInterface.cpp:168[getSystemCaps] Enumerating up to 8 adapters but only one of them can be used to create a device - no mGPU support in this SDK
[20-03-38][streamline][info][tid:786156][1s:454ms:298us]commonInterface.cpp:290[getSystemCaps] >-----------------------------------------
[20-03-38][streamline][info][tid:786156][1s:454ms:443us]commonInterface.cpp:293[getSystemCaps] NVIDIA driver 596.49
[20-03-38][streamline][info][tid:786156][1s:481ms:412us]commonInterface.cpp:318[getSystemCaps] Adapter 0 architecture 0x170 implementation 0x7 revision 0xa1 - bit 0x1 - LUID 0.76108
[20-03-38][streamline][info][tid:786156][1s:481ms:549us]commonInterface.cpp:324[getSystemCaps] -----------------------------------------<
[20-03-38][streamline][info][tid:786156][1s:483ms:002us]commonEntry.cpp:1944[getOSVersionAndUpdateTimerResolution] Changed high resolution timer resolution to 5000 [100 ns units].
[20-03-38][streamline][info][tid:786156][1s:483ms:093us]commonEntry.cpp:2023[updateEmbeddedJSON] Detected Windows OS version 10.0.26200
[20-03-38][streamline][info][tid:786156][1s:483ms:422us]pluginManager.cpp:883[mapPlugins] Loaded plugin 'sl.common' - version 2.12.0.17026aaf3 PRODUCTION - id 4294967295 - priority 0 - adapter mask 0xf - interposer 'no'
[20-03-43][streamline][info][tid:786156][6s:626ms:607us]commonEntry.cpp:999[getNGXFeatureRequirements] NGX feature 11 requirements - minOS 10.0.19041 minHW 0x170
[20-03-43][streamline][warn][tid:786156][6s:632ms:751us]pluginManager.cpp:780[mapPlugins] Ignoring plugin 'sl.dlss_g' since it is was not requested by the host
[20-03-43][streamline][info][tid:786156][6s:688ms:999us]plugin.cpp:94[isAppDenylisted] Plugin path: D:\ProjectDllsss\experiments\streamline-mfg-capability\runtime\
[20-03-43][streamline][info][tid:786156][6s:690ms:581us]plugin.cpp:110[isAppDenylisted] Plugin is not from OTA - denylist does not apply
[20-03-43][streamline][info][tid:786156][6s:690ms:902us]pluginManager.cpp:883[mapPlugins] Loaded plugin 'sl.pcl' - version 2.12.0.17026aaf3 PRODUCTION - id 4 - priority 2 - adapter mask 0xf - interposer 'no'
[20-03-43][streamline][info][tid:786156][6s:753ms:064us]pluginManager.cpp:883[mapPlugins] Loaded plugin 'sl.reflex' - version 2.12.0.17026aaf3 PRODUCTION - id 3 - priority 100 - adapter mask 0xf - interposer 'no'
[20-03-43][streamline][info][tid:786156][6s:753ms:236us]pluginManager.cpp:1159[loadPlugins] Plugin execution order based on priority:
[20-03-43][streamline][info][tid:786156][6s:753ms:348us]pluginManager.cpp:1162[loadPlugins] P0 - sl.common
[20-03-43][streamline][info][tid:786156][6s:753ms:494us]pluginManager.cpp:1162[loadPlugins] P2 - sl.pcl
[20-03-43][streamline][info][tid:786156][6s:753ms:822us]pluginManager.cpp:1162[loadPlugins] P100 - sl.reflex
[20-03-44][streamline][info][tid:786156][7s:850ms:770us]pluginManager.cpp:1362[initializePlugins] Initializing plugins - api 0.0.1 - application ID 100721531
[20-03-44][streamline][info][tid:786156][7s:852ms:884us]commonEntry.cpp:1467[slOnPluginStartup] At least one plugin requires NGX, trying to initialize ...
[20-03-44][streamline][info][tid:786156][7s:853ms:356us]commonEntry.cpp:1267[ngxLog] [Unknown(32764)] [2026-10-04 20:03:44] [NGXSafeInitializeLog:148] App logging hooks successfully initialized

[20-03-44][streamline][info][tid:786156][7s:854ms:410us]commonEntry.cpp:1267[ngxLog] [Unknown(32765)] [2026-10-04 20:03:44] [NGXSafeInitializeLog:133] App logging hooks successfully initialized

[20-03-44][streamline][info][tid:786156][7s:885ms:185us]commonEntry.cpp:1267[ngxLog] [Unknown(32765)] [2026-10-04 20:03:44] [NGXGetPathUsingQAI:512] Path to driverStore found using QAI: C:\WINDOWS\System32\DriverStore\FileRepository\nvlti.inf_amd64_af02d12a5c2283af

[20-03-44][streamline][info][tid:786156][7s:885ms:304us]commonEntry.cpp:1267[ngxLog] [Unknown(32765)] [2026-10-04 20:03:44] [NGXGetPath:1045] using path for models: C:\ProgramData\NVIDIA\NGX\models

[20-03-44][streamline][info][tid:786156][8s:051ms:196us]commonEntry.cpp:1267[ngxLog] [Unknown(32765)] [2026-10-04 20:03:44] [ModifyExistingFolderDACL:211] updated access control list for NGX cache (NGX cache should now be usable by all authenticated users)

[20-03-44][streamline][info][tid:786156][8s:051ms:390us]commonEntry.cpp:1267[ngxLog] [Unknown(32765)] [2026-10-04 20:03:44] [NGXCreateModelsFolder:1072] model folder created: C:\ProgramData\NVIDIA\NGX\models

[20-03-44][streamline][info][tid:786156][8s:051ms:497us]commonEntry.cpp:1267[ngxLog] [Unknown(32765)] [2026-10-04 20:03:44] [NGXLoadConfig:1144] [dlss]

[20-03-44][streamline][info][tid:786156][8s:051ms:588us]commonEntry.cpp:1267[ngxLog] [Unknown(32765)] [2026-10-04 20:03:44] [NGXLoadConfig:1150] app_B9FEB50=1.0.108

[20-03-44][streamline][info][tid:786156][8s:051ms:648us]commonEntry.cpp:1267[ngxLog] [Unknown(32765)] [2026-10-04 20:03:44] [NGXLoadConfig:1150] app_B9FF4BC=1.0.108

[20-03-44][streamline][info][tid:786156][8s:051ms:688us]commonEntry.cpp:1267[ngxLog] [Unknown(32765)] [2026-10-04 20:03:44] [NGXLoadConfig:1150] app_B9FD524=1.0.108

[20-03-44][streamline][info][tid:786156][8s:051ms:814us]commonEntry.cpp:1267[ngxLog] [Unknown(32765)] [2026-10-04 20:03:44] [NGXLoadConfig:1150] app_B9DF510=1.3.106

[20-03-44][streamline][info][tid:786156][8s:051ms:871us]commonEntry.cpp:1267[ngxLog] [Unknown(32765)] [2026-10-04 20:03:44] [NGXLoadConfig:1150] app_B9CB0B8=1.0.108

[20-03-44][streamline][info][tid:786156][8s:051ms:921us]commonEntry.cpp:1267[ngxLog] [Unknown(32765)] [2026-10-04 20:03:44] [NGXLoadConfig:1150] app_B9E26B0=2.1.28

[20-03-44][streamline][info][tid:786156][8s:051ms:962us]commonEntry.cpp:1267[ngxLog] [Unknown(32765)] [2026-10-04 20:03:44] [NGXLoadConfig:1150] app_B9D48D0=1.0.108

[20-03-44][streamline][info][tid:786156][8s:052ms:000us]commonEntry.cpp:1267[ngxLog] [Unknown(32765)] [2026-10-04 20:03:44] [NGXLoadConfig:1150] app_E99B5EC=1.2.109

[20-03-44][streamline][info][tid:786156][8s:052ms:037us]commonEntry.cpp:1267[ngxLog] [Unknown(32765)] [2026-10-04 20:03:44] [NGXLoadConfig:1150] app_B9DFA64=1.0.108

[20-03-44][streamline][info][tid:786156][8s:052ms:081us]commonEntry.cpp:1267[ngxLog] [Unknown(32765)] [2026-10-04 20:03:44] [NGXLoadConfig:1150] app_B9FD6C0=1.0.108

[20-03-44][streamline][info][tid:786156][8s:052ms:119us]commonEntry.cpp:1267[ngxLog] [Unknown(32765)] [2026-10-04 20:03:44] [NGXLoadConfig:1150] app_B9CF688=2.2.15

[20-03-44][streamline][info][tid:786156][8s:052ms:151us]commonEntry.cpp:1267[ngxLog] [Unknown(32765)] [2026-10-04 20:03:44] [NGXLoadConfig:1150] app_B9D6F08=1.0.108

[20-03-44][streamline][info][tid:786156][8s:052ms:186us]commonEntry.cpp:1267[ngxLog] [Unknown(32765)] [2026-10-04 20:03:44] [NGXLoadConfig:1150] app_B9BF564=2.1.201

[20-03-44][streamline][info][tid:786156][8s:052ms:230us]commonEntry.cpp:1267[ngxLog] [Unknown(32765)] [2026-10-04 20:03:44] [NGXLoadConfig:1150] app_B9DB4F4=1.0.108

[20-03-44][streamline][info][tid:786156][8s:052ms:274us]commonEntry.cpp:1267[ngxLog] [Unknown(32765)] [2026-10-04 20:03:44] [NGXLoadConfig:1150] app_B9D2F5C=1.2.110

[20-03-44][streamline][info][tid:786156][8s:052ms:398us]commonEntry.cpp:1267[ngxLog] [Unknown(32765)] [2026-10-04 20:03:44] [NGXLoadConfig:1150] app_B9D7388=1.0.108

[20-03-44][streamline][info][tid:786156][8s:052ms:628us]commonEntry.cpp:1267[ngxLog] [Unknown(32765)] [2026-10-04 20:03:44] [NGXLoadConfig:1150] app_B9F5618=2.1.29

[20-03-44][streamline][info][tid:786156][8s:052ms:787us]commonEntry.cpp:1267[ngxLog] [Unknown(32765)] [2026-10-04 20:03:44] [NGXLoadConfig:1150] app_B9DAE68=1.2.109

[20-03-44][streamline][info][tid:786156][8s:052ms:849us]commonEntry.cpp:1267[ngxLog] [Unknown(32765)] [2026-10-04 20:03:44] [NGXLoadConfig:1150] app_B9D8C54=1.2.109

[20-03-44][streamline][info][tid:786156][8s:052ms:887us]commonEntry.cpp:1267[ngxLog] [Unknown(32765)] [2026-10-04 20:03:44] [NGXLoadConfig:1150] app_B9D3EF0=2.1.28

[20-03-44][streamline][info][tid:786156][8s:052ms:919us]commonEntry.cpp:1267[ngxLog] [Unknown(32765)] [2026-10-04 20:03:44] [NGXLoadConfig:1150] app_B9FACDC=2.1.201

[20-03-44][streamline][info][tid:786156][8s:052ms:951us]commonEntry.cpp:1267[ngxLog] [Unknown(32765)] [2026-10-04 20:03:44] [NGXLoadConfig:1150] app_F7361DC=2.1.28

[20-03-44][streamline][info][tid:786156][8s:052ms:983us]commonEntry.cpp:1267[ngxLog] [Unknown(32765)] [2026-10-04 20:03:44] [NGXLoadConfig:1150] app_B9C3560=2.1.201

[20-03-44][streamline][info][tid:786156][8s:053ms:019us]commonEntry.cpp:1267[ngxLog] [Unknown(32765)] [2026-10-04 20:03:44] [NGXLoadConfig:1150] app_B9B0430=2.1.28

[20-03-44][streamline][info][tid:786156][8s:053ms:054us]commonEntry.cpp:1267[ngxLog] [Unknown(32765)] [2026-10-04 20:03:44] [NGXLoadConfig:1150] app_E658702=0.0.0

[20-03-44][streamline][info][tid:786156][8s:053ms:127us]commonEntry.cpp:1267[ngxLog] [Unknown(32765)] [2026-10-04 20:03:44] [NGXLoadConfig:1150] app_E658701=0.0.0

[20-03-44][streamline][info][tid:786156][8s:053ms:166us]commonEntry.cpp:1267[ngxLog] [Unknown(32765)] [2026-10-04 20:03:44] [NGXLoadConfig:1150] app_E658700=310.9.0

[20-03-44][streamline][info][tid:786156][8s:053ms:205us]commonEntry.cpp:1267[ngxLog] [Unknown(32765)] [2026-10-04 20:03:44] [NGXLoadConfig:1150] app_B9393FC=2.1.201

[20-03-44][streamline][info][tid:786156][8s:053ms:243us]commonEntry.cpp:1267[ngxLog] [Unknown(32765)] [2026-10-04 20:03:44] [NGXLoadConfig:1144] [dlisp]

[20-03-44][streamline][info][tid:786156][8s:053ms:315us]commonEntry.cpp:1267[ngxLog] [Unknown(32765)] [2026-10-04 20:03:44] [NGXLoadConfig:1150] app_B9CF688=2.1.15

[20-03-44][streamline][info][tid:786156][8s:053ms:371us]commonEntry.cpp:1267[ngxLog] [Unknown(32765)] [2026-10-04 20:03:44] [NGXLoadConfig:1150] app_E99B5EC=1.2.102

[20-03-44][streamline][info][tid:786156][8s:053ms:413us]commonEntry.cpp:1267[ngxLog] [Unknown(32765)] [2026-10-04 20:03:44] [NGXLoadConfig:1150] app_E658703=310.0.0

[20-03-44][streamline][info][tid:786156][8s:053ms:454us]commonEntry.cpp:1267[ngxLog] [Unknown(32765)] [2026-10-04 20:03:44] [NGXLoadConfig:1150] app_B9D8C54=1.2.106

[20-03-44][streamline][info][tid:786156][8s:053ms:493us]commonEntry.cpp:1267[ngxLog] [Unknown(32765)] [2026-10-04 20:03:44] [NGXLoadConfig:1150] app_B9D2F5C=1.2.106

[20-03-44][streamline][info][tid:786156][8s:053ms:532us]commonEntry.cpp:1267[ngxLog] [Unknown(32765)] [2026-10-04 20:03:44] [NGXLoadConfig:1150] app_B9DF510=1.3.101

[20-03-44][streamline][info][tid:786156][8s:053ms:570us]commonEntry.cpp:1267[ngxLog] [Unknown(32765)] [2026-10-04 20:03:44] [NGXLoadConfig:1150] app_B9DAE68=1.2.106

[20-03-44][streamline][info][tid:786156][8s:053ms:606us]commonEntry.cpp:1267[ngxLog] [Unknown(32765)] [2026-10-04 20:03:44] [NGXLoadConfig:1144] [sl_sdk_0]

[20-03-44][streamline][info][tid:786156][8s:054ms:994us]commonEntry.cpp:1267[ngxLog] [Unknown(32765)] [2026-10-04 20:03:44] [NGXLoadConfig:1150] app_E658703=2.14.0

[20-03-44][streamline][info][tid:786156][8s:055ms:156us]commonEntry.cpp:1267[ngxLog] [Unknown(32765)] [2026-10-04 20:03:44] [NGXLoadConfig:1144] [sl_common_0]

[20-03-44][streamline][info][tid:786156][8s:055ms:334us]commonEntry.cpp:1267[ngxLog] [Unknown(32765)] [2026-10-04 20:03:44] [NGXLoadConfig:1144] [sl_deepdvc_0]

[20-03-44][streamline][info][tid:786156][8s:055ms:529us]commonEntry.cpp:1267[ngxLog] [Unknown(32765)] [2026-10-04 20:03:44] [NGXLoadConfig:1144] [sl_dlss_0]

[20-03-44][streamline][info][tid:786156][8s:055ms:691us]commonEntry.cpp:1267[ngxLog] [Unknown(32765)] [2026-10-04 20:03:44] [NGXLoadConfig:1144] [sl_dlss_d_0]

[20-03-44][streamline][info][tid:786156][8s:055ms:753us]commonEntry.cpp:1267[ngxLog] [Unknown(32765)] [2026-10-04 20:03:44] [NGXLoadConfig:1144] [sl_dlss_g_0]

[20-03-44][streamline][info][tid:786156][8s:055ms:806us]commonEntry.cpp:1267[ngxLog] [Unknown(32765)] [2026-10-04 20:03:44] [NGXLoadConfig:1144] [sl_nis_0]

[20-03-44][streamline][info][tid:786156][8s:055ms:852us]commonEntry.cpp:1267[ngxLog] [Unknown(32765)] [2026-10-04 20:03:44] [NGXLoadConfig:1144] [sl_deepdvc_override_0]

[20-03-44][streamline][info][tid:786156][8s:055ms:885us]commonEntry.cpp:1267[ngxLog] [Unknown(32765)] [2026-10-04 20:03:44] [NGXLoadConfig:1150] app_E658700=2.14.0

[20-03-44][streamline][info][tid:786156][8s:055ms:917us]commonEntry.cpp:1267[ngxLog] [Unknown(32765)] [2026-10-04 20:03:44] [NGXLoadConfig:1144] [sl_nvperf_0]

[20-03-44][streamline][info][tid:786156][8s:055ms:961us]commonEntry.cpp:1267[ngxLog] [Unknown(32765)] [2026-10-04 20:03:44] [NGXLoadConfig:1144] [sl_pcl_0]

[20-03-44][streamline][info][tid:786156][8s:056ms:012us]commonEntry.cpp:1267[ngxLog] [Unknown(32765)] [2026-10-04 20:03:44] [NGXLoadConfig:1144] [sl_reflex_0]

[20-03-44][streamline][info][tid:786156][8s:056ms:064us]commonEntry.cpp:1267[ngxLog] [Unknown(32765)] [2026-10-04 20:03:44] [NGXLoadConfig:1144] [dlss_override]

[20-03-44][streamline][info][tid:786156][8s:056ms:164us]commonEntry.cpp:1267[ngxLog] [Unknown(32765)] [2026-10-04 20:03:44] [NGXLoadConfig:1144] [dlssd]

[20-03-44][streamline][info][tid:786156][8s:056ms:246us]commonEntry.cpp:1267[ngxLog] [Unknown(32765)] [2026-10-04 20:03:44] [NGXLoadConfig:1144] [dlssg]

[20-03-44][streamline][info][tid:786156][8s:056ms:299us]commonEntry.cpp:1267[ngxLog] [Unknown(32765)] [2026-10-04 20:03:44] [NGXLoadConfig:1144] [sl_sdk_override_0]

[20-03-44][streamline][info][tid:786156][8s:056ms:352us]commonEntry.cpp:1267[ngxLog] [Unknown(32765)] [2026-10-04 20:03:44] [NGXLoadConfig:1144] [sl_dlss_g_override_0]

[20-03-44][streamline][info][tid:786156][8s:056ms:405us]commonEntry.cpp:1267[ngxLog] [Unknown(32765)] [2026-10-04 20:03:44] [NGXLoadConfig:1144] [sl_common_override_0]

[20-03-44][streamline][info][tid:786156][8s:056ms:454us]commonEntry.cpp:1267[ngxLog] [Unknown(32765)] [2026-10-04 20:03:44] [NGXLoadConfig:1144] [sl_dlss_override_0]

[20-03-44][streamline][info][tid:786156][8s:056ms:508us]commonEntry.cpp:1267[ngxLog] [Unknown(32765)] [2026-10-04 20:03:44] [NGXLoadConfig:1144] [sl_nis_override_0]

[20-03-44][streamline][info][tid:786156][8s:056ms:559us]commonEntry.cpp:1267[ngxLog] [Unknown(32765)] [2026-10-04 20:03:44] [NGXLoadConfig:1144] [sl_dlss_d_override_0]

[20-03-44][streamline][info][tid:786156][8s:056ms:611us]commonEntry.cpp:1267[ngxLog] [Unknown(32765)] [2026-10-04 20:03:44] [NGXLoadConfig:1144] [sl_nvperf_override_0]

[20-03-44][streamline][info][tid:786156][8s:056ms:662us]commonEntry.cpp:1267[ngxLog] [Unknown(32765)] [2026-10-04 20:03:44] [NGXLoadConfig:1144] [sl_pcl_override_0]

[20-03-44][streamline][info][tid:786156][8s:056ms:713us]commonEntry.cpp:1267[ngxLog] [Unknown(32765)] [2026-10-04 20:03:44] [NGXLoadConfig:1144] [sl_reflex_override_0]

[20-03-44][streamline][info][tid:786156][8s:056ms:799us]commonEntry.cpp:1267[ngxLog] [Unknown(32765)] [2026-10-04 20:03:44] [`anonymous-namespace'::LoadMappingFileData:268] listItem.engineVersion .* listItem.genericCMSId 86aa7b4

[20-03-44][streamline][info][tid:786156][8s:056ms:853us]commonEntry.cpp:1267[ngxLog] [Unknown(32765)] [2026-10-04 20:03:44] [`anonymous-namespace'::LoadMappingFileData:282]  project id 3F9D696D4363312194B0ECB2671E899F cms id B9FBD50

[20-03-44][streamline][info][tid:786156][8s:056ms:902us]commonEntry.cpp:1267[ngxLog] [Unknown(32765)] [2026-10-04 20:03:44] [`anonymous-namespace'::LoadMappingFileData:268] listItem.engineVersion .* listItem.genericCMSId 8618954

[20-03-44][streamline][info][tid:786156][8s:056ms:979us]commonEntry.cpp:1267[ngxLog] [Unknown(32765)] [2026-10-04 20:03:44] [`anonymous-namespace'::LoadMappingFileData:268] listItem.engineVersion .* listItem.genericCMSId b9b05cc

[20-03-44][streamline][info][tid:786156][8s:057ms:031us]commonEntry.cpp:1267[ngxLog] [Unknown(32765)] [2026-10-04 20:03:44] [`anonymous-namespace'::LoadMappingFileData:268] listItem.engineVersion .* listItem.genericCMSId 876232c

[20-03-44][streamline][info][tid:786156][8s:058ms:032us]commonEntry.cpp:1267[ngxLog] [Unknown(32765)] [2026-10-04 20:03:44] [MapProjectId:1905] Found cms id 876232c for engine: custom engineVersion 1.0.0 projectID 3e6891d2-09ac-4f54-ae8d-f481c3150d4b

[20-03-45][streamline][info][tid:786156][8s:713ms:206us]commonEntry.cpp:1267[ngxLog] [Unknown(32765)] [2026-10-04 20:03:45] [NGXDRSInit:327] NvAPI_DRS_FindApplicationByName -166

[20-03-45][streamline][info][tid:786156][8s:768ms:487us]commonEntry.cpp:1267[ngxLog] [Unknown(32765)] [2026-10-04 20:03:45] [NGXInitContext:245] called from module sl.common.dll at D:\ProjectDllsss\experiments\streamline-mfg-capability\runtime

[20-03-45][streamline][info][tid:786156][8s:768ms:776us]commonEntry.cpp:1267[ngxLog] [Unknown(32765)] [2026-10-04 20:03:45] [NGXContextDenyListData::IsFeatureDenied:669] Feature dldenoiser, denial value 0 for Cms ID 876232c

[20-03-45][streamline][info][tid:786156][8s:769ms:770us]commonEntry.cpp:1267[ngxLog] [Unknown(32765)] [2026-10-04 20:03:45] [`anonymous-namespace'::SnippetLocationInfo::load:695] NGXLoadFromPath failed: -1160773628

[20-03-45][streamline][info][tid:786156][8s:770ms:101us]commonEntry.cpp:1267[ngxLog] [Unknown(32765)] [2026-10-04 20:03:45] [NGXReportStatusFeedback:1060] Override shared memory was opened successfully

[20-03-45][streamline][info][tid:786156][8s:770ms:184us]commonEntry.cpp:1267[ngxLog] [Unknown(32765)] [2026-10-04 20:03:45] [NGXReportStatusFeedback:1072] Override shared memory was mapped successfully

[20-03-45][streamline][info][tid:786156][8s:770ms:278us]commonEntry.cpp:1267[ngxLog] [Unknown(32765)] [2026-10-04 20:03:45] [NGXContextDenyListData::IsFeatureDenied:669] Feature dlss, denial value 0 for Cms ID 876232c

[20-03-45][streamline][info][tid:786156][8s:772ms:748us]commonEntry.cpp:1267[ngxLog] [Unknown(32765)] [2026-10-04 20:03:45] [NGXContextDenyListData::IsFeatureDenied:669] Feature dlinpainting, denial value 0 for Cms ID 876232c

[20-03-45][streamline][info][tid:786156][8s:773ms:024us]commonEntry.cpp:1267[ngxLog] [Unknown(32765)] [2026-10-04 20:03:45] [NGXContextDenyListData::IsFeatureDenied:669] Feature dlisr, denial value 0 for Cms ID 876232c

[20-03-45][streamline][info][tid:786156][8s:774ms:824us]commonEntry.cpp:1267[ngxLog] [Unknown(32765)] [2026-10-04 20:03:45] [NGXContextDenyListData::IsFeatureDenied:669] Feature dlslowmo, denial value 0 for Cms ID 876232c

[20-03-45][streamline][info][tid:786156][8s:777ms:863us]commonEntry.cpp:1267[ngxLog] [Unknown(32765)] [2026-10-04 20:03:45] [NGXContextDenyListData::IsFeatureDenied:669] Feature dlvsr, denial value 0 for Cms ID 876232c

[20-03-45][streamline][info][tid:786156][8s:778ms:925us]commonEntry.cpp:1267[ngxLog] [Unknown(32765)] [2026-10-04 20:03:45] [NGXContextDenyListData::IsFeatureDenied:669] Feature dlcolorize, denial value 0 for Cms ID 876232c

[20-03-45][streamline][info][tid:786156][8s:779ms:475us]commonEntry.cpp:1267[ngxLog] [Unknown(32765)] [2026-10-04 20:03:45] [NGXContextDenyListData::IsFeatureDenied:669] Feature dlstyletransfer, denial value 0 for Cms ID 876232c

[20-03-45][streamline][info][tid:786156][8s:780ms:504us]commonEntry.cpp:1267[ngxLog] [Unknown(32765)] [2026-10-04 20:03:45] [NGXContextDenyListData::IsFeatureDenied:669] Feature dlvdenoiser, denial value 0 for Cms ID 876232c

[20-03-45][streamline][info][tid:786156][8s:781ms:736us]commonEntry.cpp:1267[ngxLog] [Unknown(32765)] [2026-10-04 20:03:45] [NGXContextDenyListData::IsFeatureDenied:669] Feature dlisp, denial value 0 for Cms ID 876232c

[20-03-45][streamline][info][tid:786156][8s:782ms:730us]commonEntry.cpp:1267[ngxLog] [Unknown(32765)] [2026-10-04 20:03:45] [NGXContextDenyListData::IsFeatureDenied:669] Feature dlresolve, denial value 0 for Cms ID 876232c

[20-03-45][streamline][info][tid:786156][8s:784ms:541us]commonEntry.cpp:1267[ngxLog] [Unknown(32765)] [2026-10-04 20:03:45] [NGXContextDenyListData::IsFeatureDenied:669] Feature dlssg, denial value 0 for Cms ID 876232c

[20-03-45][streamline][info][tid:786156][8s:922ms:432us]commonEntry.cpp:1267[ngxLog] [Unknown(32765)] [2026-10-04 20:03:45] [NGXSecureLoadFeature:1329] Feature dlssg failed to load (cmsid 141959980) from cache (location: C:\ProgramData\NVIDIA\NGX\models\dlssg\versions\0\files, name: 160_876232C.bin)

[20-03-45][streamline][info][tid:786156][8s:922ms:558us]commonEntry.cpp:1267[ngxLog] [Unknown(32765)] [2026-10-04 20:03:45] [NGXSecureLoadFeature:1329] Feature dlssg failed to load (cmsid 241534723) from cache (location: C:\ProgramData\NVIDIA\NGX\models\dlssg\versions\0\files, name: 160_E658703.bin)

[20-03-46][streamline][info][tid:786156][10s:321ms:715us]commonEntry.cpp:1267[ngxLog] [Unknown(32765)] [2026-10-04 20:03:46] [NGXSecureLoadFeature:1366] Found dlssg driver fallback snippet at C:\WINDOWS\System32\DriverStore\FileRepository\nvlti.inf_amd64_af02d12a5c2283af

[20-03-46][streamline][info][tid:786156][10s:321ms:833us]commonEntry.cpp:1267[ngxLog] [Unknown(32765)] [2026-10-04 20:03:46] [NGXSecureLoadFeature:1445] app 876232C feature dlssg snippet: D:\ProjectDllsss\experiments\streamline-mfg-capability\runtime/nvngx_dlssg.dll version: 310.9.1

[20-03-46][streamline][info][tid:786156][10s:321ms:879us]commonEntry.cpp:1267[ngxLog] [Unknown(32765)] [2026-10-04 20:03:46] [NGXContextDenyListData::IsFeatureDenied:669] Feature deepdvc, denial value 0 for Cms ID 876232c

[20-03-46][streamline][info][tid:786156][10s:321ms:916us]commonEntry.cpp:1267[ngxLog] [Unknown(32765)] [2026-10-04 20:03:46] [`anonymous-namespace'::SnippetLocationInfo::load:695] NGXLoadFromPath failed: -1160773628

[20-03-46][streamline][info][tid:786156][10s:322ms:363us]commonEntry.cpp:1267[ngxLog] [Unknown(32765)] [2026-10-04 20:03:46] [NGXContextDenyListData::IsFeatureDenied:669] Feature dlssd, denial value 0 for Cms ID 876232c

[20-03-46][streamline][info][tid:786156][10s:322ms:611us]commonEntry.cpp:1267[ngxLog] [Unknown(32765)] [2026-10-04 20:03:46] [NGXContextDenyListData::IsFeatureDenied:669] Feature truehdr, denial value 0 for Cms ID 876232c

[20-03-46][streamline][info][tid:786156][10s:323ms:116us]commonEntry.cpp:1267[ngxLog] [Unknown(32765)] [2026-10-04 20:03:46] [NGXContextDenyListData::IsFeatureDenied:669] Feature latewarp, denial value 0 for Cms ID 876232c

[20-03-46][streamline][info][tid:786156][10s:323ms:666us]commonEntry.cpp:1267[ngxLog] [Unknown(32765)] [2026-10-04 20:03:46] [NGXContextDenyListData::IsFeatureDenied:669] Feature vsr, denial value 0 for Cms ID 876232c

[20-03-46][streamline][info][tid:786156][10s:324ms:113us]commonEntry.cpp:1267[ngxLog] [Unknown(32765)] [2026-10-04 20:03:46] [NGXContextDenyListData::IsFeatureDenied:669] Feature fgx, denial value 0 for Cms ID 876232c

[20-03-47][streamline][info][tid:786156][11s:218ms:310us]commonEntry.cpp:1267[ngxLog] [FrameGeneration] [2026-10-04 20:03:47] [tid:786156][NGXInitLog:208] App logging hooks successfully initialized

[20-03-47][streamline][info][tid:786156][11s:218ms:420us]commonEntry.cpp:1267[ngxLog] [FrameGeneration] [2026-10-04 20:03:47] [tid:786156][NGXInitLog:214] Build v310.9.1 CL 38868064

[20-03-47][streamline][info][tid:786156][11s:218ms:469us]commonEntry.cpp:1267[ngxLog] [FrameGeneration] [2026-10-04 20:03:47] [tid:786156][NGXInitLog:216] Built with APP_NAME = endpoint

[20-03-47][streamline][info][tid:786156][11s:218ms:512us]commonEntry.cpp:1267[ngxLog] [FrameGeneration] [2026-10-04 20:03:47] [tid:786156][NGXInitLog:226] Loaded from path "D:\ProjectDllsss\experiments\streamline-mfg-capability\runtime\bundle-cache\f041be503d3fe093468a799be4e6e15cbbb91fdde5aa3a1b9bef8985a18057b7/nvngx_dlssg.dll" by streamline_mfg_x3.exe

[20-03-47][streamline][info][tid:786156][11s:246ms:544us]commonEntry.cpp:1267[ngxLog] [FrameGeneration] [2026-10-04 20:03:47] [tid:786156][NGXCubinD3D12::Init:135] Enabling texmode_raw

[20-03-47][streamline][info][tid:786156][11s:246ms:960us]commonEntry.cpp:1267[ngxLog] [FrameGeneration] [2026-10-04 20:03:47] [tid:786156][NGXCubinD3D12::Init:147] Enabling CuModule kernel path (load fatbin once, resolve entry points)

[20-03-47][streamline][info][tid:786156][11s:247ms:079us]commonEntry.cpp:1267[ngxLog] [FrameGeneration] [2026-10-04 20:03:47] [tid:786156][NGXCubinKernelMap::InitCubins:42] Loading NGXCubin kernels

[20-03-47][streamline][info][tid:786156][11s:247ms:154us]commonEntry.cpp:1267[ngxLog] [FrameGeneration] [2026-10-04 20:03:47] [tid:786156][NGXCubinGeneric::SetGPUArch:473] m_gpuArch = 0x170

[20-03-47][streamline][info][tid:786156][11s:255ms:330us]commonEntry.cpp:1267[ngxLog] [FrameGeneration] [2026-10-04 20:03:47] [tid:786156][NGXCubinGeneric::genericPostInit:164] Fast UAV clear: supported

[20-03-47][streamline][info][tid:786156][11s:263ms:669us]commonEntry.cpp:1654[slOnPluginStartup] At least one plugin requires DRS, trying to initialize ...
[20-03-48][streamline][info][tid:786156][12s:133ms:315us]pluginManager.cpp:1468[mapPluginCallbacks] Callback sl.common:slSetData:0x0
[20-03-48][streamline][info][tid:786156][12s:134ms:286us]pluginManager.cpp:1469[mapPluginCallbacks] Callback sl.common:slGetData:0x0
[20-03-48][streamline][info][tid:786156][12s:134ms:387us]pluginManager.cpp:1470[mapPluginCallbacks] Callback sl.common:slAllocateResources:0x0
[20-03-48][streamline][info][tid:786156][12s:134ms:453us]pluginManager.cpp:1471[mapPluginCallbacks] Callback sl.common:slFreeResources:0x0
[20-03-48][streamline][info][tid:786156][12s:135ms:083us]pluginManager.cpp:1472[mapPluginCallbacks] Callback sl.common:slEvaluateFeature:0x7ffd50e8a010
[20-03-48][streamline][info][tid:786156][12s:135ms:150us]pluginManager.cpp:1473[mapPluginCallbacks] Callback sl.common:slSetTag:0x7ffd50e88af0
[20-03-48][streamline][info][tid:786156][12s:135ms:289us]pluginManager.cpp:1474[mapPluginCallbacks] Callback sl.common:slSetTagForFrame:0x7ffd50e88c60
[20-03-48][streamline][info][tid:786156][12s:135ms:386us]pluginManager.cpp:1475[mapPluginCallbacks] Callback sl.common:slSetConsts:0x7ffd50e89af0
[20-03-48][streamline][info][tid:786156][12s:135ms:609us]pluginManager.cpp:1235[processPluginHooks] Hook sl.common:slHookVkPresent:before - skipped
[20-03-48][streamline][info][tid:786156][12s:135ms:914us]pluginManager.cpp:1235[processPluginHooks] Hook sl.common:slHookVkAfterPresent:after - skipped
[20-03-48][streamline][info][tid:786156][12s:135ms:982us]pluginManager.cpp:1235[processPluginHooks] Hook sl.common:slHookVkCmdBindPipeline:after - skipped
[20-03-48][streamline][info][tid:786156][12s:136ms:027us]pluginManager.cpp:1235[processPluginHooks] Hook sl.common:slHookVkCmdBindDescriptorSets:after - skipped
[20-03-48][streamline][info][tid:786156][12s:136ms:065us]pluginManager.cpp:1235[processPluginHooks] Hook sl.common:slHookVkBeginCommandBuffer:after - skipped
[20-03-48][streamline][info][tid:786156][12s:136ms:099us]pluginManager.cpp:1259[processPluginHooks] Hook sl.common:slHookCreateSwapChain:before - OK
[20-03-48][streamline][info][tid:786156][12s:136ms:131us]pluginManager.cpp:1259[processPluginHooks] Hook sl.common:slHookCreateSwapChainForHwnd:before - OK
[20-03-48][streamline][info][tid:786156][12s:136ms:217us]pluginManager.cpp:1259[processPluginHooks] Hook sl.common:slHookCreateSwapChainForCoreWindow:before - OK
[20-03-48][streamline][info][tid:786156][12s:136ms:272us]pluginManager.cpp:1259[processPluginHooks] Hook sl.common:slHookResizeSwapChainPre:before - OK
[20-03-48][streamline][info][tid:786156][12s:136ms:401us]pluginManager.cpp:1259[processPluginHooks] Hook sl.common:slHookPresent:before - OK
[20-03-48][streamline][info][tid:786156][12s:136ms:536us]pluginManager.cpp:1259[processPluginHooks] Hook sl.common:slHookAfterPresent:after - OK
[20-03-48][streamline][info][tid:786156][12s:136ms:574us]pluginManager.cpp:1259[processPluginHooks] Hook sl.common:slHookPresent1:before - OK
[20-03-48][streamline][info][tid:786156][12s:136ms:658us]pluginManager.cpp:1468[mapPluginCallbacks] Callback sl.pcl:slSetData:0x7ffd5269b6c0
[20-03-48][streamline][info][tid:786156][12s:139ms:969us]pluginManager.cpp:1469[mapPluginCallbacks] Callback sl.pcl:slGetData:0x7ffd5269b6d0
[20-03-48][streamline][info][tid:786156][12s:140ms:124us]pluginManager.cpp:1470[mapPluginCallbacks] Callback sl.pcl:slAllocateResources:0x0
[20-03-48][streamline][info][tid:786156][12s:140ms:203us]pluginManager.cpp:1471[mapPluginCallbacks] Callback sl.pcl:slFreeResources:0x0
[20-03-48][streamline][info][tid:786156][12s:140ms:253us]pluginManager.cpp:1472[mapPluginCallbacks] Callback sl.pcl:slEvaluateFeature:0x0
[20-03-48][streamline][info][tid:786156][12s:140ms:297us]pluginManager.cpp:1473[mapPluginCallbacks] Callback sl.pcl:slSetTag:0x0
[20-03-48][streamline][info][tid:786156][12s:140ms:340us]pluginManager.cpp:1474[mapPluginCallbacks] Callback sl.pcl:slSetTagForFrame:0x0
[20-03-48][streamline][info][tid:786156][12s:140ms:408us]pluginManager.cpp:1475[mapPluginCallbacks] Callback sl.pcl:slSetConsts:0x0
[20-03-48][streamline][info][tid:786156][12s:140ms:448us]pluginManager.cpp:1220[processPluginHooks] Plugin 'sl.pcl' has no registered hooks
[20-03-48][streamline][info][tid:786156][12s:140ms:488us]pluginManager.cpp:1468[mapPluginCallbacks] Callback sl.reflex:slSetData:0x7ffd50e2b7f0
[20-03-48][streamline][info][tid:786156][12s:140ms:528us]pluginManager.cpp:1469[mapPluginCallbacks] Callback sl.reflex:slGetData:0x7ffd50e2c150
[20-03-48][streamline][info][tid:786156][12s:140ms:568us]pluginManager.cpp:1470[mapPluginCallbacks] Callback sl.reflex:slAllocateResources:0x0
[20-03-48][streamline][info][tid:786156][12s:140ms:607us]pluginManager.cpp:1471[mapPluginCallbacks] Callback sl.reflex:slFreeResources:0x0
[20-03-48][streamline][info][tid:786156][12s:140ms:649us]pluginManager.cpp:1472[mapPluginCallbacks] Callback sl.reflex:slEvaluateFeature:0x0
[20-03-48][streamline][info][tid:786156][12s:140ms:690us]pluginManager.cpp:1473[mapPluginCallbacks] Callback sl.reflex:slSetTag:0x0
[20-03-48][streamline][info][tid:786156][12s:140ms:732us]pluginManager.cpp:1474[mapPluginCallbacks] Callback sl.reflex:slSetTagForFrame:0x0
[20-03-48][streamline][info][tid:786156][12s:140ms:773us]pluginManager.cpp:1475[mapPluginCallbacks] Callback sl.reflex:slSetConsts:0x0
[20-03-48][streamline][info][tid:786156][12s:140ms:815us]pluginManager.cpp:1220[processPluginHooks] Plugin 'sl.reflex' has no registered hooks
[20-03-48][streamline][info][tid:786156][12s:144ms:061us]sl.cpp:659[operator ()] Upgrading ID3D12Device to use SL proxy ...
[20-03-50][streamline][info][tid:786156][13s:837ms:993us]sl.cpp:679[operator ()] Upgrading IDXGIFactory to use SL proxy ...
[20-03-50][streamline][info][tid:786156][14s:237ms:959us]dxgiFactory.cpp:222[Release] Destroyed DXGIFactory proxy 0x299df71a130 - native factory 0x299dd9f5c60 ref count 6
[20-03-51][streamline][info][tid:786156][14s:986ms:162us]pluginManager.cpp:1171[unloadPlugins] Unloading all plugins ...
[20-03-51][streamline][info][tid:786156][14s:986ms:794us]plugin.cpp:344[onShutdown] Shutting down plugin sl.reflex
[20-03-51][streamline][info][tid:786156][14s:986ms:913us]plugin.cpp:344[onShutdown] Shutting down plugin sl.pcl
[20-03-51][streamline][info][tid:786156][14s:988ms:284us]commonEntry.cpp:1771[slOnPluginShutdown] Shutting down NGX
[20-03-51][streamline][info][tid:786156][15s:158ms:781us]plugin.cpp:344[onShutdown] Shutting down plugin sl.common
[20-03-51][streamline][info][tid:786156][15s:160ms:260us]generic.cpp:327[shutdown] Delayed destroy resource list count 0
