Derived from provider-events.jsonl
image=00000253DC624C70 memory=000002532A7A2250 D3D12=00000253C41A43E0 format=37 extent=854x480 memoryType=1 handle_closed_after_import=true
image=00000253DC6240D0 memory=000002532A7A2610 D3D12=00000253C41A5700 format=37 extent=854x480 memoryType=1 handle_closed_after_import=true
image=00000253F6BD5020 memory=000002532A7A3150 D3D12=00000253C41A4D70 format=100 extent=502x282 memoryType=1 handle_closed_after_import=true
image=00000253F6BD4A50 memory=000002532A7A3330 D3D12=000002532E04EB90 format=103 extent=502x282 memoryType=1 handle_closed_after_import=true
image=00000253F6BD55F0 memory=000002532A7A2430 D3D12=000002532E04E200 format=37 extent=854x480 memoryType=1 handle_closed_after_import=true
image=00000253F6BD5BC0 memory=000002532A7A1CB0 D3D12=000002532E0511D0 format=37 extent=854x480 memoryType=1 handle_closed_after_import=true
image=00000253DD436DE0 memory=0000025329F82B00 D3D12=000002540267A9C0 format=37 extent=854x480 memoryType=1 handle_closed_after_import=true
image=00000253F6BD6D30 memory=0000025329F810C0 D3D12=00000254026812F0 format=37 extent=854x480 memoryType=1 handle_closed_after_import=true
image=00000253DD4350D0 memory=0000025329F82380 D3D12=000002532E051B60 format=100 extent=502x282 memoryType=1 handle_closed_after_import=true
image=00000253DD434530 memory=0000025329F812A0 D3D12=0000025402681C80 format=103 extent=502x282 memoryType=1 handle_closed_after_import=true
image=00000253DD4356A0 memory=0000025329F81660 D3D12=0000025402680960 format=37 extent=854x480 memoryType=1 handle_closed_after_import=true
image=00000253DD436240 memory=0000025329F81A20 D3D12=000002540267F640 format=37 extent=854x480 memoryType=1 handle_closed_after_import=true
image=00000254071D7B50 memory=000002532A0982E0 D3D12=00000253C4238150 format=37 extent=854x480 memoryType=1 handle_closed_after_import=true
image=00000254071D8120 memory=000002532A096C60 D3D12=000002532A201850 format=37 extent=854x480 memoryType=1 handle_closed_after_import=true
image=00000254071D86F0 memory=000002532A095B80 D3D12=0000025407AF8AE0 format=100 extent=502x282 memoryType=1 handle_closed_after_import=true
image=00000253F6BD7300 memory=000002532A095D60 D3D12=0000025407AF64A0 format=103 extent=502x282 memoryType=1 handle_closed_after_import=true
image=00000253F6BD3EB0 memory=000002532A0966C0 D3D12=000002532E04F520 format=37 extent=854x480 memoryType=1 handle_closed_after_import=true
image=00000253F6BD6190 memory=0000025328E15C30 D3D12=000002532E052E80 format=37 extent=854x480 memoryType=1 handle_closed_after_import=true
image=00000253F6BD4480 memory=0000025328E163B0 D3D12=000002532E053810 format=37 extent=854x480 memoryType=1 handle_closed_after_import=true
image=00000253F6BD6760 memory=0000025328E16590 D3D12=000002532E050840 format=37 extent=854x480 memoryType=1 handle_closed_after_import=true
image=0000025407C060C0 memory=0000025326BD54A0 D3D12=000002532E054B30 format=100 extent=502x282 memoryType=1 handle_closed_after_import=true
image=0000025407C06690 memory=0000025326BD5E00 D3D12=000002532E0541A0 format=103 extent=502x282 memoryType=1 handle_closed_after_import=true
image=0000025407C06C60 memory=0000025326BD50E0 D3D12=000002532E0554C0 format=37 extent=854x480 memoryType=1 handle_closed_after_import=true
image=0000025407C07230 memory=0000025326BD5860 D3D12=0000025407AA8A70 format=37 extent=854x480 memoryType=1 handle_closed_after_import=true
realFrameId=1 state=FILLING
PAIR_ID=1 COUNT=2 INDEX=1 ARRAY_SLOT=0 OUTPUT_RESOURCE_ID=000002532E04E200 VkImage=00000253F6BD55F0 STATUS_RESOURCE_ID=00000253DFAB1E00 STATUS_READBACK_ID=00000253DFAB0BE0 INPUT_REAL_RESOURCE_ID=00000253C41A43E0 COMPLETION_ID=2 STATUS_BEFORE=GPU_SNAPSHOT_PENDING
PAIR_ID=1 INDEX=1 EVALUATE_RESULT=0x00000001 NGX_COUNT=2 NGX_INDEX=1 NGX_OUTPUT_RESOURCE_ID=000002532E04E200 NGX_STATUS_RESOURCE_ID=00000253DFAB1E00 GET_COUNT=0x00000001 GET_INDEX=0x00000001 GET_OUTPUT=0x00000001 GET_STATUS=0x00000001
realFrameId=1 deltaMs=0.000000 reset=1 evaluateReset=1 count=2 index=1 result=0x00000001 VkImage=00000253F6BD55F0 ready=1 done=2
PAIR_ID=1 COUNT=2 INDEX=2 ARRAY_SLOT=1 OUTPUT_RESOURCE_ID=000002532E0511D0 VkImage=00000253F6BD5BC0 STATUS_RESOURCE_ID=00000253DFAB14F0 STATUS_READBACK_ID=00000253DFAB2710 INPUT_REAL_RESOURCE_ID=00000253C41A43E0 COMPLETION_ID=2 STATUS_BEFORE=GPU_SNAPSHOT_PENDING
PAIR_ID=1 INDEX=2 EVALUATE_RESULT=0x00000001 NGX_COUNT=2 NGX_INDEX=2 NGX_OUTPUT_RESOURCE_ID=000002532E0511D0 NGX_STATUS_RESOURCE_ID=00000253DFAB14F0 GET_COUNT=0x00000001 GET_INDEX=0x00000001 GET_OUTPUT=0x00000001 GET_STATUS=0x00000001
realFrameId=1 deltaMs=0.000000 reset=1 evaluateReset=0 count=2 index=2 result=0x00000001 VkImage=00000253F6BD5BC0 ready=1 done=2
realFrameId=1 ready=1 completion=2 cpuWait=false
realFrameId=1 state=GENERATING; output submitted by Vulkan worker with GPU timeline wait
realFrameId=2 state=FILLING
PAIR_ID=2 COUNT=2 INDEX=1 ARRAY_SLOT=0 OUTPUT_RESOURCE_ID=0000025402680960 VkImage=00000253DD4356A0 STATUS_RESOURCE_ID=00000253DFBB58B0 STATUS_READBACK_ID=00000254073FC600 INPUT_REAL_RESOURCE_ID=000002540267A9C0 COMPLETION_ID=4 STATUS_BEFORE=GPU_SNAPSHOT_PENDING
PAIR_ID=2 INDEX=1 EVALUATE_RESULT=0x00000001 NGX_COUNT=2 NGX_INDEX=1 NGX_OUTPUT_RESOURCE_ID=0000025402680960 NGX_STATUS_RESOURCE_ID=00000253DFBB58B0 GET_COUNT=0x00000001 GET_INDEX=0x00000001 GET_OUTPUT=0x00000001 GET_STATUS=0x00000001
realFrameId=2 deltaMs=169.597400 reset=0 evaluateReset=0 count=2 index=1 result=0x00000001 VkImage=00000253DD4356A0 ready=3 done=4
PAIR_ID=2 COUNT=2 INDEX=2 ARRAY_SLOT=1 OUTPUT_RESOURCE_ID=000002540267F640 VkImage=00000253DD436240 STATUS_RESOURCE_ID=00000254073FCF10 STATUS_READBACK_ID=00000254073FBCF0 INPUT_REAL_RESOURCE_ID=000002540267A9C0 COMPLETION_ID=4 STATUS_BEFORE=GPU_SNAPSHOT_PENDING
PAIR_ID=2 INDEX=2 EVALUATE_RESULT=0x00000001 NGX_COUNT=2 NGX_INDEX=2 NGX_OUTPUT_RESOURCE_ID=000002540267F640 NGX_STATUS_RESOURCE_ID=00000254073FCF10 GET_COUNT=0x00000001 GET_INDEX=0x00000001 GET_OUTPUT=0x00000001 GET_STATUS=0x00000001
realFrameId=2 deltaMs=169.597400 reset=0 evaluateReset=0 count=2 index=2 result=0x00000001 VkImage=00000253DD436240 ready=3 done=4
realFrameId=2 ready=3 completion=4 cpuWait=false
realFrameId=2 state=GENERATING; output submitted by Vulkan worker with GPU timeline wait
PAIR_ID=1 COUNT=2 INDEX=1 ARRAY_SLOT=0 OUTPUT_RESOURCE_ID=000002532E04E200 STATUS_RESOURCE_ID=00000253DFAB1E00 STATUS_BEFORE=4294967295 STATUS_AFTER_EVALUATE=1 STATUS_AFTER_GROUP=1 COMPLETION_ID=2 COMPLETION_OBSERVED=2 COMPLETION_MODEL=GROUP_ORDERED_COMMAND_LIST STATUS_READ_ERROR=""
PAIR_ID=1 COUNT=2 INDEX=2 ARRAY_SLOT=1 OUTPUT_RESOURCE_ID=000002532E0511D0 STATUS_RESOURCE_ID=00000253DFAB14F0 STATUS_BEFORE=4294967295 STATUS_AFTER_EVALUATE=1 STATUS_AFTER_GROUP=1 COMPLETION_ID=2 COMPLETION_OBSERVED=2 COMPLETION_MODEL=GROUP_ORDERED_COMMAND_LIST STATUS_READ_ERROR=""
realFrameId=1 index=1 count=2 done=2 DLSSG_GPU_ms=1.049600 INPUT_GPU_COPY_ms=0.129696 disable=1 generatedFrames=0
realFrameId=1 index=2 count=2 done=2 DLSSG_GPU_ms=0.016384 INPUT_GPU_COPY_ms=0.129696 disable=1 generatedFrames=0
realFrameId=1 state=FREE
realFrameId=3 state=FILLING
PAIR_ID=3 COUNT=2 INDEX=1 ARRAY_SLOT=0 OUTPUT_RESOURCE_ID=000002532E04E200 VkImage=00000253F6BD55F0 STATUS_RESOURCE_ID=00000253DFAB1E00 STATUS_READBACK_ID=00000253DFAB0BE0 INPUT_REAL_RESOURCE_ID=00000253C41A43E0 COMPLETION_ID=6 STATUS_BEFORE=GPU_SNAPSHOT_PENDING
PAIR_ID=3 INDEX=1 EVALUATE_RESULT=0x00000001 NGX_COUNT=2 NGX_INDEX=1 NGX_OUTPUT_RESOURCE_ID=000002532E04E200 NGX_STATUS_RESOURCE_ID=00000253DFAB1E00 GET_COUNT=0x00000001 GET_INDEX=0x00000001 GET_OUTPUT=0x00000001 GET_STATUS=0x00000001
realFrameId=3 deltaMs=68.431500 reset=0 evaluateReset=0 count=2 index=1 result=0x00000001 VkImage=00000253F6BD55F0 ready=5 done=6
PAIR_ID=3 COUNT=2 INDEX=2 ARRAY_SLOT=1 OUTPUT_RESOURCE_ID=000002532E0511D0 VkImage=00000253F6BD5BC0 STATUS_RESOURCE_ID=00000253DFAB14F0 STATUS_READBACK_ID=00000253DFAB2710 INPUT_REAL_RESOURCE_ID=00000253C41A43E0 COMPLETION_ID=6 STATUS_BEFORE=GPU_SNAPSHOT_PENDING
PAIR_ID=3 INDEX=2 EVALUATE_RESULT=0x00000001 NGX_COUNT=2 NGX_INDEX=2 NGX_OUTPUT_RESOURCE_ID=000002532E0511D0 NGX_STATUS_RESOURCE_ID=00000253DFAB14F0 GET_COUNT=0x00000001 GET_INDEX=0x00000001 GET_OUTPUT=0x00000001 GET_STATUS=0x00000001
realFrameId=3 deltaMs=68.431500 reset=0 evaluateReset=0 count=2 index=2 result=0x00000001 VkImage=00000253F6BD5BC0 ready=5 done=6
realFrameId=3 ready=5 completion=6 cpuWait=false
realFrameId=3 state=GENERATING; output submitted by Vulkan worker with GPU timeline wait
PAIR_ID=2 COUNT=2 INDEX=1 ARRAY_SLOT=0 OUTPUT_RESOURCE_ID=0000025402680960 STATUS_RESOURCE_ID=00000253DFBB58B0 STATUS_BEFORE=4294967295 STATUS_AFTER_EVALUATE=0 STATUS_AFTER_GROUP=0 COMPLETION_ID=4 COMPLETION_OBSERVED=5 COMPLETION_MODEL=GROUP_ORDERED_COMMAND_LIST STATUS_READ_ERROR=""
PAIR_ID=2 COUNT=2 INDEX=2 ARRAY_SLOT=1 OUTPUT_RESOURCE_ID=000002540267F640 STATUS_RESOURCE_ID=00000254073FCF10 STATUS_BEFORE=4294967295 STATUS_AFTER_EVALUATE=4294967295 STATUS_AFTER_GROUP=4294967295 COMPLETION_ID=4 COMPLETION_OBSERVED=5 COMPLETION_MODEL=GROUP_ORDERED_COMMAND_LIST STATUS_READ_ERROR=""
realFrameId=2 index=1 count=2 done=4 DLSSG_GPU_ms=4.984832 INPUT_GPU_COPY_ms=0.135104 disable=0 generatedFrames=1
realFrameId=2 index=2 count=2 done=4 DLSSG_GPU_ms=3.790816 INPUT_GPU_COPY_ms=0.135104 disable=-1 generatedFrames=1
realFrameId=2 state=FREE
PAIR_ID=3 COUNT=2 INDEX=1 ARRAY_SLOT=0 OUTPUT_RESOURCE_ID=000002532E04E200 STATUS_RESOURCE_ID=00000253DFAB1E00 STATUS_BEFORE=4294967295 STATUS_AFTER_EVALUATE=0 STATUS_AFTER_GROUP=0 COMPLETION_ID=6 COMPLETION_OBSERVED=6 COMPLETION_MODEL=GROUP_ORDERED_COMMAND_LIST STATUS_READ_ERROR=""
PAIR_ID=3 COUNT=2 INDEX=2 ARRAY_SLOT=1 OUTPUT_RESOURCE_ID=000002532E0511D0 STATUS_RESOURCE_ID=00000253DFAB14F0 STATUS_BEFORE=4294967295 STATUS_AFTER_EVALUATE=4294967295 STATUS_AFTER_GROUP=4294967295 COMPLETION_ID=6 COMPLETION_OBSERVED=6 COMPLETION_MODEL=GROUP_ORDERED_COMMAND_LIST STATUS_READ_ERROR=""
realFrameId=3 index=1 count=2 done=6 DLSSG_GPU_ms=4.580352 INPUT_GPU_COPY_ms=0.128544 disable=0 generatedFrames=2
realFrameId=3 index=2 count=2 done=6 DLSSG_GPU_ms=5.062656 INPUT_GPU_COPY_ms=0.128544 disable=-1 generatedFrames=2
realFrameId=3 state=FREE
