  % Total    % Received % Xferd  Average Speed  Time    Time    Time   Current
                                 Dload  Upload  Total   Spent   Left   Speed

  0      0   0      0   0      0      0      0                              0
  0      0   0      0   0      0      0      0                              0
  0      0   0      0   0      0      0      0                              0

  0      0   0      0   0      0      0      0                              0
  2 449.0M   2 11.27M   0      0  6.15M      0   01:12   00:01   01:11 11.26M
  4 449.0M   4 19.34M   0      0  6.83M      0   01:05   00:02   01:03  9.66M
  5 449.0M   5 26.68M   0      0  6.95M      0   01:04   00:03   01:01  8.87M
  7 449.0M   7 34.23M   0      0  7.07M      0   01:03   00:04   00:59  8.53M
  9 449.0M   9 41.93M   0      0  7.18M      0   01:02   00:05   00:57  8.36M
 11 449.0M  11 49.91M   0      0  7.29M      0   01:01   00:06   00:55  7.71M
 13 449.0M  13 58.40M   0      0  7.44M      0   01:00   00:07   00:53  7.79M
 14 449.0M  14 66.78M   0      0  7.54M      0   00:59   00:08   00:51  7.99M
 16 449.0M  16 74.78M   0      0  7.59M      0   00:59   00:09   00:50  8.09M
 18 449.0M  18 84.08M   0      0  7.75M      0   00:57   00:10   00:47  8.41M
 20 449.0M  20 94.17M   0      0  7.94M      0   00:56   00:11   00:45  8.83M
 23 449.0M  23 105.4M   0      0  8.20M      0   00:54   00:12   00:42  9.40M
 26 449.0M  26 118.7M   0      0  8.57M      0   00:52   00:13   00:39 10.38M
 28 449.0M  28 127.7M   0      0  8.60M      0   00:52   00:14   00:38 10.59M
 29 449.0M  29 133.3M   0      0  8.41M      0   00:53   00:15   00:38  9.85M
 30 449.0M  30 138.8M   0      0  8.24M      0   00:54   00:16   00:38  8.93M
 32 449.0M  32 144.6M   0      0  8.10M      0   00:55   00:17   00:38  7.83M
 33 449.0M  33 151.5M   0      0  8.03M      0   00:55   00:18   00:37  6.55M
 35 449.0M  35 158.6M   0      0  7.98M      0   00:56   00:19   00:37  6.16M
 36 449.0M  36 165.1M   0      0  7.91M      0   00:56   00:20   00:36  6.34M
 38 449.0M  38 171.1M   0      0  7.83M      0   00:57   00:21   00:36  6.44M
 39 449.0M  39 178.2M   0      0  7.79M      0   00:57   00:22   00:35  6.71M
 41 449.0M  41 186.5M   0      0  7.82M      0   00:57   00:23   00:34  7.00M
 43 449.0M  43 195.9M   0      0  7.87M      0   00:56   00:24   00:32  7.44M
 46 449.0M  46 206.9M   0      0  8.00M      0   00:56   00:25   00:31  8.35M
 49 449.0M  49 220.6M   0      0  8.21M      0   00:54   00:26   00:28  9.87M
 51 449.0M  51 229.8M   0      0  8.25M      0   00:54   00:27   00:27 10.31M
 52 449.0M  52 237.6M   0      0  8.23M      0   00:54   00:28   00:26 10.20M
 54 449.0M  54 244.8M   0      0  8.19M      0   00:54   00:29   00:25  9.77M
 56 449.0M  56 252.4M   0      0  8.18M      0   00:54   00:30   00:24  9.10M
 58 449.0M  58 260.6M   0      0  8.17M      0   00:54   00:31   00:23  7.98M
 59 449.0M  59 268.5M   0      0  8.17M      0   00:54   00:32   00:22  7.72M
 61 449.0M  61 277.4M   0      0  8.19M      0   00:54   00:33   00:21  7.94M
 63 449.0M  63 286.0M   0      0  8.20M      0   00:54   00:34   00:20  8.22M
 65 449.0M  65 294.9M   0      0  8.22M      0   00:54   00:35   00:19  8.46M
 67 449.0M  67 305.0M   0      0  8.27M      0   00:54   00:36   00:18  8.87M
 70 449.0M  70 316.0M   0      0  8.34M      0   00:53   00:37   00:16  9.47M
 73 449.0M  73 328.4M   0      0  8.44M      0   00:53   00:38   00:15 10.18M
 75 449.0M  75 339.7M   0      0  8.52M      0   00:52   00:39   00:13 10.74M
 77 449.0M  77 348.1M   0      0  8.51M      0   00:52   00:40   00:12 10.61M
 79 449.0M  79 356.4M   0      0  8.50M      0   00:52   00:41   00:11 10.25M
 81 449.0M  81 365.2M   0      0  8.51M      0   00:52   00:42   00:10  9.81M
 83 449.0M  83 374.2M   0      0  8.52M      0   00:52   00:43   00:09  9.13M
 85 449.0M  85 383.2M   0      0  8.53M      0   00:52   00:44   00:08  8.68M
 87 449.0M  87 392.9M   0      0  8.56M      0   00:52   00:45   00:07  8.96M
 89 449.0M  89 402.2M   0      0  8.57M      0   00:52   00:46   00:06  9.14M
 91 449.0M  91 412.1M   0      0  8.60M      0   00:52   00:47   00:05  9.36M
 94 449.0M  94 423.3M   0      0  8.65M      0   00:51   00:48   00:03  9.80M
 96 449.0M  96 435.3M   0      0  8.72M      0   00:51   00:49   00:02 10.40M
 99 449.0M  99 448.9M   0      0  8.82M      0   00:50   00:50         11.18M
100 449.0M 100 449.0M   0      0  8.81M      0   00:50   00:50         11.18M
100 449.0M 100 449.0M   0      0  8.81M      0   00:50   00:50         11.18M
100 449.0M 100 449.0M   0      0  8.81M      0   00:50   00:50         11.18M
