BUILD_COUNT=1
-- The CXX compiler identification is MSVC 19.51.36244.0
-- Detecting CXX compiler ABI info
-- Detecting CXX compiler ABI info - failed
-- Check for working CXX compiler: D:/Programs File2/Microsoft Visual Studio/18/Community/VC/Tools/MSVC/14.51.36231/bin/Hostx64/x64/cl.exe
-- Check for working CXX compiler: D:/Programs File2/Microsoft Visual Studio/18/Community/VC/Tools/MSVC/14.51.36231/bin/Hostx64/x64/cl.exe - broken
CMake Error at D:/Programs File2/Microsoft Visual Studio/18/Community/Common7/IDE/CommonExtensions/Microsoft/CMake/CMake/share/cmake-4.2/Modules/CMakeTestCXXCompiler.cmake:73 (message):
  The C++ compiler

    "D:/Programs File2/Microsoft Visual Studio/18/Community/VC/Tools/MSVC/14.51.36231/bin/Hostx64/x64/cl.exe"

  is not able to compile a simple test program.

  It fails with the following output:

    Change Dir: 'D:/ProjectDllsss/experiments/hybrid-mfg-x4/build/CMakeFiles/CMakeScratch/TryCompile-42hrlg'

    Run Build Command(s): "D:/Programs File2/Microsoft Visual Studio/18/Community/Common7/IDE/CommonExtensions/Microsoft/CMake/Ninja/ninja.exe" -v cmTC_0d7c8
    [1/2] "D:\Programs File2\Microsoft Visual Studio\18\Community\VC\Tools\MSVC\14.51.36231\bin\Hostx64\x64\cl.exe"  /nologo /TP -D_MBCS  /DWIN32 /D_WINDOWS /EHsc  /Zi /Ob0 /Od /RTC1 -MDd /showIncludes /FoCMakeFiles\cmTC_0d7c8.dir\testCXXCompiler.cxx.obj /FdCMakeFiles\cmTC_0d7c8.dir\ /FS -c D:\ProjectDllsss\experiments\hybrid-mfg-x4\build\CMakeFiles\CMakeScratch\TryCompile-42hrlg\testCXXCompiler.cxx
    FAILED: [code=2] CMakeFiles/cmTC_0d7c8.dir/testCXXCompiler.cxx.obj
    "D:\Programs File2\Microsoft Visual Studio\18\Community\VC\Tools\MSVC\14.51.36231\bin\Hostx64\x64\cl.exe"  /nologo /TP -D_MBCS  /DWIN32 /D_WINDOWS /EHsc  /Zi /Ob0 /Od /RTC1 -MDd /showIncludes /FoCMakeFiles\cmTC_0d7c8.dir\testCXXCompiler.cxx.obj /FdCMakeFiles\cmTC_0d7c8.dir\ /FS -c D:\ProjectDllsss\experiments\hybrid-mfg-x4\build\CMakeFiles\CMakeScratch\TryCompile-42hrlg\testCXXCompiler.cxx
    D:\ProjectDllsss\experiments\hybrid-mfg-x4\build\CMakeFiles\CMakeScratch\TryCompile-42hrlg\testCXXCompiler.cxx: fatal error C1902: Program database manager mismatch; please check your installation
    ninja: build stopped: subcommand failed.





  CMake will not be able to correctly generate this project.
Call Stack (most recent call first):
  CMakeLists.txt:2 (project)


-- Configuring incomplete, errors occurred!
BUILD_COUNT=2
DIRECT_BUILD_CL_PATH=D:\Programs File2\Microsoft Visual Studio\18\Community\VC\Tools\MSVC\14.51.36231\bin\HostX64\x64\cl.exe
DIRECT_BUILD_LINK_PATH=D:\Programs File2\Microsoft Visual Studio\18\Community\VC\Tools\MSVC\14.51.36231\bin\HostX64\x64\link.exe
CL_ENV_BEFORE=
_CL__ENV_BEFORE=
LINK_ENV_BEFORE=
_LINK__ENV_BEFORE=
CL_ENV_NEUTRALIZED=YES
main.cpp
D:\ProjectDllsss\experiments\hybrid-mfg-x4\HybridInterpolationCS.hlsl(19,19-30): error X3129: warning treated as error
D:\ProjectDllsss\experiments\hybrid-mfg-x4\HybridInterpolationCS.hlsl(19,19-30): error X3203: signed/unsigned mismatch, unsigned assumed
D:\ProjectDllsss\experiments\hybrid-mfg-x4\HybridInterpolationCS.hlsl(19,35-51): error X3203: signed/unsigned mismatch, unsigned assumed

compilation failed; no code produced
