STREAMLINE_HEADER_VERSION=2.12.0
SM86_PROXY_LOADED=YES
SM86_PROXY_ACTIVE=NOT_INDEPENDENTLY_VERIFIED
File 'D:\ProjectDllsss\experiments\streamline-mfg-capability\runtime/sl.common.dll' is signed by NVIDIA and the signature was verified.
File 'D:\ProjectDllsss\experiments\streamline-mfg-capability\runtime/sl.dlss_g.dll' is signed by NVIDIA and the signature was verified.
File 'D:\ProjectDllsss\experiments\streamline-mfg-capability\runtime/sl.pcl.dll' is signed by NVIDIA and the signature was verified.
File 'D:\ProjectDllsss\experiments\streamline-mfg-capability\runtime/sl.reflex.dll' is signed by NVIDIA and the signature was verified.
STREAMLINE_INIT_RESULT=0
HRESULT=0x0
HRESULT=0x0
HRESULT=0x0
GPU_NAME=NVIDIA GeForce RTX 3050 Ti Laptop GPU
VENDOR_ID=4318
DEVICE_ID=9632
ADAPTER_LUID=4c29010000000000
HRESULT=0x0
SET_D3D12_DEVICE_RESULT=0
DLSSG_FEATURE_SUPPORTED_RESULT=6
FAIL_STAGE=FEATURE_SUPPORT
ERROR=DLSSG_FEATURE_SUPPORTED_RESULT failed
WIN32_ERROR=0
LOADED_MODULE=D:\ProjectDllsss\builds\experimental\streamline-mfg-capability\streamline_mfg_capability.exe
LOADED_MODULE=C:\WINDOWS\SYSTEM32\ntdll.dll
LOADED_MODULE=C:\WINDOWS\System32\KERNEL32.DLL
LOADED_MODULE=C:\WINDOWS\System32\KERNELBASE.dll
LOADED_MODULE=C:\WINDOWS\System32\ucrtbase.dll
LOADED_MODULE=C:\WINDOWS\SYSTEM32\d3d12.dll
LOADED_MODULE=C:\WINDOWS\SYSTEM32\VCRUNTIME140.dll
LOADED_MODULE=C:\WINDOWS\SYSTEM32\dxgi.dll
LOADED_MODULE=C:\WINDOWS\SYSTEM32\MSVCP140.dll
LOADED_MODULE=C:\WINDOWS\System32\msvcp_win.dll
LOADED_MODULE=C:\WINDOWS\System32\win32u.dll
LOADED_MODULE=C:\WINDOWS\SYSTEM32\VCRUNTIME140_1.dll
LOADED_MODULE=C:\WINDOWS\SYSTEM32\powrprof.dll
LOADED_MODULE=C:\WINDOWS\System32\RPCRT4.dll
LOADED_MODULE=C:\WINDOWS\SYSTEM32\UMPDC.dll
LOADED_MODULE=C:\WINDOWS\System32\gdi32.dll
LOADED_MODULE=C:\WINDOWS\System32\gdi32full.dll
LOADED_MODULE=C:\WINDOWS\System32\USER32.dll
LOADED_MODULE=C:\WINDOWS\System32\IMM32.DLL
LOADED_MODULE=D:\ProjectDllsss\experiments\streamline-mfg-capability\runtime\component\version.dll
LOADED_MODULE=C:\WINDOWS\SYSTEM32\bcrypt.dll
LOADED_MODULE=C:\WINDOWS\System32\sechost.dll
LOADED_MODULE=C:\WINDOWS\system32\version.dll
LOADED_MODULE=C:\WINDOWS\System32\msvcrt.dll
LOADED_MODULE=D:\ProjectDllsss\experiments\streamline-mfg-capability\runtime\sl.interposer.dll
LOADED_MODULE=C:\WINDOWS\System32\ADVAPI32.dll
LOADED_MODULE=C:\WINDOWS\System32\SHELL32.dll
LOADED_MODULE=C:\WINDOWS\System32\ole32.dll
LOADED_MODULE=C:\WINDOWS\System32\combase.dll
LOADED_MODULE=C:\WINDOWS\SYSTEM32\dbghelp.dll
LOADED_MODULE=C:\WINDOWS\System32\OLEAUT32.dll
LOADED_MODULE=C:\WINDOWS\SYSTEM32\dbgcore.DLL
LOADED_MODULE=C:\WINDOWS\SYSTEM32\kernel.appcore.dll
LOADED_MODULE=C:\WINDOWS\SYSTEM32\windows.storage.dll
LOADED_MODULE=C:\WINDOWS\System32\SHCORE.dll
LOADED_MODULE=C:\WINDOWS\System32\shlwapi.dll
LOADED_MODULE=C:\WINDOWS\SYSTEM32\profapi.dll
LOADED_MODULE=C:\WINDOWS\SYSTEM32\msasn1.dll
LOADED_MODULE=C:\WINDOWS\SYSTEM32\cryptnet.dll
LOADED_MODULE=C:\WINDOWS\System32\CRYPT32.dll
LOADED_MODULE=C:\WINDOWS\SYSTEM32\drvstore.dll
LOADED_MODULE=C:\WINDOWS\SYSTEM32\devobj.dll
LOADED_MODULE=C:\WINDOWS\SYSTEM32\cfgmgr32.dll
LOADED_MODULE=C:\WINDOWS\SYSTEM32\wldp.dll
LOADED_MODULE=C:\WINDOWS\SYSTEM32\cryptbase.dll
LOADED_MODULE=C:\WINDOWS\SYSTEM32\nvapi64.dll
LOADED_MODULE=C:\WINDOWS\System32\SETUPAPI.dll
LOADED_MODULE=C:\WINDOWS\SYSTEM32\dxcore.dll
LOADED_MODULE=C:\WINDOWS\System32\wintrust.dll
LOADED_MODULE=C:\WINDOWS\SYSTEM32\CRYPTSP.dll
LOADED_MODULE=C:\WINDOWS\system32\rsaenh.dll
LOADED_MODULE=C:\WINDOWS\System32\bcryptPrimitives.dll
LOADED_MODULE=C:\WINDOWS\System32\imagehlp.dll
LOADED_MODULE=C:\WINDOWS\SYSTEM32\gpapi.dll
LOADED_MODULE=C:\WINDOWS\SYSTEM32\IPHLPAPI.DLL
LOADED_MODULE=C:\WINDOWS\SYSTEM32\WINNSI.DLL
LOADED_MODULE=C:\WINDOWS\System32\NSI.dll
LOADED_MODULE=D:\ProjectDllsss\experiments\streamline-mfg-capability\runtime\sl.common.dll
LOADED_MODULE=C:\WINDOWS\SYSTEM32\directxdatabasehelper.dll
LOADED_MODULE=C:\WINDOWS\System32\DriverStore\FileRepository\nvlti.inf_amd64_af02d12a5c2283af\_nvngx.dll
LOADED_MODULE=D:\ProjectDllsss\experiments\streamline-mfg-capability\runtime\sl.pcl.dll
LOADED_MODULE=D:\ProjectDllsss\experiments\streamline-mfg-capability\runtime\sl.reflex.dll
LOADED_MODULE=C:\WINDOWS\SYSTEM32\D3D12Core.dll
LOADED_MODULE=C:\WINDOWS\System32\DriverStore\FileRepository\nvlti.inf_amd64_af02d12a5c2283af\nvldumdx.dll
LOADED_MODULE=C:\WINDOWS\System32\DriverStore\FileRepository\nvlti.inf_amd64_af02d12a5c2283af\nvgpucomp64.dll
LOADED_MODULE=C:\WINDOWS\System32\DriverStore\FileRepository\nvlti.inf_amd64_af02d12a5c2283af\NvMemMapStoragex.dll
LOADED_MODULE=C:\WINDOWS\SYSTEM32\WINMM.dll
LOADED_MODULE=C:\WINDOWS\System32\DriverStore\FileRepository\nvlti.inf_amd64_af02d12a5c2283af\nvwgf2umx.dll
LOADED_MODULE=C:\WINDOWS\system32\nvspcap64.dll
LOADED_MODULE=C:\WINDOWS\SYSTEM32\ntmarta.dll
LOADED_MODULE=C:\WINDOWS\system32\uxtheme.dll
LOADED_MODULE=C:\WINDOWS\System32\DriverStore\FileRepository\nvlti.inf_amd64_af02d12a5c2283af\nvppex.dll
LOADED_MODULE=C:\WINDOWS\SYSTEM32\D3DSCache.dll
LOADED_MODULE=C:\WINDOWS\SYSTEM32\USERENV.dll
STREAMLINE_SHUTDOWN_RESULT=0
